<?xml version="1.0" encoding="utf-8"?>
<TestRun id="15be3e03-d067-4a22-9215-02a6ea76bbfc" name="runneradmin@fv-az8-874 2022-01-20 19:01:52" runUser="fv-az8-874\runneradmin" xmlns="http://microsoft.com/schemas/VisualStudio/TeamTest/2010">
  <Times creation="2022-01-20T19:01:52.3986866+00:00" queuing="2022-01-20T19:01:52.3986869+00:00" start="2022-01-20T19:01:48.8876523+00:00" finish="2022-01-20T19:01:54.9727400+00:00" />
  <TestSettings name="default" id="17595d49-5b4c-487d-8f28-525f36cd3f15">
    <Deployment runDeploymentRoot="runneradmin_fv-az8-874_2022-01-20_19_01_52" />
  </TestSettings>
  <Results>
    <UnitTestResult executionId="48e10b98-2ed0-495a-b518-2a7dc93d28c6" testId="19223079-ea41-5691-855c-970af1a1e611" testName="UnitTests.Services.ItemServiceTests.GetItemsPage_GetsPages(page: 1, pageSize: 10, descending: False, expectedPages: 3, returnedPage: 1)" computerName="fv-az8-874" duration="00:00:00.0030000" startTime="2022-01-20T19:01:52.4897744+00:00" endTime="2022-01-20T19:01:52.4897744+00:00" testType="13cdc9d9-ddb5-4fa4-a97d-d965ccfc6d4b" outcome="Passed" testListId="8c84fa94-04c1-424b-9868-57a2d4851a1d" relativeResultsDirectory="48e10b98-2ed0-495a-b518-2a7dc93d28c6" />
    <UnitTestResult executionId="d250bc37-e379-4045-afbd-d1639e510250" testId="0f141a30-05bd-f4ed-a627-d40adca6b3ca" testName="UnitTests.Services.ItemServiceTests.GetItemsPage_GetsPages(page: 4, pageSize: 10, descending: False, expectedPages: 3, returnedPage: 3)" computerName="fv-az8-874" duration="00:00:00.0030000" startTime="2022-01-20T19:01:52.4927737+00:00" endTime="2022-01-20T19:01:52.4927737+00:00" testType="13cdc9d9-ddb5-4fa4-a97d-d965ccfc6d4b" outcome="Passed" testListId="8c84fa94-04c1-424b-9868-57a2d4851a1d" relativeResultsDirectory="d250bc37-e379-4045-afbd-d1639e510250" />
    <UnitTestResult executionId="2a683499-72f8-4ff9-b683-6a070f435244" testId="ac2a99ba-3563-74a9-7d4c-8e91a58cd097" testName="UnitTests.Data.ModuleDbContextTests.DefaultConstructorThrows" computerName="fv-az8-874" duration="00:00:00.0070000" startTime="2022-01-20T19:01:52.4187737+00:00" endTime="2022-01-20T19:01:52.4187737+00:00" testType="13cdc9d9-ddb5-4fa4-a97d-d965ccfc6d4b" outcome="Passed" testListId="8c84fa94-04c1-424b-9868-57a2d4851a1d" relativeResultsDirectory="2a683499-72f8-4ff9-b683-6a070f435244" />
    <UnitTestResult executionId="540d9b4c-b0be-4162-a3e3-90a262ab0dd7" testId="3cbfa5d3-e0f6-eff8-ed5c-556fa1f3e131" testName="UnitTests.Services.ItemServiceTests.UpdateItem_NoName_Throws(name: &quot;&quot;)" computerName="fv-az8-874" duration="00:00:00.0010000" startTime="2022-01-20T19:01:52.5247770+00:00" endTime="2022-01-20T19:01:52.5247770+00:00" testType="13cdc9d9-ddb5-4fa4-a97d-d965ccfc6d4b" outcome="Passed" testListId="8c84fa94-04c1-424b-9868-57a2d4851a1d" relativeResultsDirectory="540d9b4c-b0be-4162-a3e3-90a262ab0dd7" />
    <UnitTestResult executionId="63854288-1bc2-4201-b058-1203829db0da" testId="e6610648-e456-1c64-d2b1-7e1242b871a8" testName="UnitTests.Services.ItemServiceTests.DeleteItem_Deletes" computerName="fv-az8-874" duration="00:00:00.0010000" startTime="2022-01-20T19:01:52.5527739+00:00" endTime="2022-01-20T19:01:52.5527739+00:00" testType="13cdc9d9-ddb5-4fa4-a97d-d965ccfc6d4b" outcome="Passed" testListId="8c84fa94-04c1-424b-9868-57a2d4851a1d" relativeResultsDirectory="63854288-1bc2-4201-b058-1203829db0da" />
    <UnitTestResult executionId="5f9d1626-18d8-4229-986c-6f51e9f2909b" testId="44b00d3a-bad7-aefd-141c-4a35b11463b2" testName="UnitTests.Data.Repositories.GenericRepositoryTests.Repository_Update_DefaultAudit" computerName="fv-az8-874" duration="00:00:00.0090000" startTime="2022-01-20T19:01:54.7525197+00:00" endTime="2022-01-20T19:01:54.7525197+00:00" testType="13cdc9d9-ddb5-4fa4-a97d-d965ccfc6d4b" outcome="Passed" testListId="8c84fa94-04c1-424b-9868-57a2d4851a1d" relativeResultsDirectory="5f9d1626-18d8-4229-986c-6f51e9f2909b" />
    <UnitTestResult executionId="32336865-f6c5-4c56-8e81-d6f8a1e68c24" testId="4fe0dd0f-2fa0-9c42-e816-a6df28150b72" testName="UnitTests.Data.Repositories.GenericRepositoryTests.GenericRepositoryGetsAll(iterations: 0)" computerName="fv-az8-874" duration="00:00:00.0070000" startTime="2022-01-20T19:01:54.6915129+00:00" endTime="2022-01-20T19:01:54.6915129+00:00" testType="13cdc9d9-ddb5-4fa4-a97d-d965ccfc6d4b" outcome="Passed" testListId="8c84fa94-04c1-424b-9868-57a2d4851a1d" relativeResultsDirectory="32336865-f6c5-4c56-8e81-d6f8a1e68c24" />
    <UnitTestResult executionId="a4f26f49-e83d-4524-a3fb-7b39e6719473" testId="61a8ccc9-c5b1-047b-3c97-f777ccc7d30b" testName="UnitTests.Controllers.ValidateModelAttributeTests.OnActionExecuting_Invalid_Works" computerName="fv-az8-874" duration="00:00:00.5890000" startTime="2022-01-20T19:01:52.3497732+00:00" endTime="2022-01-20T19:01:52.3497732+00:00" testType="13cdc9d9-ddb5-4fa4-a97d-d965ccfc6d4b" outcome="Passed" testListId="8c84fa94-04c1-424b-9868-57a2d4851a1d" relativeResultsDirectory="a4f26f49-e83d-4524-a3fb-7b39e6719473" />
    <UnitTestResult executionId="bd4d5c65-c6e9-4e84-987f-f62c0b5f6bae" testId="0bc54975-0bff-692e-a9b3-fc69f2c95a39" testName="UnitTests.Data.Repositories.GenericRepositoryTests.GenericRepositoryDeletes" computerName="fv-az8-874" duration="00:00:03.5180000" startTime="2022-01-20T19:01:54.5712836+00:00" endTime="2022-01-20T19:01:54.5712836+00:00" testType="13cdc9d9-ddb5-4fa4-a97d-d965ccfc6d4b" outcome="Passed" testListId="8c84fa94-04c1-424b-9868-57a2d4851a1d" relativeResultsDirectory="bd4d5c65-c6e9-4e84-987f-f62c0b5f6bae" />
    <UnitTestResult executionId="aab6b907-eb63-4cf8-83ec-4a7cde853deb" testId="478b61ee-7d85-9dbe-985d-08c590f8666a" testName="UnitTests.Controllers.ItemControllerTests.DeleteItem_Deletes(itemId: 1)" computerName="fv-az8-874" duration="00:00:00.0010000" startTime="2022-01-20T19:01:52.5973641+00:00" endTime="2022-01-20T19:01:52.5973641+00:00" testType="13cdc9d9-ddb5-4fa4-a97d-d965ccfc6d4b" outcome="Passed" testListId="8c84fa94-04c1-424b-9868-57a2d4851a1d" relativeResultsDirectory="aab6b907-eb63-4cf8-83ec-4a7cde853deb" />
    <UnitTestResult executionId="d8156de7-c7cb-4553-998b-88a122735943" testId="986d7e6e-d04d-b204-b01c-fbb8f09c7774" testName="UnitTests.Controllers.ServiceRouteMapperTests.RegisterRoutes_RegistersAtLestOneRoute" computerName="fv-az8-874" duration="00:00:00.1930000" startTime="2022-01-20T19:01:51.7357630+00:00" endTime="2022-01-20T19:01:51.7357630+00:00" testType="13cdc9d9-ddb5-4fa4-a97d-d965ccfc6d4b" outcome="Passed" testListId="8c84fa94-04c1-424b-9868-57a2d4851a1d" relativeResultsDirectory="d8156de7-c7cb-4553-998b-88a122735943" />
    <UnitTestResult executionId="62522f58-caae-4225-8f60-b4a24658666c" testId="2d3a68b5-bf4c-0513-b733-5ed612794244" testName="UnitTests.EntensionMethodTests.IQueryable_GetPage_EmptyDoesNotThrow" computerName="fv-az8-874" duration="00:00:00.0120000" startTime="2022-01-20T19:01:54.8685268+00:00" endTime="2022-01-20T19:01:54.8685268+00:00" testType="13cdc9d9-ddb5-4fa4-a97d-d965ccfc6d4b" outcome="Passed" testListId="8c84fa94-04c1-424b-9868-57a2d4851a1d" relativeResultsDirectory="62522f58-caae-4225-8f60-b4a24658666c" />
    <UnitTestResult executionId="a3e1c5cc-30a0-41a3-b0e1-6a8c5b76b3f6" testId="0864c31d-6119-84d6-7f52-9d349dabbe84" testName="UnitTests.Services.ItemServiceTests.GetItemsPage_GetsPages(page: 0, pageSize: 0, descending: True, expectedPages: 30, returnedPage: 1)" computerName="fv-az8-874" duration="00:00:00.0640000" startTime="2022-01-20T19:01:52.4827729+00:00" endTime="2022-01-20T19:01:52.4827729+00:00" testType="13cdc9d9-ddb5-4fa4-a97d-d965ccfc6d4b" outcome="Passed" testListId="8c84fa94-04c1-424b-9868-57a2d4851a1d" relativeResultsDirectory="a3e1c5cc-30a0-41a3-b0e1-6a8c5b76b3f6" />
    <UnitTestResult executionId="117917a8-f8d8-495b-bb28-cb03f1bd70ad" testId="0dc5a512-bfd0-bc80-f676-16e6d961ec4d" testName="UnitTests.EntensionMethodTests.IQueryable_IsOrdered_Works(ordered: False, descending: False, lastOrder: True)" computerName="fv-az8-874" duration="00:00:00.0070000" startTime="2022-01-20T19:01:54.8565283+00:00" endTime="2022-01-20T19:01:54.8565283+00:00" testType="13cdc9d9-ddb5-4fa4-a97d-d965ccfc6d4b" outcome="Passed" testListId="8c84fa94-04c1-424b-9868-57a2d4851a1d" relativeResultsDirectory="117917a8-f8d8-495b-bb28-cb03f1bd70ad" />
    <UnitTestResult executionId="9e941864-80e0-4680-941f-bc9ce989a6bf" testId="7e661283-b2b2-d632-266b-6af1f3374c08" testName="UnitTests.EntensionMethodTests.IQueryable_GetPage_PagesProperly(count: 21, page: 1, pageSize: 10, expedtedPages: 3, expectedItems: 10, firstId: 21, descending: True)" computerName="fv-az8-874" duration="00:00:00.0650000" startTime="2022-01-20T19:01:54.7875212+00:00" endTime="2022-01-20T19:01:54.7875212+00:00" testType="13cdc9d9-ddb5-4fa4-a97d-d965ccfc6d4b" outcome="Passed" testListId="8c84fa94-04c1-424b-9868-57a2d4851a1d" relativeResultsDirectory="9e941864-80e0-4680-941f-bc9ce989a6bf" />
    <UnitTestResult executionId="6f5a0081-327e-4105-9c44-f9f6ec05b4ef" testId="d16880d7-fb44-f209-43d9-ba2e0e1875de" testName="UnitTests.Data.Repositories.GenericRepositoryTests.GenericRepositoryGetsAll(iterations: 1)" computerName="fv-az8-874" duration="00:00:00.0090000" startTime="2022-01-20T19:01:54.7435160+00:00" endTime="2022-01-20T19:01:54.7435160+00:00" testType="13cdc9d9-ddb5-4fa4-a97d-d965ccfc6d4b" outcome="Passed" testListId="8c84fa94-04c1-424b-9868-57a2d4851a1d" relativeResultsDirectory="6f5a0081-327e-4105-9c44-f9f6ec05b4ef" />
    <UnitTestResult executionId="3a1a18d5-c9ff-4245-8c1a-55163b197838" testId="f46af852-6230-3d31-e31c-2959bffd491f" testName="UnitTests.EntensionMethodTests.IQueryable_IsOrdered_Works(ordered: True, descending: True, lastOrder: True)" computerName="fv-az8-874" duration="00:00:00.0130000" startTime="2022-01-20T19:01:54.8345273+00:00" endTime="2022-01-20T19:01:54.8345273+00:00" testType="13cdc9d9-ddb5-4fa4-a97d-d965ccfc6d4b" outcome="Passed" testListId="8c84fa94-04c1-424b-9868-57a2d4851a1d" relativeResultsDirectory="3a1a18d5-c9ff-4245-8c1a-55163b197838" />
    <UnitTestResult executionId="db6f62a5-c54f-4e92-b9e8-177c708615ea" testId="8ba31d1b-48e3-e04e-cff0-b927c63b4a19" testName="UnitTests.Services.LoggingServiceTests.LoggingService_DefaultConstructorExists" computerName="fv-az8-874" duration="00:00:00.1830000" startTime="2022-01-20T19:01:51.2381677+00:00" endTime="2022-01-20T19:01:51.2381677+00:00" testType="13cdc9d9-ddb5-4fa4-a97d-d965ccfc6d4b" outcome="Passed" testListId="8c84fa94-04c1-424b-9868-57a2d4851a1d" relativeResultsDirectory="db6f62a5-c54f-4e92-b9e8-177c708615ea" />
    <UnitTestResult executionId="e9203c7d-22d9-4bf3-bd6f-3ef5589b779a" testId="d15ea2a7-9f9f-b92b-50fa-470898da705d" testName="UnitTests.Data.Repositories.GenericRepositoryTests.GenericRepositoryGetsAll(iterations: 3)" computerName="fv-az8-874" duration="00:00:00.0140000" startTime="2022-01-20T19:01:54.7415159+00:00" endTime="2022-01-20T19:01:54.7415159+00:00" testType="13cdc9d9-ddb5-4fa4-a97d-d965ccfc6d4b" outcome="Passed" testListId="8c84fa94-04c1-424b-9868-57a2d4851a1d" relativeResultsDirectory="e9203c7d-22d9-4bf3-bd6f-3ef5589b779a" />
    <UnitTestResult executionId="ab4ef51d-4fbc-486c-a21c-305b86c8d62d" testId="572fc310-4b67-9555-f147-153d39f2eb82" testName="UnitTests.Data.Entities.ItemTests.ItemConstructsProperly" computerName="fv-az8-874" duration="00:00:00.0010000" startTime="2022-01-20T19:01:52.6033629+00:00" endTime="2022-01-20T19:01:52.6033629+00:00" testType="13cdc9d9-ddb5-4fa4-a97d-d965ccfc6d4b" outcome="Passed" testListId="8c84fa94-04c1-424b-9868-57a2d4851a1d" relativeResultsDirectory="ab4ef51d-4fbc-486c-a21c-305b86c8d62d" />
    <UnitTestResult executionId="c9200130-9477-4d8e-9462-232dc9bc7b91" testId="b80893de-3e2d-6029-ec19-65c03fd119c3" testName="UnitTests.EntensionMethodTests.IQueryable_IsOrdered_Works(ordered: False, descending: True, lastOrder: False)" computerName="fv-az8-874" duration="00:00:00.0080000" startTime="2022-01-20T19:01:54.8045240+00:00" endTime="2022-01-20T19:01:54.8045240+00:00" testType="13cdc9d9-ddb5-4fa4-a97d-d965ccfc6d4b" outcome="Passed" testListId="8c84fa94-04c1-424b-9868-57a2d4851a1d" relativeResultsDirectory="c9200130-9477-4d8e-9462-232dc9bc7b91" />
    <UnitTestResult executionId="d93ce543-971c-4ef2-97ab-b59579508616" testId="73fc5149-51d6-8241-9c9f-f48c28e448e3" testName="UnitTests.EntensionMethodTests.IQueryable_IsOrdered_ThrowsWithNull" computerName="fv-az8-874" duration="00:00:00.0010000" startTime="2022-01-20T19:01:54.8705288+00:00" endTime="2022-01-20T19:01:54.8705288+00:00" testType="13cdc9d9-ddb5-4fa4-a97d-d965ccfc6d4b" outcome="Passed" testListId="8c84fa94-04c1-424b-9868-57a2d4851a1d" relativeResultsDirectory="d93ce543-971c-4ef2-97ab-b59579508616" />
    <UnitTestResult executionId="7eb94c3d-9712-42de-b31e-3aa52480b15c" testId="6f0b47a1-9d18-a5d8-8dd1-c8f266712c15" testName="UnitTests.EntensionMethodTests.IQueryable_IsOrdered_Works(ordered: True, descending: True, lastOrder: False)" computerName="fv-az8-874" duration="00:00:00.0080000" startTime="2022-01-20T19:01:54.8125212+00:00" endTime="2022-01-20T19:01:54.8125212+00:00" testType="13cdc9d9-ddb5-4fa4-a97d-d965ccfc6d4b" outcome="Passed" testListId="8c84fa94-04c1-424b-9868-57a2d4851a1d" relativeResultsDirectory="7eb94c3d-9712-42de-b31e-3aa52480b15c" />
    <UnitTestResult executionId="5c66a383-0894-4369-a0f7-2c86ece15166" testId="5f92ec4d-d570-0452-b891-d4cee75db9dd" testName="UnitTests.Controllers.ModuleApiControllerTests.CanEdit_Set_Throws" computerName="fv-az8-874" duration="00:00:00.0020000" startTime="2022-01-20T19:01:52.3517723+00:00" endTime="2022-01-20T19:01:52.3517723+00:00" testType="13cdc9d9-ddb5-4fa4-a97d-d965ccfc6d4b" outcome="Passed" testListId="8c84fa94-04c1-424b-9868-57a2d4851a1d" relativeResultsDirectory="5c66a383-0894-4369-a0f7-2c86ece15166" />
    <UnitTestResult executionId="927a181b-9f23-4fe0-a373-6bb0e783c133" testId="2aef35a8-73ad-0c03-c8a4-2b5a1d37af8f" testName="UnitTests.EntensionMethodTests.IQueryable_IsOrdered_Works(ordered: False, descending: False, lastOrder: False)" computerName="fv-az8-874" duration="00:00:00.0130000" startTime="2022-01-20T19:01:54.7975231+00:00" endTime="2022-01-20T19:01:54.7975231+00:00" testType="13cdc9d9-ddb5-4fa4-a97d-d965ccfc6d4b" outcome="Passed" testListId="8c84fa94-04c1-424b-9868-57a2d4851a1d" relativeResultsDirectory="927a181b-9f23-4fe0-a373-6bb0e783c133" />
    <UnitTestResult executionId="fc800b66-7a5f-4794-8a7d-f80937533fda" testId="e1c7f76f-6195-c844-23c0-304b47fbae66" testName="UnitTests.Data.Repositories.GenericRepositoryTests.Repository_Create_UsesUserId" computerName="fv-az8-874" duration="00:00:00.0080000" startTime="2022-01-20T19:01:54.5822846+00:00" endTime="2022-01-20T19:01:54.5822846+00:00" testType="13cdc9d9-ddb5-4fa4-a97d-d965ccfc6d4b" outcome="Passed" testListId="8c84fa94-04c1-424b-9868-57a2d4851a1d" relativeResultsDirectory="fc800b66-7a5f-4794-8a7d-f80937533fda" />
    <UnitTestResult executionId="382e13cc-e2cb-4816-a842-c696e81e9863" testId="f5652070-1b22-f5a7-3f3f-68b37c9184a8" testName="UnitTests.Services.ItemServiceTests.CreateItem_NoItemThrows" computerName="fv-az8-874" duration="00:00:00.0010000" startTime="2022-01-20T19:01:52.5497745+00:00" endTime="2022-01-20T19:01:52.5497745+00:00" testType="13cdc9d9-ddb5-4fa4-a97d-d965ccfc6d4b" outcome="Passed" testListId="8c84fa94-04c1-424b-9868-57a2d4851a1d" relativeResultsDirectory="382e13cc-e2cb-4816-a842-c696e81e9863" />
    <UnitTestResult executionId="b7ee6195-2197-4df3-a67c-fb080c274bef" testId="a9198ad3-782e-a37c-0b5f-1330f5318f55" testName="UnitTests.Services.ItemServiceTests.CreateItem_Creates" computerName="fv-az8-874" duration="00:00:00.0070000" startTime="2022-01-20T19:01:52.5617736+00:00" endTime="2022-01-20T19:01:52.5617736+00:00" testType="13cdc9d9-ddb5-4fa4-a97d-d965ccfc6d4b" outcome="Passed" testListId="8c84fa94-04c1-424b-9868-57a2d4851a1d" relativeResultsDirectory="b7ee6195-2197-4df3-a67c-fb080c274bef" />
    <UnitTestResult executionId="902bb375-2a06-4d7d-af81-61bec487506c" testId="130d9133-361f-a0da-f15e-423eb98947ac" testName="UnitTests.Services.ItemServiceTests.UpdateItem_Updates" computerName="fv-az8-874" duration="00:00:00.0280000" startTime="2022-01-20T19:01:52.5477747+00:00" endTime="2022-01-20T19:01:52.5477747+00:00" testType="13cdc9d9-ddb5-4fa4-a97d-d965ccfc6d4b" outcome="Passed" testListId="8c84fa94-04c1-424b-9868-57a2d4851a1d" relativeResultsDirectory="902bb375-2a06-4d7d-af81-61bec487506c" />
    <UnitTestResult executionId="b2c04daa-1d96-4de0-b7d6-e4a24ee31c3a" testId="315adde5-f36d-a74f-aa46-fb22a0f78cd9" testName="UnitTests.Controllers.ItemControllerTests.UpdateItem_Updates" computerName="fv-az8-874" duration="00:00:00.0030000" startTime="2022-01-20T19:01:52.5933628+00:00" endTime="2022-01-20T19:01:52.5933628+00:00" testType="13cdc9d9-ddb5-4fa4-a97d-d965ccfc6d4b" outcome="Passed" testListId="8c84fa94-04c1-424b-9868-57a2d4851a1d" relativeResultsDirectory="b2c04daa-1d96-4de0-b7d6-e4a24ee31c3a" />
    <UnitTestResult executionId="9cab78f2-8656-4802-859e-ed6d5d47b198" testId="ffe5c770-9b99-42c0-ce21-7e50cccf4385" testName="UnitTests.Data.Repositories.GenericRepositoryTests.GenericRepositoryGetsAll(iterations: 2)" computerName="fv-az8-874" duration="00:00:00.0110000" startTime="2022-01-20T19:01:54.6845117+00:00" endTime="2022-01-20T19:01:54.6845117+00:00" testType="13cdc9d9-ddb5-4fa4-a97d-d965ccfc6d4b" outcome="Passed" testListId="8c84fa94-04c1-424b-9868-57a2d4851a1d" relativeResultsDirectory="9cab78f2-8656-4802-859e-ed6d5d47b198" />
    <UnitTestResult executionId="38f00cb5-f2ea-4144-8d25-d145320dfb14" testId="2695f427-ed7b-9f97-5696-f97a7702128c" testName="UnitTests.EntensionMethodTests.IQueryable_GetPage_PagesProperly(count: 20, page: 2, pageSize: 10, expedtedPages: 2, expectedItems: 10, firstId: 11, descending: False)" computerName="fv-az8-874" duration="00:00:01.9850000" startTime="2022-01-20T19:01:54.5832844+00:00" endTime="2022-01-20T19:01:54.5832844+00:00" testType="13cdc9d9-ddb5-4fa4-a97d-d965ccfc6d4b" outcome="Passed" testListId="8c84fa94-04c1-424b-9868-57a2d4851a1d" relativeResultsDirectory="38f00cb5-f2ea-4144-8d25-d145320dfb14" />
    <UnitTestResult executionId="93e9be43-90f3-493d-9f8b-dd201b1346c5" testId="3140ebc5-2430-06b3-4257-a6794b9b09ac" testName="UnitTests.EntensionMethodTests.IQueryable_IsOrdered_Works(ordered: True, descending: False, lastOrder: True)" computerName="fv-az8-874" duration="00:00:00.0080000" startTime="2022-01-20T19:01:54.8425278+00:00" endTime="2022-01-20T19:01:54.8425278+00:00" testType="13cdc9d9-ddb5-4fa4-a97d-d965ccfc6d4b" outcome="Passed" testListId="8c84fa94-04c1-424b-9868-57a2d4851a1d" relativeResultsDirectory="93e9be43-90f3-493d-9f8b-dd201b1346c5" />
    <UnitTestResult executionId="1cac538d-be8c-40c0-87d0-56ef4dc96d85" testId="36689490-09d4-917f-648a-70dcfcfede10" testName="UnitTests.Data.Repositories.GenericRepositoryTests.GenericRepositoryCreate_ThrowsWithNullEntity" computerName="fv-az8-874" duration="00:00:00.0010000" startTime="2022-01-20T19:01:54.5982865+00:00" endTime="2022-01-20T19:01:54.5982865+00:00" testType="13cdc9d9-ddb5-4fa4-a97d-d965ccfc6d4b" outcome="Passed" testListId="8c84fa94-04c1-424b-9868-57a2d4851a1d" relativeResultsDirectory="1cac538d-be8c-40c0-87d0-56ef4dc96d85" />
    <UnitTestResult executionId="8d391cfa-923a-4779-adf9-fb4b717a0bc4" testId="a21637b0-54f8-4fa0-bc3b-95481a9fd90b" testName="UnitTests.Controllers.ModuleExceptionFilterAttributeTests.ArgumentException_BadRequest(exception: System.TimeoutException: Timed out, expectedStatusCode: RequestTimeout)" computerName="fv-az8-874" duration="00:00:00.0010000" startTime="2022-01-20T19:01:52.4027728+00:00" endTime="2022-01-20T19:01:52.4027728+00:00" testType="13cdc9d9-ddb5-4fa4-a97d-d965ccfc6d4b" outcome="Passed" testListId="8c84fa94-04c1-424b-9868-57a2d4851a1d" relativeResultsDirectory="8d391cfa-923a-4779-adf9-fb4b717a0bc4" />
    <UnitTestResult executionId="b301e843-3d3b-4d56-b861-7c8b713473ec" testId="0ebf358f-9eac-9438-b418-9c6aa81a6377" testName="UnitTests.Data.Repositories.GenericRepositoryTests.Repository_Update_UsesuserId" computerName="fv-az8-874" duration="00:00:00.0430000" startTime="2022-01-20T19:01:54.6395074+00:00" endTime="2022-01-20T19:01:54.6395074+00:00" testType="13cdc9d9-ddb5-4fa4-a97d-d965ccfc6d4b" outcome="Passed" testListId="8c84fa94-04c1-424b-9868-57a2d4851a1d" relativeResultsDirectory="b301e843-3d3b-4d56-b861-7c8b713473ec" />
    <UnitTestResult executionId="b492bb59-393b-4828-a2f7-ab5e25e27cf3" testId="392ed628-2028-c945-b97e-893658a1e82b" testName="UnitTests.Data.Entities.ItemTests.ItemPropertiesPersist(id: 1, name: &quot;Name1&quot;, description: &quot;Description1&quot;)" computerName="fv-az8-874" duration="00:00:00.0010000" startTime="2022-01-20T19:01:52.6003624+00:00" endTime="2022-01-20T19:01:52.6003624+00:00" testType="13cdc9d9-ddb5-4fa4-a97d-d965ccfc6d4b" outcome="Passed" testListId="8c84fa94-04c1-424b-9868-57a2d4851a1d" relativeResultsDirectory="b492bb59-393b-4828-a2f7-ab5e25e27cf3" />
    <UnitTestResult executionId="5436718c-a99a-4fc9-9c9e-80faa1e6e775" testId="95a0a379-a9bd-3d99-f720-e626260de7f6" testName="UnitTests.EntensionMethodTests.IQueryable_GetPage_PagesProperly(count: 101, page: 1, pageSize: 50, expedtedPages: 3, expectedItems: 50, firstId: 1, descending: False)" computerName="fv-az8-874" duration="00:00:00.0600000" startTime="2022-01-20T19:01:54.6765094+00:00" endTime="2022-01-20T19:01:54.6765094+00:00" testType="13cdc9d9-ddb5-4fa4-a97d-d965ccfc6d4b" outcome="Passed" testListId="8c84fa94-04c1-424b-9868-57a2d4851a1d" relativeResultsDirectory="5436718c-a99a-4fc9-9c9e-80faa1e6e775" />
    <UnitTestResult executionId="96866ccd-74b0-4047-b538-4015094aa632" testId="ac1c50bc-98fd-036f-fe0f-d46cb187f90e" testName="UnitTests.Services.LoggingServiceTests.LogginService_TestableConstructorLogsError" computerName="fv-az8-874" duration="00:00:00.2650000" startTime="2022-01-20T19:01:51.5011718+00:00" endTime="2022-01-20T19:01:51.5011718+00:00" testType="13cdc9d9-ddb5-4fa4-a97d-d965ccfc6d4b" outcome="Passed" testListId="8c84fa94-04c1-424b-9868-57a2d4851a1d" relativeResultsDirectory="96866ccd-74b0-4047-b538-4015094aa632" />
    <UnitTestResult executionId="f613c7e0-4d77-48bd-b9e9-66b206a8fe57" testId="d5b75914-a4f0-1327-0212-c8781f6dfe81" testName="UnitTests.EntensionMethodTests.IQueryable_IsOrdered_Works(ordered: False, descending: True, lastOrder: True)" computerName="fv-az8-874" duration="00:00:00.0080000" startTime="2022-01-20T19:01:54.8205259+00:00" endTime="2022-01-20T19:01:54.8205259+00:00" testType="13cdc9d9-ddb5-4fa4-a97d-d965ccfc6d4b" outcome="Passed" testListId="8c84fa94-04c1-424b-9868-57a2d4851a1d" relativeResultsDirectory="f613c7e0-4d77-48bd-b9e9-66b206a8fe57" />
    <UnitTestResult executionId="4a58474d-f2ba-441c-b4ca-66e221aa7a2c" testId="a21637b0-54f8-4fa0-bc3b-95481a9fd90b" testName="UnitTests.Controllers.ModuleExceptionFilterAttributeTests.ArgumentException_BadRequest(exception: System.ArgumentNullException: Value cannot be null.&#xD;&#xA;Parameter name: Null, expectedStatusCode: BadRequest)" computerName="fv-az8-874" duration="00:00:00.0030000" startTime="2022-01-20T19:01:52.4007810+00:00" endTime="2022-01-20T19:01:52.4007810+00:00" testType="13cdc9d9-ddb5-4fa4-a97d-d965ccfc6d4b" outcome="Passed" testListId="8c84fa94-04c1-424b-9868-57a2d4851a1d" relativeResultsDirectory="4a58474d-f2ba-441c-b4ca-66e221aa7a2c" />
    <UnitTestResult executionId="78df3790-4314-4ec5-b08d-d9382fadb1e4" testId="168fc980-36e3-101b-62b1-f5ab71e9fc0d" testName="UnitTests.Controllers.LocalizationControllerTests.GetLocalization_CallsLocalizationService" computerName="fv-az8-874" duration="00:00:00.0260000" startTime="2022-01-20T19:01:52.3867742+00:00" endTime="2022-01-20T19:01:52.3867742+00:00" testType="13cdc9d9-ddb5-4fa4-a97d-d965ccfc6d4b" outcome="Passed" testListId="8c84fa94-04c1-424b-9868-57a2d4851a1d" relativeResultsDirectory="78df3790-4314-4ec5-b08d-d9382fadb1e4" />
    <UnitTestResult executionId="e10183b6-7b16-4c1c-b755-5b199fa67cc9" testId="ae39aa62-5ff2-56e7-d00e-ef116d711d51" testName="UnitTests.Data.Repositories.GenericRepositoryTests.Repository_Create_DefaultAudit" computerName="fv-az8-874" duration="00:00:00.0140000" startTime="2022-01-20T19:01:54.7565187+00:00" endTime="2022-01-20T19:01:54.7565187+00:00" testType="13cdc9d9-ddb5-4fa4-a97d-d965ccfc6d4b" outcome="Passed" testListId="8c84fa94-04c1-424b-9868-57a2d4851a1d" relativeResultsDirectory="e10183b6-7b16-4c1c-b755-5b199fa67cc9" />
    <UnitTestResult executionId="f0cd6c7e-4b0e-40f8-9873-86ff89aa4661" testId="4bb697d7-9cb3-28c5-7c49-3e60c8ee823d" testName="UnitTests.EntensionMethodTests.IQueryable_GetPage_PagesProperly(count: 0, page: -1, pageSize: -1, expedtedPages: 0, expectedItems: 0, firstId: null, descending: False)" computerName="fv-az8-874" duration="00:00:00.0120000" startTime="2022-01-20T19:01:54.6925134+00:00" endTime="2022-01-20T19:01:54.6925134+00:00" testType="13cdc9d9-ddb5-4fa4-a97d-d965ccfc6d4b" outcome="Passed" testListId="8c84fa94-04c1-424b-9868-57a2d4851a1d" relativeResultsDirectory="f0cd6c7e-4b0e-40f8-9873-86ff89aa4661" />
    <UnitTestResult executionId="4a209486-3361-4882-adfd-60caaa6451c0" testId="a21637b0-54f8-4fa0-bc3b-95481a9fd90b" testName="UnitTests.Controllers.ModuleExceptionFilterAttributeTests.ArgumentException_BadRequest(exception: System.ArgumentOutOfRangeException: Specified argument was out of the range of valid values.&#xD;&#xA;Parameter name: Out of range, expectedStatusCode: BadRequest)" computerName="fv-az8-874" duration="00:00:00.0010000" startTime="2022-01-20T19:01:52.4017741+00:00" endTime="2022-01-20T19:01:52.4017741+00:00" testType="13cdc9d9-ddb5-4fa4-a97d-d965ccfc6d4b" outcome="Passed" testListId="8c84fa94-04c1-424b-9868-57a2d4851a1d" relativeResultsDirectory="4a209486-3361-4882-adfd-60caaa6451c0" />
    <UnitTestResult executionId="9b5e6594-2b51-41d0-a875-38120887bbe6" testId="1a74e347-4470-5271-97ab-1ebaf8693270" testName="UnitTests.Controllers.ModuleExceptionFilterAttributeTests.SystemException_DoesNotExposeDetails" computerName="fv-az8-874" duration="00:00:00.0140000" startTime="2022-01-20T19:01:52.4107718+00:00" endTime="2022-01-20T19:01:52.4107718+00:00" testType="13cdc9d9-ddb5-4fa4-a97d-d965ccfc6d4b" outcome="Passed" testListId="8c84fa94-04c1-424b-9868-57a2d4851a1d" relativeResultsDirectory="9b5e6594-2b51-41d0-a875-38120887bbe6" />
    <UnitTestResult executionId="048973d7-04a3-43eb-ad7d-851cf7deba86" testId="96a18501-dea4-70b1-d572-baa1bb120da2" testName="UnitTests.Data.Entities.ItemTests.ItemPropertiesPersist(id: 2, name: &quot;Name2&quot;, description: &quot;Description2&quot;)" computerName="fv-az8-874" duration="00:00:00.0010000" startTime="2022-01-20T19:01:52.6014210+00:00" endTime="2022-01-20T19:01:52.6014210+00:00" testType="13cdc9d9-ddb5-4fa4-a97d-d965ccfc6d4b" outcome="Passed" testListId="8c84fa94-04c1-424b-9868-57a2d4851a1d" relativeResultsDirectory="048973d7-04a3-43eb-ad7d-851cf7deba86" />
    <UnitTestResult executionId="ebbb6e02-4962-4e62-b4f3-dcf49bb7c175" testId="f754f777-4449-23e8-f4ec-917f49117de2" testName="UnitTests.Data.Repositories.GenericRepositoryTests.Repository_DeleteMissing_DoesNotThrow" computerName="fv-az8-874" duration="00:00:00.0090000" startTime="2022-01-20T19:01:54.7465190+00:00" endTime="2022-01-20T19:01:54.7465190+00:00" testType="13cdc9d9-ddb5-4fa4-a97d-d965ccfc6d4b" outcome="Passed" testListId="8c84fa94-04c1-424b-9868-57a2d4851a1d" relativeResultsDirectory="ebbb6e02-4962-4e62-b4f3-dcf49bb7c175" />
    <UnitTestResult executionId="fb00b1f9-4211-47b3-b86a-ecbf16ec20cb" testId="d6094ca1-b65b-5133-f464-9f7d01f0d023" testName="UnitTests.Controllers.ItemControllerTests.DeleteItem_Deletes(itemId: 10)" computerName="fv-az8-874" duration="00:00:00.0030000" startTime="2022-01-20T19:01:52.5963621+00:00" endTime="2022-01-20T19:01:52.5963621+00:00" testType="13cdc9d9-ddb5-4fa4-a97d-d965ccfc6d4b" outcome="Passed" testListId="8c84fa94-04c1-424b-9868-57a2d4851a1d" relativeResultsDirectory="fb00b1f9-4211-47b3-b86a-ecbf16ec20cb" />
    <UnitTestResult executionId="9178dd69-d98e-4d04-b854-f827bffbfd2f" testId="d1c63cb7-1f9a-a8bf-a217-a4cbb4e5f73b" testName="UnitTests.Common.GlobalsTests.ModulePrefixIsValid" computerName="fv-az8-874" duration="00:00:00.0010000" startTime="2022-01-20T19:01:52.4137740+00:00" endTime="2022-01-20T19:01:52.4137740+00:00" testType="13cdc9d9-ddb5-4fa4-a97d-d965ccfc6d4b" outcome="Passed" testListId="8c84fa94-04c1-424b-9868-57a2d4851a1d" relativeResultsDirectory="9178dd69-d98e-4d04-b854-f827bffbfd2f" />
    <UnitTestResult executionId="cb556b28-e9c4-4c63-af80-30bae6d20dde" testId="a21637b0-54f8-4fa0-bc3b-95481a9fd90b" testName="UnitTests.Controllers.ModuleExceptionFilterAttributeTests.ArgumentException_BadRequest(exception: System.UnauthorizedAccessException: Unauthorized, expectedStatusCode: Unauthorized)" computerName="fv-az8-874" duration="00:00:00.0010000" startTime="2022-01-20T19:01:52.4037727+00:00" endTime="2022-01-20T19:01:52.4037727+00:00" testType="13cdc9d9-ddb5-4fa4-a97d-d965ccfc6d4b" outcome="Passed" testListId="8c84fa94-04c1-424b-9868-57a2d4851a1d" relativeResultsDirectory="cb556b28-e9c4-4c63-af80-30bae6d20dde" />
    <UnitTestResult executionId="6cd39970-c078-427f-8297-9c048060082d" testId="320e3c11-11d1-b3ef-0d2e-5e474f674ff1" testName="UnitTests.Controllers.ModuleApiControllerTests.CanEdit_DefaultsToFalse" computerName="fv-az8-874" duration="00:00:00.0020000" startTime="2022-01-20T19:01:52.3567716+00:00" endTime="2022-01-20T19:01:52.3567716+00:00" testType="13cdc9d9-ddb5-4fa4-a97d-d965ccfc6d4b" outcome="Passed" testListId="8c84fa94-04c1-424b-9868-57a2d4851a1d" relativeResultsDirectory="6cd39970-c078-427f-8297-9c048060082d" />
    <UnitTestResult executionId="7c65a5c4-68ff-4f1c-9031-8c12ac125840" testId="e4f8faa7-d0ad-86e6-1579-7bd52372b4c3" testName="UnitTests.Data.Repositories.GenericRepositoryTests.GenericRepositoryConstructs" computerName="fv-az8-874" duration="00:00:00.0010000" startTime="2022-01-20T19:01:54.7505182+00:00" endTime="2022-01-20T19:01:54.7505182+00:00" testType="13cdc9d9-ddb5-4fa4-a97d-d965ccfc6d4b" outcome="Passed" testListId="8c84fa94-04c1-424b-9868-57a2d4851a1d" relativeResultsDirectory="7c65a5c4-68ff-4f1c-9031-8c12ac125840" />
    <UnitTestResult executionId="9f232a55-0e73-47cf-bd7e-f23ea0fcfca8" testId="9207202d-19b8-8eb5-74dc-6aa5d849467c" testName="UnitTests.EntensionMethodTests.IQueryable_GetPage_PagesProperly(count: 10, page: 1, pageSize: 10, expedtedPages: 1, expectedItems: 10, firstId: 1, descending: False)" computerName="fv-az8-874" duration="00:00:00.0240000" startTime="2022-01-20T19:01:54.7445178+00:00" endTime="2022-01-20T19:01:54.7445178+00:00" testType="13cdc9d9-ddb5-4fa4-a97d-d965ccfc6d4b" outcome="Passed" testListId="8c84fa94-04c1-424b-9868-57a2d4851a1d" relativeResultsDirectory="9f232a55-0e73-47cf-bd7e-f23ea0fcfca8" />
    <UnitTestResult executionId="ee7f9908-125d-471a-9932-05d4f27a3d63" testId="1c164fbc-1ab1-9884-ccb8-9e84f4c977d0" testName="UnitTests.Services.ItemServiceTests.UpdateItem_NoName_Throws(name: &quot; &quot;)" computerName="fv-az8-874" duration="00:00:00.0010000" startTime="2022-01-20T19:01:52.5217741+00:00" endTime="2022-01-20T19:01:52.5217741+00:00" testType="13cdc9d9-ddb5-4fa4-a97d-d965ccfc6d4b" outcome="Passed" testListId="8c84fa94-04c1-424b-9868-57a2d4851a1d" relativeResultsDirectory="ee7f9908-125d-471a-9932-05d4f27a3d63" />
    <UnitTestResult executionId="c9c7e611-e30c-45f8-95b6-709772e4e6bf" testId="ad3412e8-5f64-2020-a5b6-bd4cca8c3b7d" testName="UnitTests.Data.Repositories.GenericRepositoryTests.GenericRepositoryGet" computerName="fv-az8-874" duration="00:00:00.0100000" startTime="2022-01-20T19:01:54.5952854+00:00" endTime="2022-01-20T19:01:54.5952854+00:00" testType="13cdc9d9-ddb5-4fa4-a97d-d965ccfc6d4b" outcome="Passed" testListId="8c84fa94-04c1-424b-9868-57a2d4851a1d" relativeResultsDirectory="c9c7e611-e30c-45f8-95b6-709772e4e6bf" />
    <UnitTestResult executionId="a3957748-c4ea-4c4c-8764-260ebf2c1904" testId="b72028ed-e29e-ac6a-9e2e-bf700facee4e" testName="UnitTests.EntensionMethodTests.IQueryable_IsOrdered_Works(ordered: True, descending: False, lastOrder: False)" computerName="fv-az8-874" duration="00:00:00.0070000" startTime="2022-01-20T19:01:54.8495287+00:00" endTime="2022-01-20T19:01:54.8495287+00:00" testType="13cdc9d9-ddb5-4fa4-a97d-d965ccfc6d4b" outcome="Passed" testListId="8c84fa94-04c1-424b-9868-57a2d4851a1d" relativeResultsDirectory="a3957748-c4ea-4c4c-8764-260ebf2c1904" />
    <UnitTestResult executionId="ca6e2021-c58c-4b1f-98cc-d769c7ead045" testId="70ede014-c412-e387-bb98-e95b3b42090d" testName="UnitTests.Data.Repositories.GenericRepositoryTests.GenericRepositoryUpdates" computerName="fv-az8-874" duration="00:00:00.0310000" startTime="2022-01-20T19:01:54.6735107+00:00" endTime="2022-01-20T19:01:54.6735107+00:00" testType="13cdc9d9-ddb5-4fa4-a97d-d965ccfc6d4b" outcome="Passed" testListId="8c84fa94-04c1-424b-9868-57a2d4851a1d" relativeResultsDirectory="ca6e2021-c58c-4b1f-98cc-d769c7ead045" />
    <UnitTestResult executionId="d46c7e86-7c82-41c5-8339-d49a55899703" testId="aec60494-3c2e-8ec9-f948-da5bb2043983" testName="UnitTests.Controllers.ItemControllerTests.UserCanEdit_ReturnsBool(canEdit: True)" computerName="fv-az8-874" duration="00:00:00.0010000" startTime="2022-01-20T19:01:52.5757746+00:00" endTime="2022-01-20T19:01:52.5757746+00:00" testType="13cdc9d9-ddb5-4fa4-a97d-d965ccfc6d4b" outcome="Passed" testListId="8c84fa94-04c1-424b-9868-57a2d4851a1d" relativeResultsDirectory="d46c7e86-7c82-41c5-8339-d49a55899703" />
    <UnitTestResult executionId="fbf4f736-d61b-464d-9fb0-1acfdb54dfa5" testId="24cfa8b0-48c3-8aab-e4c2-88694c220e2c" testName="UnitTests.Data.Repositories.GenericRepositoryTests.GenericRepositoryUpdate_ThrowsWithNullEntity" computerName="fv-az8-874" duration="00:00:00.0010000" startTime="2022-01-20T19:01:54.7545203+00:00" endTime="2022-01-20T19:01:54.7545203+00:00" testType="13cdc9d9-ddb5-4fa4-a97d-d965ccfc6d4b" outcome="Passed" testListId="8c84fa94-04c1-424b-9868-57a2d4851a1d" relativeResultsDirectory="fbf4f736-d61b-464d-9fb0-1acfdb54dfa5" />
    <UnitTestResult executionId="4695d2b3-ecef-4e49-bcfc-b1b3891a1e96" testId="b76e01b1-6afe-f33b-c6a9-ea3347176509" testName="UnitTests.Services.ItemServiceTests.UpdateItem_NoName_Throws(name: null)" computerName="fv-az8-874" duration="00:00:00.0230000" startTime="2022-01-20T19:01:52.5207739+00:00" endTime="2022-01-20T19:01:52.5207739+00:00" testType="13cdc9d9-ddb5-4fa4-a97d-d965ccfc6d4b" outcome="Passed" testListId="8c84fa94-04c1-424b-9868-57a2d4851a1d" relativeResultsDirectory="4695d2b3-ecef-4e49-bcfc-b1b3891a1e96" />
    <UnitTestResult executionId="cfe73174-1b5c-4f90-9d80-b5f6585f12d7" testId="1b051fa0-d4cc-1b32-80bb-d56b714e3066" testName="UnitTests.Services.ItemServiceTests.GetItemsPage_GetsPages(page: 1, pageSize: 20, descending: False, expectedPages: 2, returnedPage: 1)" computerName="fv-az8-874" duration="00:00:00.0040000" startTime="2022-01-20T19:01:52.4867744+00:00" endTime="2022-01-20T19:01:52.4867744+00:00" testType="13cdc9d9-ddb5-4fa4-a97d-d965ccfc6d4b" outcome="Passed" testListId="8c84fa94-04c1-424b-9868-57a2d4851a1d" relativeResultsDirectory="cfe73174-1b5c-4f90-9d80-b5f6585f12d7" />
    <UnitTestResult executionId="5bd3241f-9523-465c-8857-21fa96408b34" testId="8bbc68bc-7714-d990-1480-dfaedaafbd62" testName="UnitTests.EntensionMethodTests.IQueryable_GetPage_PagesProperly(count: 0, page: 0, pageSize: 0, expedtedPages: 0, expectedItems: 0, firstId: null, descending: False)" computerName="fv-az8-874" duration="00:00:00.0120000" startTime="2022-01-20T19:01:54.6002866+00:00" endTime="2022-01-20T19:01:54.6002866+00:00" testType="13cdc9d9-ddb5-4fa4-a97d-d965ccfc6d4b" outcome="Passed" testListId="8c84fa94-04c1-424b-9868-57a2d4851a1d" relativeResultsDirectory="5bd3241f-9523-465c-8857-21fa96408b34" />
    <UnitTestResult executionId="ff96eaaa-a73d-4965-b151-da3dee83c68c" testId="92b7b9f6-1294-7ea1-ffa3-91fba85074d4" testName="UnitTests.Services.ItemServiceTests.UpdateItem_NoName_Throws(name: &quot;  &quot;)" computerName="fv-az8-874" duration="00:00:00.0010000" startTime="2022-01-20T19:01:52.5237756+00:00" endTime="2022-01-20T19:01:52.5237756+00:00" testType="13cdc9d9-ddb5-4fa4-a97d-d965ccfc6d4b" outcome="Passed" testListId="8c84fa94-04c1-424b-9868-57a2d4851a1d" relativeResultsDirectory="ff96eaaa-a73d-4965-b151-da3dee83c68c" />
    <UnitTestResult executionId="8c29c0dd-c8be-469e-8d07-5f782a84d9d3" testId="e6e0a140-85e7-6935-6160-ab95ecfd3c8a" testName="UnitTests.Data.Repositories.GenericRepositoryTests.GenericRepositoryCreatesAndGetsById" computerName="fv-az8-874" duration="00:00:00.0390000" startTime="2022-01-20T19:01:54.7925210+00:00" endTime="2022-01-20T19:01:54.7925210+00:00" testType="13cdc9d9-ddb5-4fa4-a97d-d965ccfc6d4b" outcome="Passed" testListId="8c84fa94-04c1-424b-9868-57a2d4851a1d" relativeResultsDirectory="8c29c0dd-c8be-469e-8d07-5f782a84d9d3" />
    <UnitTestResult executionId="489cd917-e143-4031-9571-06842afca484" testId="19b6234c-c2df-2304-54f9-54b0da4cd6ba" testName="UnitTests.Services.ItemServiceTests.CreateItem_NoNameThrows" computerName="fv-az8-874" duration="00:00:00.0010000" startTime="2022-01-20T19:01:52.5177757+00:00" endTime="2022-01-20T19:01:52.5177757+00:00" testType="13cdc9d9-ddb5-4fa4-a97d-d965ccfc6d4b" outcome="Passed" testListId="8c84fa94-04c1-424b-9868-57a2d4851a1d" relativeResultsDirectory="489cd917-e143-4031-9571-06842afca484" />
    <UnitTestResult executionId="533cd76b-e10d-4a10-b65b-0dd4dbb1b5b5" testId="588a2c1b-7788-beb2-ade0-06788d455d25" testName="UnitTests.Controllers.ItemControllerTests.CreateItem_Creates" computerName="fv-az8-874" duration="00:00:00.0030000" startTime="2022-01-20T19:01:52.5837737+00:00" endTime="2022-01-20T19:01:52.5837737+00:00" testType="13cdc9d9-ddb5-4fa4-a97d-d965ccfc6d4b" outcome="Passed" testListId="8c84fa94-04c1-424b-9868-57a2d4851a1d" relativeResultsDirectory="533cd76b-e10d-4a10-b65b-0dd4dbb1b5b5" />
    <UnitTestResult executionId="7f5edc72-c9d6-40ec-96fe-c2337b4fc4fe" testId="1017c6c1-9dd0-57dc-36e7-bb573d02562e" testName="UnitTests.Controllers.ItemControllerTests.GetItemsPage_GetsProperPages" computerName="fv-az8-874" duration="00:00:00.0060000" startTime="2022-01-20T19:01:52.5913926+00:00" endTime="2022-01-20T19:01:52.5913926+00:00" testType="13cdc9d9-ddb5-4fa4-a97d-d965ccfc6d4b" outcome="Passed" testListId="8c84fa94-04c1-424b-9868-57a2d4851a1d" relativeResultsDirectory="7f5edc72-c9d6-40ec-96fe-c2337b4fc4fe" />
    <UnitTestResult executionId="cde753f3-c0da-49ee-a26d-fd65f46bb8cf" testId="bae3532a-4a9e-c4ab-fc66-4dfa22d16170" testName="UnitTests.Controllers.ModuleApiControllerTests.HasUserInfo" computerName="fv-az8-874" duration="00:00:00.0020000" startTime="2022-01-20T19:01:52.3547716+00:00" endTime="2022-01-20T19:01:52.3547716+00:00" testType="13cdc9d9-ddb5-4fa4-a97d-d965ccfc6d4b" outcome="Passed" testListId="8c84fa94-04c1-424b-9868-57a2d4851a1d" relativeResultsDirectory="cde753f3-c0da-49ee-a26d-fd65f46bb8cf" />
    <UnitTestResult executionId="5e7ce3b6-ba94-4915-9ec7-fa2fd98425e5" testId="a21637b0-54f8-4fa0-bc3b-95481a9fd90b" testName="UnitTests.Controllers.ModuleExceptionFilterAttributeTests.ArgumentException_BadRequest(exception: System.NotImplementedException: Not Implemented, expectedStatusCode: NotImplemented)" computerName="fv-az8-874" duration="00:00:00.0010000" startTime="2022-01-20T19:01:52.4027728+00:00" endTime="2022-01-20T19:01:52.4027728+00:00" testType="13cdc9d9-ddb5-4fa4-a97d-d965ccfc6d4b" outcome="Passed" testListId="8c84fa94-04c1-424b-9868-57a2d4851a1d" relativeResultsDirectory="5e7ce3b6-ba94-4915-9ec7-fa2fd98425e5" />
    <UnitTestResult executionId="17a675ea-4cc0-4efb-b509-bdab7156e0bc" testId="a21637b0-54f8-4fa0-bc3b-95481a9fd90b" testName="UnitTests.Controllers.ModuleExceptionFilterAttributeTests.ArgumentException_BadRequest(exception: System.ArgumentException: Argument, expectedStatusCode: BadRequest)" computerName="fv-az8-874" duration="00:00:00.0010000" startTime="2022-01-20T19:01:52.4017741+00:00" endTime="2022-01-20T19:01:52.4017741+00:00" testType="13cdc9d9-ddb5-4fa4-a97d-d965ccfc6d4b" outcome="Passed" testListId="8c84fa94-04c1-424b-9868-57a2d4851a1d" relativeResultsDirectory="17a675ea-4cc0-4efb-b509-bdab7156e0bc" />
    <UnitTestResult executionId="0e674b3e-3aea-42c0-a5b5-43eda67bbb11" testId="113f48ce-a6a3-c5df-7589-ba5a5fcb9c59" testName="UnitTests.Controllers.ModuleExceptionFilterAttributeTests.NoException_DoesNothing" computerName="fv-az8-874" duration="00:00:00.0010000" startTime="2022-01-20T19:01:52.4047721+00:00" endTime="2022-01-20T19:01:52.4047721+00:00" testType="13cdc9d9-ddb5-4fa4-a97d-d965ccfc6d4b" outcome="Passed" testListId="8c84fa94-04c1-424b-9868-57a2d4851a1d" relativeResultsDirectory="0e674b3e-3aea-42c0-a5b5-43eda67bbb11" />
    <UnitTestResult executionId="e7e4c50e-e668-4bf2-a010-3a7e94880a4c" testId="e55f1742-c16d-5086-2251-ad3372dd48f5" testName="UnitTests.Controllers.ValidateModelAttributeTests.OnActionExecuting_Valid_Works" computerName="fv-az8-874" duration="00:00:00.0280000" startTime="2022-01-20T19:01:51.7617634+00:00" endTime="2022-01-20T19:01:51.7617634+00:00" testType="13cdc9d9-ddb5-4fa4-a97d-d965ccfc6d4b" outcome="Passed" testListId="8c84fa94-04c1-424b-9868-57a2d4851a1d" relativeResultsDirectory="e7e4c50e-e668-4bf2-a010-3a7e94880a4c" />
    <UnitTestResult executionId="2b6807cc-58b8-40f7-99bb-fa5e8827971e" testId="263c08b1-704a-f3c2-309e-6dee831dbdc9" testName="UnitTests.Services.ItemServiceTests.UpdateItem_NullDto_Throws" computerName="fv-az8-874" duration="00:00:00.0040000" startTime="2022-01-20T19:01:52.4967743+00:00" endTime="2022-01-20T19:01:52.4967743+00:00" testType="13cdc9d9-ddb5-4fa4-a97d-d965ccfc6d4b" outcome="Passed" testListId="8c84fa94-04c1-424b-9868-57a2d4851a1d" relativeResultsDirectory="2b6807cc-58b8-40f7-99bb-fa5e8827971e" />
    <UnitTestResult executionId="7e8f526a-42f8-42da-935b-ce9f790fb6b8" testId="9168bdef-a759-f4d6-b890-b643e17324cf" testName="UnitTests.Services.LoggingServiceTests.LogginService_TestableConstructorLogsErrorWithException" computerName="fv-az8-874" duration="00:00:00.0270000" startTime="2022-01-20T19:01:51.5301733+00:00" endTime="2022-01-20T19:01:51.5301733+00:00" testType="13cdc9d9-ddb5-4fa4-a97d-d965ccfc6d4b" outcome="Passed" testListId="8c84fa94-04c1-424b-9868-57a2d4851a1d" relativeResultsDirectory="7e8f526a-42f8-42da-935b-ce9f790fb6b8" />
    <UnitTestResult executionId="a9b98f5f-cc69-476a-9034-99c379a5a176" testId="0247c7e7-7d1c-099b-2ac8-81a47ff2509a" testName="UnitTests.Controllers.ItemControllerTests.UserCanEdit_ReturnsBool(canEdit: False)" computerName="fv-az8-874" duration="00:00:00.0100000" startTime="2022-01-20T19:01:52.5747747+00:00" endTime="2022-01-20T19:01:52.5747747+00:00" testType="13cdc9d9-ddb5-4fa4-a97d-d965ccfc6d4b" outcome="Passed" testListId="8c84fa94-04c1-424b-9868-57a2d4851a1d" relativeResultsDirectory="a9b98f5f-cc69-476a-9034-99c379a5a176" />
  </Results>
  <TestDefinitions>
    <UnitTest name="UnitTests.Controllers.ItemControllerTests.DeleteItem_Deletes(itemId: 1)" storage="d:\a\dnn.ionictodo\dnn.ionictodo\unittests\bin\unittests.dll" id="478b61ee-7d85-9dbe-985d-08c590f8666a">
      <Execution id="aab6b907-eb63-4cf8-83ec-4a7cde853deb" />
      <TestMethod codeBase="D:\a\DNN.IonicToDo\DNN.IonicToDo\UnitTests\bin\UnitTests.dll" adapterTypeName="executor://xunit/VsTestRunner2/net" className="UnitTests.Controllers.ItemControllerTests" name="DeleteItem_Deletes" />
    </UnitTest>
    <UnitTest name="UnitTests.EntensionMethodTests.IQueryable_IsOrdered_Works(ordered: True, descending: True, lastOrder: False)" storage="d:\a\dnn.ionictodo\dnn.ionictodo\unittests\bin\unittests.dll" id="6f0b47a1-9d18-a5d8-8dd1-c8f266712c15">
      <Execution id="7eb94c3d-9712-42de-b31e-3aa52480b15c" />
      <TestMethod codeBase="D:\a\DNN.IonicToDo\DNN.IonicToDo\UnitTests\bin\UnitTests.dll" adapterTypeName="executor://xunit/VsTestRunner2/net" className="UnitTests.EntensionMethodTests" name="IQueryable_IsOrdered_Works" />
    </UnitTest>
    <UnitTest name="UnitTests.Controllers.ItemControllerTests.UserCanEdit_ReturnsBool(canEdit: False)" storage="d:\a\dnn.ionictodo\dnn.ionictodo\unittests\bin\unittests.dll" id="0247c7e7-7d1c-099b-2ac8-81a47ff2509a">
      <Execution id="a9b98f5f-cc69-476a-9034-99c379a5a176" />
      <TestMethod codeBase="D:\a\DNN.IonicToDo\DNN.IonicToDo\UnitTests\bin\UnitTests.dll" adapterTypeName="executor://xunit/VsTestRunner2/net" className="UnitTests.Controllers.ItemControllerTests" name="UserCanEdit_ReturnsBool" />
    </UnitTest>
    <UnitTest name="UnitTests.EntensionMethodTests.IQueryable_GetPage_PagesProperly(count: 21, page: 1, pageSize: 10, expedtedPages: 3, expectedItems: 10, firstId: 21, descending: True)" storage="d:\a\dnn.ionictodo\dnn.ionictodo\unittests\bin\unittests.dll" id="7e661283-b2b2-d632-266b-6af1f3374c08">
      <Execution id="9e941864-80e0-4680-941f-bc9ce989a6bf" />
      <TestMethod codeBase="D:\a\DNN.IonicToDo\DNN.IonicToDo\UnitTests\bin\UnitTests.dll" adapterTypeName="executor://xunit/VsTestRunner2/net" className="UnitTests.EntensionMethodTests" name="IQueryable_GetPage_PagesProperly" />
    </UnitTest>
    <UnitTest name="UnitTests.Controllers.LocalizationControllerTests.GetLocalization_CallsLocalizationService" storage="d:\a\dnn.ionictodo\dnn.ionictodo\unittests\bin\unittests.dll" id="168fc980-36e3-101b-62b1-f5ab71e9fc0d">
      <Execution id="78df3790-4314-4ec5-b08d-d9382fadb1e4" />
      <TestMethod codeBase="D:\a\DNN.IonicToDo\DNN.IonicToDo\UnitTests\bin\UnitTests.dll" adapterTypeName="executor://xunit/VsTestRunner2/net" className="UnitTests.Controllers.LocalizationControllerTests" name="GetLocalization_CallsLocalizationService" />
    </UnitTest>
    <UnitTest name="UnitTests.Data.ModuleDbContextTests.DefaultConstructorThrows" storage="d:\a\dnn.ionictodo\dnn.ionictodo\unittests\bin\unittests.dll" id="ac2a99ba-3563-74a9-7d4c-8e91a58cd097">
      <Execution id="2a683499-72f8-4ff9-b683-6a070f435244" />
      <TestMethod codeBase="D:\a\DNN.IonicToDo\DNN.IonicToDo\UnitTests\bin\UnitTests.dll" adapterTypeName="executor://xunit/VsTestRunner2/net" className="UnitTests.Data.ModuleDbContextTests" name="DefaultConstructorThrows" />
    </UnitTest>
    <UnitTest name="UnitTests.Controllers.ModuleApiControllerTests.CanEdit_DefaultsToFalse" storage="d:\a\dnn.ionictodo\dnn.ionictodo\unittests\bin\unittests.dll" id="320e3c11-11d1-b3ef-0d2e-5e474f674ff1">
      <Execution id="6cd39970-c078-427f-8297-9c048060082d" />
      <TestMethod codeBase="D:\a\DNN.IonicToDo\DNN.IonicToDo\UnitTests\bin\UnitTests.dll" adapterTypeName="executor://xunit/VsTestRunner2/net" className="UnitTests.Controllers.ModuleApiControllerTests" name="CanEdit_DefaultsToFalse" />
    </UnitTest>
    <UnitTest name="UnitTests.Data.Repositories.GenericRepositoryTests.GenericRepositoryCreatesAndGetsById" storage="d:\a\dnn.ionictodo\dnn.ionictodo\unittests\bin\unittests.dll" id="e6e0a140-85e7-6935-6160-ab95ecfd3c8a">
      <Execution id="8c29c0dd-c8be-469e-8d07-5f782a84d9d3" />
      <TestMethod codeBase="D:\a\DNN.IonicToDo\DNN.IonicToDo\UnitTests\bin\UnitTests.dll" adapterTypeName="executor://xunit/VsTestRunner2/net" className="UnitTests.Data.Repositories.GenericRepositoryTests" name="GenericRepositoryCreatesAndGetsById" />
    </UnitTest>
    <UnitTest name="UnitTests.Services.ItemServiceTests.GetItemsPage_GetsPages(page: 4, pageSize: 10, descending: False, expectedPages: 3, returnedPage: 3)" storage="d:\a\dnn.ionictodo\dnn.ionictodo\unittests\bin\unittests.dll" id="0f141a30-05bd-f4ed-a627-d40adca6b3ca">
      <Execution id="d250bc37-e379-4045-afbd-d1639e510250" />
      <TestMethod codeBase="D:\a\DNN.IonicToDo\DNN.IonicToDo\UnitTests\bin\UnitTests.dll" adapterTypeName="executor://xunit/VsTestRunner2/net" className="UnitTests.Services.ItemServiceTests" name="GetItemsPage_GetsPages" />
    </UnitTest>
    <UnitTest name="UnitTests.Services.ItemServiceTests.UpdateItem_NoName_Throws(name: &quot; &quot;)" storage="d:\a\dnn.ionictodo\dnn.ionictodo\unittests\bin\unittests.dll" id="1c164fbc-1ab1-9884-ccb8-9e84f4c977d0">
      <Execution id="ee7f9908-125d-471a-9932-05d4f27a3d63" />
      <TestMethod codeBase="D:\a\DNN.IonicToDo\DNN.IonicToDo\UnitTests\bin\UnitTests.dll" adapterTypeName="executor://xunit/VsTestRunner2/net" className="UnitTests.Services.ItemServiceTests" name="UpdateItem_NoName_Throws" />
    </UnitTest>
    <UnitTest name="UnitTests.EntensionMethodTests.IQueryable_IsOrdered_Works(ordered: False, descending: False, lastOrder: False)" storage="d:\a\dnn.ionictodo\dnn.ionictodo\unittests\bin\unittests.dll" id="2aef35a8-73ad-0c03-c8a4-2b5a1d37af8f">
      <Execution id="927a181b-9f23-4fe0-a373-6bb0e783c133" />
      <TestMethod codeBase="D:\a\DNN.IonicToDo\DNN.IonicToDo\UnitTests\bin\UnitTests.dll" adapterTypeName="executor://xunit/VsTestRunner2/net" className="UnitTests.EntensionMethodTests" name="IQueryable_IsOrdered_Works" />
    </UnitTest>
    <UnitTest name="UnitTests.EntensionMethodTests.IQueryable_GetPage_PagesProperly(count: 101, page: 1, pageSize: 50, expedtedPages: 3, expectedItems: 50, firstId: 1, descending: False)" storage="d:\a\dnn.ionictodo\dnn.ionictodo\unittests\bin\unittests.dll" id="95a0a379-a9bd-3d99-f720-e626260de7f6">
      <Execution id="5436718c-a99a-4fc9-9c9e-80faa1e6e775" />
      <TestMethod codeBase="D:\a\DNN.IonicToDo\DNN.IonicToDo\UnitTests\bin\UnitTests.dll" adapterTypeName="executor://xunit/VsTestRunner2/net" className="UnitTests.EntensionMethodTests" name="IQueryable_GetPage_PagesProperly" />
    </UnitTest>
    <UnitTest name="UnitTests.EntensionMethodTests.IQueryable_GetPage_PagesProperly(count: 0, page: -1, pageSize: -1, expedtedPages: 0, expectedItems: 0, firstId: null, descending: False)" storage="d:\a\dnn.ionictodo\dnn.ionictodo\unittests\bin\unittests.dll" id="4bb697d7-9cb3-28c5-7c49-3e60c8ee823d">
      <Execution id="f0cd6c7e-4b0e-40f8-9873-86ff89aa4661" />
      <TestMethod codeBase="D:\a\DNN.IonicToDo\DNN.IonicToDo\UnitTests\bin\UnitTests.dll" adapterTypeName="executor://xunit/VsTestRunner2/net" className="UnitTests.EntensionMethodTests" name="IQueryable_GetPage_PagesProperly" />
    </UnitTest>
    <UnitTest name="UnitTests.Data.Repositories.GenericRepositoryTests.Repository_Update_UsesuserId" storage="d:\a\dnn.ionictodo\dnn.ionictodo\unittests\bin\unittests.dll" id="0ebf358f-9eac-9438-b418-9c6aa81a6377">
      <Execution id="b301e843-3d3b-4d56-b861-7c8b713473ec" />
      <TestMethod codeBase="D:\a\DNN.IonicToDo\DNN.IonicToDo\UnitTests\bin\UnitTests.dll" adapterTypeName="executor://xunit/VsTestRunner2/net" className="UnitTests.Data.Repositories.GenericRepositoryTests" name="Repository_Update_UsesuserId" />
    </UnitTest>
    <UnitTest name="UnitTests.Services.ItemServiceTests.CreateItem_Creates" storage="d:\a\dnn.ionictodo\dnn.ionictodo\unittests\bin\unittests.dll" id="a9198ad3-782e-a37c-0b5f-1330f5318f55">
      <Execution id="b7ee6195-2197-4df3-a67c-fb080c274bef" />
      <TestMethod codeBase="D:\a\DNN.IonicToDo\DNN.IonicToDo\UnitTests\bin\UnitTests.dll" adapterTypeName="executor://xunit/VsTestRunner2/net" className="UnitTests.Services.ItemServiceTests" name="CreateItem_Creates" />
    </UnitTest>
    <UnitTest name="UnitTests.Controllers.ValidateModelAttributeTests.OnActionExecuting_Invalid_Works" storage="d:\a\dnn.ionictodo\dnn.ionictodo\unittests\bin\unittests.dll" id="61a8ccc9-c5b1-047b-3c97-f777ccc7d30b">
      <Execution id="a4f26f49-e83d-4524-a3fb-7b39e6719473" />
      <TestMethod codeBase="D:\a\DNN.IonicToDo\DNN.IonicToDo\UnitTests\bin\UnitTests.dll" adapterTypeName="executor://xunit/VsTestRunner2/net" className="UnitTests.Controllers.ValidateModelAttributeTests" name="OnActionExecuting_Invalid_Works" />
    </UnitTest>
    <UnitTest name="UnitTests.EntensionMethodTests.IQueryable_IsOrdered_Works(ordered: False, descending: True, lastOrder: False)" storage="d:\a\dnn.ionictodo\dnn.ionictodo\unittests\bin\unittests.dll" id="b80893de-3e2d-6029-ec19-65c03fd119c3">
      <Execution id="c9200130-9477-4d8e-9462-232dc9bc7b91" />
      <TestMethod codeBase="D:\a\DNN.IonicToDo\DNN.IonicToDo\UnitTests\bin\UnitTests.dll" adapterTypeName="executor://xunit/VsTestRunner2/net" className="UnitTests.EntensionMethodTests" name="IQueryable_IsOrdered_Works" />
    </UnitTest>
    <UnitTest name="UnitTests.Services.ItemServiceTests.GetItemsPage_GetsPages(page: 1, pageSize: 20, descending: False, expectedPages: 2, returnedPage: 1)" storage="d:\a\dnn.ionictodo\dnn.ionictodo\unittests\bin\unittests.dll" id="1b051fa0-d4cc-1b32-80bb-d56b714e3066">
      <Execution id="cfe73174-1b5c-4f90-9d80-b5f6585f12d7" />
      <TestMethod codeBase="D:\a\DNN.IonicToDo\DNN.IonicToDo\UnitTests\bin\UnitTests.dll" adapterTypeName="executor://xunit/VsTestRunner2/net" className="UnitTests.Services.ItemServiceTests" name="GetItemsPage_GetsPages" />
    </UnitTest>
    <UnitTest name="UnitTests.Data.Repositories.GenericRepositoryTests.GenericRepositoryGet" storage="d:\a\dnn.ionictodo\dnn.ionictodo\unittests\bin\unittests.dll" id="ad3412e8-5f64-2020-a5b6-bd4cca8c3b7d">
      <Execution id="c9c7e611-e30c-45f8-95b6-709772e4e6bf" />
      <TestMethod codeBase="D:\a\DNN.IonicToDo\DNN.IonicToDo\UnitTests\bin\UnitTests.dll" adapterTypeName="executor://xunit/VsTestRunner2/net" className="UnitTests.Data.Repositories.GenericRepositoryTests" name="GenericRepositoryGet" />
    </UnitTest>
    <UnitTest name="UnitTests.Data.Repositories.GenericRepositoryTests.GenericRepositoryUpdate_ThrowsWithNullEntity" storage="d:\a\dnn.ionictodo\dnn.ionictodo\unittests\bin\unittests.dll" id="24cfa8b0-48c3-8aab-e4c2-88694c220e2c">
      <Execution id="fbf4f736-d61b-464d-9fb0-1acfdb54dfa5" />
      <TestMethod codeBase="D:\a\DNN.IonicToDo\DNN.IonicToDo\UnitTests\bin\UnitTests.dll" adapterTypeName="executor://xunit/VsTestRunner2/net" className="UnitTests.Data.Repositories.GenericRepositoryTests" name="GenericRepositoryUpdate_ThrowsWithNullEntity" />
    </UnitTest>
    <UnitTest name="UnitTests.Services.LoggingServiceTests.LogginService_TestableConstructorLogsError" storage="d:\a\dnn.ionictodo\dnn.ionictodo\unittests\bin\unittests.dll" id="ac1c50bc-98fd-036f-fe0f-d46cb187f90e">
      <Execution id="96866ccd-74b0-4047-b538-4015094aa632" />
      <TestMethod codeBase="D:\a\DNN.IonicToDo\DNN.IonicToDo\UnitTests\bin\UnitTests.dll" adapterTypeName="executor://xunit/VsTestRunner2/net" className="UnitTests.Services.LoggingServiceTests" name="LogginService_TestableConstructorLogsError" />
    </UnitTest>
    <UnitTest name="UnitTests.Data.Repositories.GenericRepositoryTests.GenericRepositoryGetsAll(iterations: 3)" storage="d:\a\dnn.ionictodo\dnn.ionictodo\unittests\bin\unittests.dll" id="d15ea2a7-9f9f-b92b-50fa-470898da705d">
      <Execution id="e9203c7d-22d9-4bf3-bd6f-3ef5589b779a" />
      <TestMethod codeBase="D:\a\DNN.IonicToDo\DNN.IonicToDo\UnitTests\bin\UnitTests.dll" adapterTypeName="executor://xunit/VsTestRunner2/net" className="UnitTests.Data.Repositories.GenericRepositoryTests" name="GenericRepositoryGetsAll" />
    </UnitTest>
    <UnitTest name="UnitTests.Common.GlobalsTests.ModulePrefixIsValid" storage="d:\a\dnn.ionictodo\dnn.ionictodo\unittests\bin\unittests.dll" id="d1c63cb7-1f9a-a8bf-a217-a4cbb4e5f73b">
      <Execution id="9178dd69-d98e-4d04-b854-f827bffbfd2f" />
      <TestMethod codeBase="D:\a\DNN.IonicToDo\DNN.IonicToDo\UnitTests\bin\UnitTests.dll" adapterTypeName="executor://xunit/VsTestRunner2/net" className="UnitTests.Common.GlobalsTests" name="ModulePrefixIsValid" />
    </UnitTest>
    <UnitTest name="UnitTests.Data.Entities.ItemTests.ItemPropertiesPersist(id: 2, name: &quot;Name2&quot;, description: &quot;Description2&quot;)" storage="d:\a\dnn.ionictodo\dnn.ionictodo\unittests\bin\unittests.dll" id="96a18501-dea4-70b1-d572-baa1bb120da2">
      <Execution id="048973d7-04a3-43eb-ad7d-851cf7deba86" />
      <TestMethod codeBase="D:\a\DNN.IonicToDo\DNN.IonicToDo\UnitTests\bin\UnitTests.dll" adapterTypeName="executor://xunit/VsTestRunner2/net" className="UnitTests.Data.Entities.ItemTests" name="ItemPropertiesPersist" />
    </UnitTest>
    <UnitTest name="UnitTests.Controllers.ServiceRouteMapperTests.RegisterRoutes_RegistersAtLestOneRoute" storage="d:\a\dnn.ionictodo\dnn.ionictodo\unittests\bin\unittests.dll" id="986d7e6e-d04d-b204-b01c-fbb8f09c7774">
      <Execution id="d8156de7-c7cb-4553-998b-88a122735943" />
      <TestMethod codeBase="D:\a\DNN.IonicToDo\DNN.IonicToDo\UnitTests\bin\UnitTests.dll" adapterTypeName="executor://xunit/VsTestRunner2/net" className="UnitTests.Controllers.ServiceRouteMapperTests" name="RegisterRoutes_RegistersAtLestOneRoute" />
    </UnitTest>
    <UnitTest name="UnitTests.EntensionMethodTests.IQueryable_GetPage_PagesProperly(count: 10, page: 1, pageSize: 10, expedtedPages: 1, expectedItems: 10, firstId: 1, descending: False)" storage="d:\a\dnn.ionictodo\dnn.ionictodo\unittests\bin\unittests.dll" id="9207202d-19b8-8eb5-74dc-6aa5d849467c">
      <Execution id="9f232a55-0e73-47cf-bd7e-f23ea0fcfca8" />
      <TestMethod codeBase="D:\a\DNN.IonicToDo\DNN.IonicToDo\UnitTests\bin\UnitTests.dll" adapterTypeName="executor://xunit/VsTestRunner2/net" className="UnitTests.EntensionMethodTests" name="IQueryable_GetPage_PagesProperly" />
    </UnitTest>
    <UnitTest name="UnitTests.Controllers.ModuleExceptionFilterAttributeTests.SystemException_DoesNotExposeDetails" storage="d:\a\dnn.ionictodo\dnn.ionictodo\unittests\bin\unittests.dll" id="1a74e347-4470-5271-97ab-1ebaf8693270">
      <Execution id="9b5e6594-2b51-41d0-a875-38120887bbe6" />
      <TestMethod codeBase="D:\a\DNN.IonicToDo\DNN.IonicToDo\UnitTests\bin\UnitTests.dll" adapterTypeName="executor://xunit/VsTestRunner2/net" className="UnitTests.Controllers.ModuleExceptionFilterAttributeTests" name="SystemException_DoesNotExposeDetails" />
    </UnitTest>
    <UnitTest name="UnitTests.Data.Repositories.GenericRepositoryTests.GenericRepositoryConstructs" storage="d:\a\dnn.ionictodo\dnn.ionictodo\unittests\bin\unittests.dll" id="e4f8faa7-d0ad-86e6-1579-7bd52372b4c3">
      <Execution id="7c65a5c4-68ff-4f1c-9031-8c12ac125840" />
      <TestMethod codeBase="D:\a\DNN.IonicToDo\DNN.IonicToDo\UnitTests\bin\UnitTests.dll" adapterTypeName="executor://xunit/VsTestRunner2/net" className="UnitTests.Data.Repositories.GenericRepositoryTests" name="GenericRepositoryConstructs" />
    </UnitTest>
    <UnitTest name="UnitTests.Data.Repositories.GenericRepositoryTests.Repository_DeleteMissing_DoesNotThrow" storage="d:\a\dnn.ionictodo\dnn.ionictodo\unittests\bin\unittests.dll" id="f754f777-4449-23e8-f4ec-917f49117de2">
      <Execution id="ebbb6e02-4962-4e62-b4f3-dcf49bb7c175" />
      <TestMethod codeBase="D:\a\DNN.IonicToDo\DNN.IonicToDo\UnitTests\bin\UnitTests.dll" adapterTypeName="executor://xunit/VsTestRunner2/net" className="UnitTests.Data.Repositories.GenericRepositoryTests" name="Repository_DeleteMissing_DoesNotThrow" />
    </UnitTest>
    <UnitTest name="UnitTests.Services.ItemServiceTests.UpdateItem_NoName_Throws(name: null)" storage="d:\a\dnn.ionictodo\dnn.ionictodo\unittests\bin\unittests.dll" id="b76e01b1-6afe-f33b-c6a9-ea3347176509">
      <Execution id="4695d2b3-ecef-4e49-bcfc-b1b3891a1e96" />
      <TestMethod codeBase="D:\a\DNN.IonicToDo\DNN.IonicToDo\UnitTests\bin\UnitTests.dll" adapterTypeName="executor://xunit/VsTestRunner2/net" className="UnitTests.Services.ItemServiceTests" name="UpdateItem_NoName_Throws" />
    </UnitTest>
    <UnitTest name="UnitTests.EntensionMethodTests.IQueryable_IsOrdered_Works(ordered: True, descending: False, lastOrder: True)" storage="d:\a\dnn.ionictodo\dnn.ionictodo\unittests\bin\unittests.dll" id="3140ebc5-2430-06b3-4257-a6794b9b09ac">
      <Execution id="93e9be43-90f3-493d-9f8b-dd201b1346c5" />
      <TestMethod codeBase="D:\a\DNN.IonicToDo\DNN.IonicToDo\UnitTests\bin\UnitTests.dll" adapterTypeName="executor://xunit/VsTestRunner2/net" className="UnitTests.EntensionMethodTests" name="IQueryable_IsOrdered_Works" />
    </UnitTest>
    <UnitTest name="UnitTests.Services.ItemServiceTests.CreateItem_NoNameThrows" storage="d:\a\dnn.ionictodo\dnn.ionictodo\unittests\bin\unittests.dll" id="19b6234c-c2df-2304-54f9-54b0da4cd6ba">
      <Execution id="489cd917-e143-4031-9571-06842afca484" />
      <TestMethod codeBase="D:\a\DNN.IonicToDo\DNN.IonicToDo\UnitTests\bin\UnitTests.dll" adapterTypeName="executor://xunit/VsTestRunner2/net" className="UnitTests.Services.ItemServiceTests" name="CreateItem_NoNameThrows" />
    </UnitTest>
    <UnitTest name="UnitTests.Services.ItemServiceTests.DeleteItem_Deletes" storage="d:\a\dnn.ionictodo\dnn.ionictodo\unittests\bin\unittests.dll" id="e6610648-e456-1c64-d2b1-7e1242b871a8">
      <Execution id="63854288-1bc2-4201-b058-1203829db0da" />
      <TestMethod codeBase="D:\a\DNN.IonicToDo\DNN.IonicToDo\UnitTests\bin\UnitTests.dll" adapterTypeName="executor://xunit/VsTestRunner2/net" className="UnitTests.Services.ItemServiceTests" name="DeleteItem_Deletes" />
    </UnitTest>
    <UnitTest name="UnitTests.Data.Entities.ItemTests.ItemConstructsProperly" storage="d:\a\dnn.ionictodo\dnn.ionictodo\unittests\bin\unittests.dll" id="572fc310-4b67-9555-f147-153d39f2eb82">
      <Execution id="ab4ef51d-4fbc-486c-a21c-305b86c8d62d" />
      <TestMethod codeBase="D:\a\DNN.IonicToDo\DNN.IonicToDo\UnitTests\bin\UnitTests.dll" adapterTypeName="executor://xunit/VsTestRunner2/net" className="UnitTests.Data.Entities.ItemTests" name="ItemConstructsProperly" />
    </UnitTest>
    <UnitTest name="UnitTests.EntensionMethodTests.IQueryable_IsOrdered_Works(ordered: True, descending: True, lastOrder: True)" storage="d:\a\dnn.ionictodo\dnn.ionictodo\unittests\bin\unittests.dll" id="f46af852-6230-3d31-e31c-2959bffd491f">
      <Execution id="3a1a18d5-c9ff-4245-8c1a-55163b197838" />
      <TestMethod codeBase="D:\a\DNN.IonicToDo\DNN.IonicToDo\UnitTests\bin\UnitTests.dll" adapterTypeName="executor://xunit/VsTestRunner2/net" className="UnitTests.EntensionMethodTests" name="IQueryable_IsOrdered_Works" />
    </UnitTest>
    <UnitTest name="UnitTests.Services.ItemServiceTests.GetItemsPage_GetsPages(page: 1, pageSize: 10, descending: False, expectedPages: 3, returnedPage: 1)" storage="d:\a\dnn.ionictodo\dnn.ionictodo\unittests\bin\unittests.dll" id="19223079-ea41-5691-855c-970af1a1e611">
      <Execution id="48e10b98-2ed0-495a-b518-2a7dc93d28c6" />
      <TestMethod codeBase="D:\a\DNN.IonicToDo\DNN.IonicToDo\UnitTests\bin\UnitTests.dll" adapterTypeName="executor://xunit/VsTestRunner2/net" className="UnitTests.Services.ItemServiceTests" name="GetItemsPage_GetsPages" />
    </UnitTest>
    <UnitTest name="UnitTests.Services.ItemServiceTests.UpdateItem_NoName_Throws(name: &quot;&quot;)" storage="d:\a\dnn.ionictodo\dnn.ionictodo\unittests\bin\unittests.dll" id="3cbfa5d3-e0f6-eff8-ed5c-556fa1f3e131">
      <Execution id="540d9b4c-b0be-4162-a3e3-90a262ab0dd7" />
      <TestMethod codeBase="D:\a\DNN.IonicToDo\DNN.IonicToDo\UnitTests\bin\UnitTests.dll" adapterTypeName="executor://xunit/VsTestRunner2/net" className="UnitTests.Services.ItemServiceTests" name="UpdateItem_NoName_Throws" />
    </UnitTest>
    <UnitTest name="UnitTests.Services.LoggingServiceTests.LogginService_TestableConstructorLogsErrorWithException" storage="d:\a\dnn.ionictodo\dnn.ionictodo\unittests\bin\unittests.dll" id="9168bdef-a759-f4d6-b890-b643e17324cf">
      <Execution id="7e8f526a-42f8-42da-935b-ce9f790fb6b8" />
      <TestMethod codeBase="D:\a\DNN.IonicToDo\DNN.IonicToDo\UnitTests\bin\UnitTests.dll" adapterTypeName="executor://xunit/VsTestRunner2/net" className="UnitTests.Services.LoggingServiceTests" name="LogginService_TestableConstructorLogsErrorWithException" />
    </UnitTest>
    <UnitTest name="UnitTests.EntensionMethodTests.IQueryable_GetPage_PagesProperly(count: 20, page: 2, pageSize: 10, expedtedPages: 2, expectedItems: 10, firstId: 11, descending: False)" storage="d:\a\dnn.ionictodo\dnn.ionictodo\unittests\bin\unittests.dll" id="2695f427-ed7b-9f97-5696-f97a7702128c">
      <Execution id="38f00cb5-f2ea-4144-8d25-d145320dfb14" />
      <TestMethod codeBase="D:\a\DNN.IonicToDo\DNN.IonicToDo\UnitTests\bin\UnitTests.dll" adapterTypeName="executor://xunit/VsTestRunner2/net" className="UnitTests.EntensionMethodTests" name="IQueryable_GetPage_PagesProperly" />
    </UnitTest>
    <UnitTest name="UnitTests.EntensionMethodTests.IQueryable_IsOrdered_Works(ordered: False, descending: True, lastOrder: True)" storage="d:\a\dnn.ionictodo\dnn.ionictodo\unittests\bin\unittests.dll" id="d5b75914-a4f0-1327-0212-c8781f6dfe81">
      <Execution id="f613c7e0-4d77-48bd-b9e9-66b206a8fe57" />
      <TestMethod codeBase="D:\a\DNN.IonicToDo\DNN.IonicToDo\UnitTests\bin\UnitTests.dll" adapterTypeName="executor://xunit/VsTestRunner2/net" className="UnitTests.EntensionMethodTests" name="IQueryable_IsOrdered_Works" />
    </UnitTest>
    <UnitTest name="UnitTests.Controllers.ItemControllerTests.UserCanEdit_ReturnsBool(canEdit: True)" storage="d:\a\dnn.ionictodo\dnn.ionictodo\unittests\bin\unittests.dll" id="aec60494-3c2e-8ec9-f948-da5bb2043983">
      <Execution id="d46c7e86-7c82-41c5-8339-d49a55899703" />
      <TestMethod codeBase="D:\a\DNN.IonicToDo\DNN.IonicToDo\UnitTests\bin\UnitTests.dll" adapterTypeName="executor://xunit/VsTestRunner2/net" className="UnitTests.Controllers.ItemControllerTests" name="UserCanEdit_ReturnsBool" />
    </UnitTest>
    <UnitTest name="UnitTests.Services.ItemServiceTests.GetItemsPage_GetsPages(page: 0, pageSize: 0, descending: True, expectedPages: 30, returnedPage: 1)" storage="d:\a\dnn.ionictodo\dnn.ionictodo\unittests\bin\unittests.dll" id="0864c31d-6119-84d6-7f52-9d349dabbe84">
      <Execution id="a3e1c5cc-30a0-41a3-b0e1-6a8c5b76b3f6" />
      <TestMethod codeBase="D:\a\DNN.IonicToDo\DNN.IonicToDo\UnitTests\bin\UnitTests.dll" adapterTypeName="executor://xunit/VsTestRunner2/net" className="UnitTests.Services.ItemServiceTests" name="GetItemsPage_GetsPages" />
    </UnitTest>
    <UnitTest name="UnitTests.EntensionMethodTests.IQueryable_GetPage_EmptyDoesNotThrow" storage="d:\a\dnn.ionictodo\dnn.ionictodo\unittests\bin\unittests.dll" id="2d3a68b5-bf4c-0513-b733-5ed612794244">
      <Execution id="62522f58-caae-4225-8f60-b4a24658666c" />
      <TestMethod codeBase="D:\a\DNN.IonicToDo\DNN.IonicToDo\UnitTests\bin\UnitTests.dll" adapterTypeName="executor://xunit/VsTestRunner2/net" className="UnitTests.EntensionMethodTests" name="IQueryable_GetPage_EmptyDoesNotThrow" />
    </UnitTest>
    <UnitTest name="UnitTests.Controllers.ModuleApiControllerTests.HasUserInfo" storage="d:\a\dnn.ionictodo\dnn.ionictodo\unittests\bin\unittests.dll" id="bae3532a-4a9e-c4ab-fc66-4dfa22d16170">
      <Execution id="cde753f3-c0da-49ee-a26d-fd65f46bb8cf" />
      <TestMethod codeBase="D:\a\DNN.IonicToDo\DNN.IonicToDo\UnitTests\bin\UnitTests.dll" adapterTypeName="executor://xunit/VsTestRunner2/net" className="UnitTests.Controllers.ModuleApiControllerTests" name="HasUserInfo" />
    </UnitTest>
    <UnitTest name="UnitTests.Services.ItemServiceTests.UpdateItem_NoName_Throws(name: &quot;  &quot;)" storage="d:\a\dnn.ionictodo\dnn.ionictodo\unittests\bin\unittests.dll" id="92b7b9f6-1294-7ea1-ffa3-91fba85074d4">
      <Execution id="ff96eaaa-a73d-4965-b151-da3dee83c68c" />
      <TestMethod codeBase="D:\a\DNN.IonicToDo\DNN.IonicToDo\UnitTests\bin\UnitTests.dll" adapterTypeName="executor://xunit/VsTestRunner2/net" className="UnitTests.Services.ItemServiceTests" name="UpdateItem_NoName_Throws" />
    </UnitTest>
    <UnitTest name="UnitTests.Data.Repositories.GenericRepositoryTests.Repository_Create_DefaultAudit" storage="d:\a\dnn.ionictodo\dnn.ionictodo\unittests\bin\unittests.dll" id="ae39aa62-5ff2-56e7-d00e-ef116d711d51">
      <Execution id="e10183b6-7b16-4c1c-b755-5b199fa67cc9" />
      <TestMethod codeBase="D:\a\DNN.IonicToDo\DNN.IonicToDo\UnitTests\bin\UnitTests.dll" adapterTypeName="executor://xunit/VsTestRunner2/net" className="UnitTests.Data.Repositories.GenericRepositoryTests" name="Repository_Create_DefaultAudit" />
    </UnitTest>
    <UnitTest name="UnitTests.Controllers.ValidateModelAttributeTests.OnActionExecuting_Valid_Works" storage="d:\a\dnn.ionictodo\dnn.ionictodo\unittests\bin\unittests.dll" id="e55f1742-c16d-5086-2251-ad3372dd48f5">
      <Execution id="e7e4c50e-e668-4bf2-a010-3a7e94880a4c" />
      <TestMethod codeBase="D:\a\DNN.IonicToDo\DNN.IonicToDo\UnitTests\bin\UnitTests.dll" adapterTypeName="executor://xunit/VsTestRunner2/net" className="UnitTests.Controllers.ValidateModelAttributeTests" name="OnActionExecuting_Valid_Works" />
    </UnitTest>
    <UnitTest name="UnitTests.Data.Repositories.GenericRepositoryTests.GenericRepositoryGetsAll(iterations: 1)" storage="d:\a\dnn.ionictodo\dnn.ionictodo\unittests\bin\unittests.dll" id="d16880d7-fb44-f209-43d9-ba2e0e1875de">
      <Execution id="6f5a0081-327e-4105-9c44-f9f6ec05b4ef" />
      <TestMethod codeBase="D:\a\DNN.IonicToDo\DNN.IonicToDo\UnitTests\bin\UnitTests.dll" adapterTypeName="executor://xunit/VsTestRunner2/net" className="UnitTests.Data.Repositories.GenericRepositoryTests" name="GenericRepositoryGetsAll" />
    </UnitTest>
    <UnitTest name="UnitTests.Services.ItemServiceTests.UpdateItem_NullDto_Throws" storage="d:\a\dnn.ionictodo\dnn.ionictodo\unittests\bin\unittests.dll" id="263c08b1-704a-f3c2-309e-6dee831dbdc9">
      <Execution id="2b6807cc-58b8-40f7-99bb-fa5e8827971e" />
      <TestMethod codeBase="D:\a\DNN.IonicToDo\DNN.IonicToDo\UnitTests\bin\UnitTests.dll" adapterTypeName="executor://xunit/VsTestRunner2/net" className="UnitTests.Services.ItemServiceTests" name="UpdateItem_NullDto_Throws" />
    </UnitTest>
    <UnitTest name="UnitTests.Services.LoggingServiceTests.LoggingService_DefaultConstructorExists" storage="d:\a\dnn.ionictodo\dnn.ionictodo\unittests\bin\unittests.dll" id="8ba31d1b-48e3-e04e-cff0-b927c63b4a19">
      <Execution id="db6f62a5-c54f-4e92-b9e8-177c708615ea" />
      <TestMethod codeBase="D:\a\DNN.IonicToDo\DNN.IonicToDo\UnitTests\bin\UnitTests.dll" adapterTypeName="executor://xunit/VsTestRunner2/net" className="UnitTests.Services.LoggingServiceTests" name="LoggingService_DefaultConstructorExists" />
    </UnitTest>
    <UnitTest name="UnitTests.EntensionMethodTests.IQueryable_IsOrdered_ThrowsWithNull" storage="d:\a\dnn.ionictodo\dnn.ionictodo\unittests\bin\unittests.dll" id="73fc5149-51d6-8241-9c9f-f48c28e448e3">
      <Execution id="d93ce543-971c-4ef2-97ab-b59579508616" />
      <TestMethod codeBase="D:\a\DNN.IonicToDo\DNN.IonicToDo\UnitTests\bin\UnitTests.dll" adapterTypeName="executor://xunit/VsTestRunner2/net" className="UnitTests.EntensionMethodTests" name="IQueryable_IsOrdered_ThrowsWithNull" />
    </UnitTest>
    <UnitTest name="UnitTests.Data.Repositories.GenericRepositoryTests.GenericRepositoryCreate_ThrowsWithNullEntity" storage="d:\a\dnn.ionictodo\dnn.ionictodo\unittests\bin\unittests.dll" id="36689490-09d4-917f-648a-70dcfcfede10">
      <Execution id="1cac538d-be8c-40c0-87d0-56ef4dc96d85" />
      <TestMethod codeBase="D:\a\DNN.IonicToDo\DNN.IonicToDo\UnitTests\bin\UnitTests.dll" adapterTypeName="executor://xunit/VsTestRunner2/net" className="UnitTests.Data.Repositories.GenericRepositoryTests" name="GenericRepositoryCreate_ThrowsWithNullEntity" />
    </UnitTest>
    <UnitTest name="UnitTests.Controllers.ItemControllerTests.CreateItem_Creates" storage="d:\a\dnn.ionictodo\dnn.ionictodo\unittests\bin\unittests.dll" id="588a2c1b-7788-beb2-ade0-06788d455d25">
      <Execution id="533cd76b-e10d-4a10-b65b-0dd4dbb1b5b5" />
      <TestMethod codeBase="D:\a\DNN.IonicToDo\DNN.IonicToDo\UnitTests\bin\UnitTests.dll" adapterTypeName="executor://xunit/VsTestRunner2/net" className="UnitTests.Controllers.ItemControllerTests" name="CreateItem_Creates" />
    </UnitTest>
    <UnitTest name="UnitTests.Controllers.ModuleApiControllerTests.CanEdit_Set_Throws" storage="d:\a\dnn.ionictodo\dnn.ionictodo\unittests\bin\unittests.dll" id="5f92ec4d-d570-0452-b891-d4cee75db9dd">
      <Execution id="5c66a383-0894-4369-a0f7-2c86ece15166" />
      <TestMethod codeBase="D:\a\DNN.IonicToDo\DNN.IonicToDo\UnitTests\bin\UnitTests.dll" adapterTypeName="executor://xunit/VsTestRunner2/net" className="UnitTests.Controllers.ModuleApiControllerTests" name="CanEdit_Set_Throws" />
    </UnitTest>
    <UnitTest name="UnitTests.Data.Repositories.GenericRepositoryTests.Repository_Create_UsesUserId" storage="d:\a\dnn.ionictodo\dnn.ionictodo\unittests\bin\unittests.dll" id="e1c7f76f-6195-c844-23c0-304b47fbae66">
      <Execution id="fc800b66-7a5f-4794-8a7d-f80937533fda" />
      <TestMethod codeBase="D:\a\DNN.IonicToDo\DNN.IonicToDo\UnitTests\bin\UnitTests.dll" adapterTypeName="executor://xunit/VsTestRunner2/net" className="UnitTests.Data.Repositories.GenericRepositoryTests" name="Repository_Create_UsesUserId" />
    </UnitTest>
    <UnitTest name="UnitTests.Controllers.ItemControllerTests.UpdateItem_Updates" storage="d:\a\dnn.ionictodo\dnn.ionictodo\unittests\bin\unittests.dll" id="315adde5-f36d-a74f-aa46-fb22a0f78cd9">
      <Execution id="b2c04daa-1d96-4de0-b7d6-e4a24ee31c3a" />
      <TestMethod codeBase="D:\a\DNN.IonicToDo\DNN.IonicToDo\UnitTests\bin\UnitTests.dll" adapterTypeName="executor://xunit/VsTestRunner2/net" className="UnitTests.Controllers.ItemControllerTests" name="UpdateItem_Updates" />
    </UnitTest>
    <UnitTest name="UnitTests.Controllers.ModuleExceptionFilterAttributeTests.ArgumentException_BadRequest" storage="d:\a\dnn.ionictodo\dnn.ionictodo\unittests\bin\unittests.dll" id="a21637b0-54f8-4fa0-bc3b-95481a9fd90b">
      <Execution id="4a58474d-f2ba-441c-b4ca-66e221aa7a2c" />
      <TestMethod codeBase="D:\a\DNN.IonicToDo\DNN.IonicToDo\UnitTests\bin\UnitTests.dll" adapterTypeName="executor://xunit/VsTestRunner2/net" className="UnitTests.Controllers.ModuleExceptionFilterAttributeTests" name="ArgumentException_BadRequest" />
    </UnitTest>
    <UnitTest name="UnitTests.Controllers.ModuleExceptionFilterAttributeTests.NoException_DoesNothing" storage="d:\a\dnn.ionictodo\dnn.ionictodo\unittests\bin\unittests.dll" id="113f48ce-a6a3-c5df-7589-ba5a5fcb9c59">
      <Execution id="0e674b3e-3aea-42c0-a5b5-43eda67bbb11" />
      <TestMethod codeBase="D:\a\DNN.IonicToDo\DNN.IonicToDo\UnitTests\bin\UnitTests.dll" adapterTypeName="executor://xunit/VsTestRunner2/net" className="UnitTests.Controllers.ModuleExceptionFilterAttributeTests" name="NoException_DoesNothing" />
    </UnitTest>
    <UnitTest name="UnitTests.Controllers.ItemControllerTests.GetItemsPage_GetsProperPages" storage="d:\a\dnn.ionictodo\dnn.ionictodo\unittests\bin\unittests.dll" id="1017c6c1-9dd0-57dc-36e7-bb573d02562e">
      <Execution id="7f5edc72-c9d6-40ec-96fe-c2337b4fc4fe" />
      <TestMethod codeBase="D:\a\DNN.IonicToDo\DNN.IonicToDo\UnitTests\bin\UnitTests.dll" adapterTypeName="executor://xunit/VsTestRunner2/net" className="UnitTests.Controllers.ItemControllerTests" name="GetItemsPage_GetsProperPages" />
    </UnitTest>
    <UnitTest name="UnitTests.Data.Repositories.GenericRepositoryTests.GenericRepositoryDeletes" storage="d:\a\dnn.ionictodo\dnn.ionictodo\unittests\bin\unittests.dll" id="0bc54975-0bff-692e-a9b3-fc69f2c95a39">
      <Execution id="bd4d5c65-c6e9-4e84-987f-f62c0b5f6bae" />
      <TestMethod codeBase="D:\a\DNN.IonicToDo\DNN.IonicToDo\UnitTests\bin\UnitTests.dll" adapterTypeName="executor://xunit/VsTestRunner2/net" className="UnitTests.Data.Repositories.GenericRepositoryTests" name="GenericRepositoryDeletes" />
    </UnitTest>
    <UnitTest name="UnitTests.Controllers.ItemControllerTests.DeleteItem_Deletes(itemId: 10)" storage="d:\a\dnn.ionictodo\dnn.ionictodo\unittests\bin\unittests.dll" id="d6094ca1-b65b-5133-f464-9f7d01f0d023">
      <Execution id="fb00b1f9-4211-47b3-b86a-ecbf16ec20cb" />
      <TestMethod codeBase="D:\a\DNN.IonicToDo\DNN.IonicToDo\UnitTests\bin\UnitTests.dll" adapterTypeName="executor://xunit/VsTestRunner2/net" className="UnitTests.Controllers.ItemControllerTests" name="DeleteItem_Deletes" />
    </UnitTest>
    <UnitTest name="UnitTests.Data.Repositories.GenericRepositoryTests.GenericRepositoryUpdates" storage="d:\a\dnn.ionictodo\dnn.ionictodo\unittests\bin\unittests.dll" id="70ede014-c412-e387-bb98-e95b3b42090d">
      <Execution id="ca6e2021-c58c-4b1f-98cc-d769c7ead045" />
      <TestMethod codeBase="D:\a\DNN.IonicToDo\DNN.IonicToDo\UnitTests\bin\UnitTests.dll" adapterTypeName="executor://xunit/VsTestRunner2/net" className="UnitTests.Data.Repositories.GenericRepositoryTests" name="GenericRepositoryUpdates" />
    </UnitTest>
    <UnitTest name="UnitTests.Data.Repositories.GenericRepositoryTests.Repository_Update_DefaultAudit" storage="d:\a\dnn.ionictodo\dnn.ionictodo\unittests\bin\unittests.dll" id="44b00d3a-bad7-aefd-141c-4a35b11463b2">
      <Execution id="5f9d1626-18d8-4229-986c-6f51e9f2909b" />
      <TestMethod codeBase="D:\a\DNN.IonicToDo\DNN.IonicToDo\UnitTests\bin\UnitTests.dll" adapterTypeName="executor://xunit/VsTestRunner2/net" className="UnitTests.Data.Repositories.GenericRepositoryTests" name="Repository_Update_DefaultAudit" />
    </UnitTest>
    <UnitTest name="UnitTests.Services.ItemServiceTests.UpdateItem_Updates" storage="d:\a\dnn.ionictodo\dnn.ionictodo\unittests\bin\unittests.dll" id="130d9133-361f-a0da-f15e-423eb98947ac">
      <Execution id="902bb375-2a06-4d7d-af81-61bec487506c" />
      <TestMethod codeBase="D:\a\DNN.IonicToDo\DNN.IonicToDo\UnitTests\bin\UnitTests.dll" adapterTypeName="executor://xunit/VsTestRunner2/net" className="UnitTests.Services.ItemServiceTests" name="UpdateItem_Updates" />
    </UnitTest>
    <UnitTest name="UnitTests.Data.Repositories.GenericRepositoryTests.GenericRepositoryGetsAll(iterations: 2)" storage="d:\a\dnn.ionictodo\dnn.ionictodo\unittests\bin\unittests.dll" id="ffe5c770-9b99-42c0-ce21-7e50cccf4385">
      <Execution id="9cab78f2-8656-4802-859e-ed6d5d47b198" />
      <TestMethod codeBase="D:\a\DNN.IonicToDo\DNN.IonicToDo\UnitTests\bin\UnitTests.dll" adapterTypeName="executor://xunit/VsTestRunner2/net" className="UnitTests.Data.Repositories.GenericRepositoryTests" name="GenericRepositoryGetsAll" />
    </UnitTest>
    <UnitTest name="UnitTests.Data.Repositories.GenericRepositoryTests.GenericRepositoryGetsAll(iterations: 0)" storage="d:\a\dnn.ionictodo\dnn.ionictodo\unittests\bin\unittests.dll" id="4fe0dd0f-2fa0-9c42-e816-a6df28150b72">
      <Execution id="32336865-f6c5-4c56-8e81-d6f8a1e68c24" />
      <TestMethod codeBase="D:\a\DNN.IonicToDo\DNN.IonicToDo\UnitTests\bin\UnitTests.dll" adapterTypeName="executor://xunit/VsTestRunner2/net" className="UnitTests.Data.Repositories.GenericRepositoryTests" name="GenericRepositoryGetsAll" />
    </UnitTest>
    <UnitTest name="UnitTests.EntensionMethodTests.IQueryable_IsOrdered_Works(ordered: False, descending: False, lastOrder: True)" storage="d:\a\dnn.ionictodo\dnn.ionictodo\unittests\bin\unittests.dll" id="0dc5a512-bfd0-bc80-f676-16e6d961ec4d">
      <Execution id="117917a8-f8d8-495b-bb28-cb03f1bd70ad" />
      <TestMethod codeBase="D:\a\DNN.IonicToDo\DNN.IonicToDo\UnitTests\bin\UnitTests.dll" adapterTypeName="executor://xunit/VsTestRunner2/net" className="UnitTests.EntensionMethodTests" name="IQueryable_IsOrdered_Works" />
    </UnitTest>
    <UnitTest name="UnitTests.EntensionMethodTests.IQueryable_GetPage_PagesProperly(count: 0, page: 0, pageSize: 0, expedtedPages: 0, expectedItems: 0, firstId: null, descending: False)" storage="d:\a\dnn.ionictodo\dnn.ionictodo\unittests\bin\unittests.dll" id="8bbc68bc-7714-d990-1480-dfaedaafbd62">
      <Execution id="5bd3241f-9523-465c-8857-21fa96408b34" />
      <TestMethod codeBase="D:\a\DNN.IonicToDo\DNN.IonicToDo\UnitTests\bin\UnitTests.dll" adapterTypeName="executor://xunit/VsTestRunner2/net" className="UnitTests.EntensionMethodTests" name="IQueryable_GetPage_PagesProperly" />
    </UnitTest>
    <UnitTest name="UnitTests.Services.ItemServiceTests.CreateItem_NoItemThrows" storage="d:\a\dnn.ionictodo\dnn.ionictodo\unittests\bin\unittests.dll" id="f5652070-1b22-f5a7-3f3f-68b37c9184a8">
      <Execution id="382e13cc-e2cb-4816-a842-c696e81e9863" />
      <TestMethod codeBase="D:\a\DNN.IonicToDo\DNN.IonicToDo\UnitTests\bin\UnitTests.dll" adapterTypeName="executor://xunit/VsTestRunner2/net" className="UnitTests.Services.ItemServiceTests" name="CreateItem_NoItemThrows" />
    </UnitTest>
    <UnitTest name="UnitTests.Data.Entities.ItemTests.ItemPropertiesPersist(id: 1, name: &quot;Name1&quot;, description: &quot;Description1&quot;)" storage="d:\a\dnn.ionictodo\dnn.ionictodo\unittests\bin\unittests.dll" id="392ed628-2028-c945-b97e-893658a1e82b">
      <Execution id="b492bb59-393b-4828-a2f7-ab5e25e27cf3" />
      <TestMethod codeBase="D:\a\DNN.IonicToDo\DNN.IonicToDo\UnitTests\bin\UnitTests.dll" adapterTypeName="executor://xunit/VsTestRunner2/net" className="UnitTests.Data.Entities.ItemTests" name="ItemPropertiesPersist" />
    </UnitTest>
    <UnitTest name="UnitTests.EntensionMethodTests.IQueryable_IsOrdered_Works(ordered: True, descending: False, lastOrder: False)" storage="d:\a\dnn.ionictodo\dnn.ionictodo\unittests\bin\unittests.dll" id="b72028ed-e29e-ac6a-9e2e-bf700facee4e">
      <Execution id="a3957748-c4ea-4c4c-8764-260ebf2c1904" />
      <TestMethod codeBase="D:\a\DNN.IonicToDo\DNN.IonicToDo\UnitTests\bin\UnitTests.dll" adapterTypeName="executor://xunit/VsTestRunner2/net" className="UnitTests.EntensionMethodTests" name="IQueryable_IsOrdered_Works" />
    </UnitTest>
  </TestDefinitions>
  <TestEntries>
    <TestEntry testId="19223079-ea41-5691-855c-970af1a1e611" executionId="48e10b98-2ed0-495a-b518-2a7dc93d28c6" testListId="8c84fa94-04c1-424b-9868-57a2d4851a1d" />
    <TestEntry testId="0f141a30-05bd-f4ed-a627-d40adca6b3ca" executionId="d250bc37-e379-4045-afbd-d1639e510250" testListId="8c84fa94-04c1-424b-9868-57a2d4851a1d" />
    <TestEntry testId="ac2a99ba-3563-74a9-7d4c-8e91a58cd097" executionId="2a683499-72f8-4ff9-b683-6a070f435244" testListId="8c84fa94-04c1-424b-9868-57a2d4851a1d" />
    <TestEntry testId="3cbfa5d3-e0f6-eff8-ed5c-556fa1f3e131" executionId="540d9b4c-b0be-4162-a3e3-90a262ab0dd7" testListId="8c84fa94-04c1-424b-9868-57a2d4851a1d" />
    <TestEntry testId="e6610648-e456-1c64-d2b1-7e1242b871a8" executionId="63854288-1bc2-4201-b058-1203829db0da" testListId="8c84fa94-04c1-424b-9868-57a2d4851a1d" />
    <TestEntry testId="44b00d3a-bad7-aefd-141c-4a35b11463b2" executionId="5f9d1626-18d8-4229-986c-6f51e9f2909b" testListId="8c84fa94-04c1-424b-9868-57a2d4851a1d" />
    <TestEntry testId="4fe0dd0f-2fa0-9c42-e816-a6df28150b72" executionId="32336865-f6c5-4c56-8e81-d6f8a1e68c24" testListId="8c84fa94-04c1-424b-9868-57a2d4851a1d" />
    <TestEntry testId="61a8ccc9-c5b1-047b-3c97-f777ccc7d30b" executionId="a4f26f49-e83d-4524-a3fb-7b39e6719473" testListId="8c84fa94-04c1-424b-9868-57a2d4851a1d" />
    <TestEntry testId="0bc54975-0bff-692e-a9b3-fc69f2c95a39" executionId="bd4d5c65-c6e9-4e84-987f-f62c0b5f6bae" testListId="8c84fa94-04c1-424b-9868-57a2d4851a1d" />
    <TestEntry testId="478b61ee-7d85-9dbe-985d-08c590f8666a" executionId="aab6b907-eb63-4cf8-83ec-4a7cde853deb" testListId="8c84fa94-04c1-424b-9868-57a2d4851a1d" />
    <TestEntry testId="986d7e6e-d04d-b204-b01c-fbb8f09c7774" executionId="d8156de7-c7cb-4553-998b-88a122735943" testListId="8c84fa94-04c1-424b-9868-57a2d4851a1d" />
    <TestEntry testId="2d3a68b5-bf4c-0513-b733-5ed612794244" executionId="62522f58-caae-4225-8f60-b4a24658666c" testListId="8c84fa94-04c1-424b-9868-57a2d4851a1d" />
    <TestEntry testId="0864c31d-6119-84d6-7f52-9d349dabbe84" executionId="a3e1c5cc-30a0-41a3-b0e1-6a8c5b76b3f6" testListId="8c84fa94-04c1-424b-9868-57a2d4851a1d" />
    <TestEntry testId="0dc5a512-bfd0-bc80-f676-16e6d961ec4d" executionId="117917a8-f8d8-495b-bb28-cb03f1bd70ad" testListId="8c84fa94-04c1-424b-9868-57a2d4851a1d" />
    <TestEntry testId="7e661283-b2b2-d632-266b-6af1f3374c08" executionId="9e941864-80e0-4680-941f-bc9ce989a6bf" testListId="8c84fa94-04c1-424b-9868-57a2d4851a1d" />
    <TestEntry testId="d16880d7-fb44-f209-43d9-ba2e0e1875de" executionId="6f5a0081-327e-4105-9c44-f9f6ec05b4ef" testListId="8c84fa94-04c1-424b-9868-57a2d4851a1d" />
    <TestEntry testId="f46af852-6230-3d31-e31c-2959bffd491f" executionId="3a1a18d5-c9ff-4245-8c1a-55163b197838" testListId="8c84fa94-04c1-424b-9868-57a2d4851a1d" />
    <TestEntry testId="8ba31d1b-48e3-e04e-cff0-b927c63b4a19" executionId="db6f62a5-c54f-4e92-b9e8-177c708615ea" testListId="8c84fa94-04c1-424b-9868-57a2d4851a1d" />
    <TestEntry testId="d15ea2a7-9f9f-b92b-50fa-470898da705d" executionId="e9203c7d-22d9-4bf3-bd6f-3ef5589b779a" testListId="8c84fa94-04c1-424b-9868-57a2d4851a1d" />
    <TestEntry testId="572fc310-4b67-9555-f147-153d39f2eb82" executionId="ab4ef51d-4fbc-486c-a21c-305b86c8d62d" testListId="8c84fa94-04c1-424b-9868-57a2d4851a1d" />
    <TestEntry testId="b80893de-3e2d-6029-ec19-65c03fd119c3" executionId="c9200130-9477-4d8e-9462-232dc9bc7b91" testListId="8c84fa94-04c1-424b-9868-57a2d4851a1d" />
    <TestEntry testId="73fc5149-51d6-8241-9c9f-f48c28e448e3" executionId="d93ce543-971c-4ef2-97ab-b59579508616" testListId="8c84fa94-04c1-424b-9868-57a2d4851a1d" />
    <TestEntry testId="6f0b47a1-9d18-a5d8-8dd1-c8f266712c15" executionId="7eb94c3d-9712-42de-b31e-3aa52480b15c" testListId="8c84fa94-04c1-424b-9868-57a2d4851a1d" />
    <TestEntry testId="5f92ec4d-d570-0452-b891-d4cee75db9dd" executionId="5c66a383-0894-4369-a0f7-2c86ece15166" testListId="8c84fa94-04c1-424b-9868-57a2d4851a1d" />
    <TestEntry testId="2aef35a8-73ad-0c03-c8a4-2b5a1d37af8f" executionId="927a181b-9f23-4fe0-a373-6bb0e783c133" testListId="8c84fa94-04c1-424b-9868-57a2d4851a1d" />
    <TestEntry testId="e1c7f76f-6195-c844-23c0-304b47fbae66" executionId="fc800b66-7a5f-4794-8a7d-f80937533fda" testListId="8c84fa94-04c1-424b-9868-57a2d4851a1d" />
    <TestEntry testId="f5652070-1b22-f5a7-3f3f-68b37c9184a8" executionId="382e13cc-e2cb-4816-a842-c696e81e9863" testListId="8c84fa94-04c1-424b-9868-57a2d4851a1d" />
    <TestEntry testId="a9198ad3-782e-a37c-0b5f-1330f5318f55" executionId="b7ee6195-2197-4df3-a67c-fb080c274bef" testListId="8c84fa94-04c1-424b-9868-57a2d4851a1d" />
    <TestEntry testId="130d9133-361f-a0da-f15e-423eb98947ac" executionId="902bb375-2a06-4d7d-af81-61bec487506c" testListId="8c84fa94-04c1-424b-9868-57a2d4851a1d" />
    <TestEntry testId="315adde5-f36d-a74f-aa46-fb22a0f78cd9" executionId="b2c04daa-1d96-4de0-b7d6-e4a24ee31c3a" testListId="8c84fa94-04c1-424b-9868-57a2d4851a1d" />
    <TestEntry testId="ffe5c770-9b99-42c0-ce21-7e50cccf4385" executionId="9cab78f2-8656-4802-859e-ed6d5d47b198" testListId="8c84fa94-04c1-424b-9868-57a2d4851a1d" />
    <TestEntry testId="2695f427-ed7b-9f97-5696-f97a7702128c" executionId="38f00cb5-f2ea-4144-8d25-d145320dfb14" testListId="8c84fa94-04c1-424b-9868-57a2d4851a1d" />
    <TestEntry testId="3140ebc5-2430-06b3-4257-a6794b9b09ac" executionId="93e9be43-90f3-493d-9f8b-dd201b1346c5" testListId="8c84fa94-04c1-424b-9868-57a2d4851a1d" />
    <TestEntry testId="36689490-09d4-917f-648a-70dcfcfede10" executionId="1cac538d-be8c-40c0-87d0-56ef4dc96d85" testListId="8c84fa94-04c1-424b-9868-57a2d4851a1d" />
    <TestEntry testId="a21637b0-54f8-4fa0-bc3b-95481a9fd90b" executionId="8d391cfa-923a-4779-adf9-fb4b717a0bc4" testListId="8c84fa94-04c1-424b-9868-57a2d4851a1d" />
    <TestEntry testId="0ebf358f-9eac-9438-b418-9c6aa81a6377" executionId="b301e843-3d3b-4d56-b861-7c8b713473ec" testListId="8c84fa94-04c1-424b-9868-57a2d4851a1d" />
    <TestEntry testId="392ed628-2028-c945-b97e-893658a1e82b" executionId="b492bb59-393b-4828-a2f7-ab5e25e27cf3" testListId="8c84fa94-04c1-424b-9868-57a2d4851a1d" />
    <TestEntry testId="95a0a379-a9bd-3d99-f720-e626260de7f6" executionId="5436718c-a99a-4fc9-9c9e-80faa1e6e775" testListId="8c84fa94-04c1-424b-9868-57a2d4851a1d" />
    <TestEntry testId="ac1c50bc-98fd-036f-fe0f-d46cb187f90e" executionId="96866ccd-74b0-4047-b538-4015094aa632" testListId="8c84fa94-04c1-424b-9868-57a2d4851a1d" />
    <TestEntry testId="d5b75914-a4f0-1327-0212-c8781f6dfe81" executionId="f613c7e0-4d77-48bd-b9e9-66b206a8fe57" testListId="8c84fa94-04c1-424b-9868-57a2d4851a1d" />
    <TestEntry testId="a21637b0-54f8-4fa0-bc3b-95481a9fd90b" executionId="4a58474d-f2ba-441c-b4ca-66e221aa7a2c" testListId="8c84fa94-04c1-424b-9868-57a2d4851a1d" />
    <TestEntry testId="168fc980-36e3-101b-62b1-f5ab71e9fc0d" executionId="78df3790-4314-4ec5-b08d-d9382fadb1e4" testListId="8c84fa94-04c1-424b-9868-57a2d4851a1d" />
    <TestEntry testId="ae39aa62-5ff2-56e7-d00e-ef116d711d51" executionId="e10183b6-7b16-4c1c-b755-5b199fa67cc9" testListId="8c84fa94-04c1-424b-9868-57a2d4851a1d" />
    <TestEntry testId="4bb697d7-9cb3-28c5-7c49-3e60c8ee823d" executionId="f0cd6c7e-4b0e-40f8-9873-86ff89aa4661" testListId="8c84fa94-04c1-424b-9868-57a2d4851a1d" />
    <TestEntry testId="a21637b0-54f8-4fa0-bc3b-95481a9fd90b" executionId="4a209486-3361-4882-adfd-60caaa6451c0" testListId="8c84fa94-04c1-424b-9868-57a2d4851a1d" />
    <TestEntry testId="1a74e347-4470-5271-97ab-1ebaf8693270" executionId="9b5e6594-2b51-41d0-a875-38120887bbe6" testListId="8c84fa94-04c1-424b-9868-57a2d4851a1d" />
    <TestEntry testId="96a18501-dea4-70b1-d572-baa1bb120da2" executionId="048973d7-04a3-43eb-ad7d-851cf7deba86" testListId="8c84fa94-04c1-424b-9868-57a2d4851a1d" />
    <TestEntry testId="f754f777-4449-23e8-f4ec-917f49117de2" executionId="ebbb6e02-4962-4e62-b4f3-dcf49bb7c175" testListId="8c84fa94-04c1-424b-9868-57a2d4851a1d" />
    <TestEntry testId="d6094ca1-b65b-5133-f464-9f7d01f0d023" executionId="fb00b1f9-4211-47b3-b86a-ecbf16ec20cb" testListId="8c84fa94-04c1-424b-9868-57a2d4851a1d" />
    <TestEntry testId="d1c63cb7-1f9a-a8bf-a217-a4cbb4e5f73b" executionId="9178dd69-d98e-4d04-b854-f827bffbfd2f" testListId="8c84fa94-04c1-424b-9868-57a2d4851a1d" />
    <TestEntry testId="a21637b0-54f8-4fa0-bc3b-95481a9fd90b" executionId="cb556b28-e9c4-4c63-af80-30bae6d20dde" testListId="8c84fa94-04c1-424b-9868-57a2d4851a1d" />
    <TestEntry testId="320e3c11-11d1-b3ef-0d2e-5e474f674ff1" executionId="6cd39970-c078-427f-8297-9c048060082d" testListId="8c84fa94-04c1-424b-9868-57a2d4851a1d" />
    <TestEntry testId="e4f8faa7-d0ad-86e6-1579-7bd52372b4c3" executionId="7c65a5c4-68ff-4f1c-9031-8c12ac125840" testListId="8c84fa94-04c1-424b-9868-57a2d4851a1d" />
    <TestEntry testId="9207202d-19b8-8eb5-74dc-6aa5d849467c" executionId="9f232a55-0e73-47cf-bd7e-f23ea0fcfca8" testListId="8c84fa94-04c1-424b-9868-57a2d4851a1d" />
    <TestEntry testId="1c164fbc-1ab1-9884-ccb8-9e84f4c977d0" executionId="ee7f9908-125d-471a-9932-05d4f27a3d63" testListId="8c84fa94-04c1-424b-9868-57a2d4851a1d" />
    <TestEntry testId="ad3412e8-5f64-2020-a5b6-bd4cca8c3b7d" executionId="c9c7e611-e30c-45f8-95b6-709772e4e6bf" testListId="8c84fa94-04c1-424b-9868-57a2d4851a1d" />
    <TestEntry testId="b72028ed-e29e-ac6a-9e2e-bf700facee4e" executionId="a3957748-c4ea-4c4c-8764-260ebf2c1904" testListId="8c84fa94-04c1-424b-9868-57a2d4851a1d" />
    <TestEntry testId="70ede014-c412-e387-bb98-e95b3b42090d" executionId="ca6e2021-c58c-4b1f-98cc-d769c7ead045" testListId="8c84fa94-04c1-424b-9868-57a2d4851a1d" />
    <TestEntry testId="aec60494-3c2e-8ec9-f948-da5bb2043983" executionId="d46c7e86-7c82-41c5-8339-d49a55899703" testListId="8c84fa94-04c1-424b-9868-57a2d4851a1d" />
    <TestEntry testId="24cfa8b0-48c3-8aab-e4c2-88694c220e2c" executionId="fbf4f736-d61b-464d-9fb0-1acfdb54dfa5" testListId="8c84fa94-04c1-424b-9868-57a2d4851a1d" />
    <TestEntry testId="b76e01b1-6afe-f33b-c6a9-ea3347176509" executionId="4695d2b3-ecef-4e49-bcfc-b1b3891a1e96" testListId="8c84fa94-04c1-424b-9868-57a2d4851a1d" />
    <TestEntry testId="1b051fa0-d4cc-1b32-80bb-d56b714e3066" executionId="cfe73174-1b5c-4f90-9d80-b5f6585f12d7" testListId="8c84fa94-04c1-424b-9868-57a2d4851a1d" />
    <TestEntry testId="8bbc68bc-7714-d990-1480-dfaedaafbd62" executionId="5bd3241f-9523-465c-8857-21fa96408b34" testListId="8c84fa94-04c1-424b-9868-57a2d4851a1d" />
    <TestEntry testId="92b7b9f6-1294-7ea1-ffa3-91fba85074d4" executionId="ff96eaaa-a73d-4965-b151-da3dee83c68c" testListId="8c84fa94-04c1-424b-9868-57a2d4851a1d" />
    <TestEntry testId="e6e0a140-85e7-6935-6160-ab95ecfd3c8a" executionId="8c29c0dd-c8be-469e-8d07-5f782a84d9d3" testListId="8c84fa94-04c1-424b-9868-57a2d4851a1d" />
    <TestEntry testId="19b6234c-c2df-2304-54f9-54b0da4cd6ba" executionId="489cd917-e143-4031-9571-06842afca484" testListId="8c84fa94-04c1-424b-9868-57a2d4851a1d" />
    <TestEntry testId="588a2c1b-7788-beb2-ade0-06788d455d25" executionId="533cd76b-e10d-4a10-b65b-0dd4dbb1b5b5" testListId="8c84fa94-04c1-424b-9868-57a2d4851a1d" />
    <TestEntry testId="1017c6c1-9dd0-57dc-36e7-bb573d02562e" executionId="7f5edc72-c9d6-40ec-96fe-c2337b4fc4fe" testListId="8c84fa94-04c1-424b-9868-57a2d4851a1d" />
    <TestEntry testId="bae3532a-4a9e-c4ab-fc66-4dfa22d16170" executionId="cde753f3-c0da-49ee-a26d-fd65f46bb8cf" testListId="8c84fa94-04c1-424b-9868-57a2d4851a1d" />
    <TestEntry testId="a21637b0-54f8-4fa0-bc3b-95481a9fd90b" executionId="5e7ce3b6-ba94-4915-9ec7-fa2fd98425e5" testListId="8c84fa94-04c1-424b-9868-57a2d4851a1d" />
    <TestEntry testId="a21637b0-54f8-4fa0-bc3b-95481a9fd90b" executionId="17a675ea-4cc0-4efb-b509-bdab7156e0bc" testListId="8c84fa94-04c1-424b-9868-57a2d4851a1d" />
    <TestEntry testId="113f48ce-a6a3-c5df-7589-ba5a5fcb9c59" executionId="0e674b3e-3aea-42c0-a5b5-43eda67bbb11" testListId="8c84fa94-04c1-424b-9868-57a2d4851a1d" />
    <TestEntry testId="e55f1742-c16d-5086-2251-ad3372dd48f5" executionId="e7e4c50e-e668-4bf2-a010-3a7e94880a4c" testListId="8c84fa94-04c1-424b-9868-57a2d4851a1d" />
    <TestEntry testId="263c08b1-704a-f3c2-309e-6dee831dbdc9" executionId="2b6807cc-58b8-40f7-99bb-fa5e8827971e" testListId="8c84fa94-04c1-424b-9868-57a2d4851a1d" />
    <TestEntry testId="9168bdef-a759-f4d6-b890-b643e17324cf" executionId="7e8f526a-42f8-42da-935b-ce9f790fb6b8" testListId="8c84fa94-04c1-424b-9868-57a2d4851a1d" />
    <TestEntry testId="0247c7e7-7d1c-099b-2ac8-81a47ff2509a" executionId="a9b98f5f-cc69-476a-9034-99c379a5a176" testListId="8c84fa94-04c1-424b-9868-57a2d4851a1d" />
  </TestEntries>
  <TestLists>
    <TestList name="Results Not in a List" id="8c84fa94-04c1-424b-9868-57a2d4851a1d" />
    <TestList name="All Loaded Results" id="19431567-8539-422a-85d7-44ee4e166bda" />
  </TestLists>
  <ResultSummary outcome="Completed">
    <Counters total="76" executed="76" passed="76" failed="0" error="0" timeout="0" aborted="0" inconclusive="0" passedButRunAborted="0" notRunnable="0" notExecuted="0" disconnected="0" warning="0" completed="0" inProgress="0" pending="0" />
    <Output>
      <StdOut>[xUnit.net 00:00:00.00] xUnit.net VSTest Adapter v2.4.3+1b45f5407b (32-bit Desktop .NET 4.0.30319.42000)&#xD;
[xUnit.net 00:00:01.00]   Discovering: UnitTests&#xD;
[xUnit.net 00:00:01.26]   Discovered:  UnitTests&#xD;
[xUnit.net 00:00:01.27]   Starting:    UnitTests&#xD;
[xUnit.net 00:00:05.21]   Finished:    UnitTests&#xD;
</StdOut>
    </Output>
  </ResultSummary>
</TestRun>