<?xml version="1.0" encoding="utf-8"?>
<TestRun id="0b7277a1-3fba-41b4-bf0f-a9a2eb2bfa26" name="runneradmin@fv-az41-788 2022-01-21 00:14:03" runUser="fv-az41-788\runneradmin" xmlns="http://microsoft.com/schemas/VisualStudio/TeamTest/2010">
  <Times creation="2022-01-21T00:14:03.1866737+00:00" queuing="2022-01-21T00:14:03.1866740+00:00" start="2022-01-21T00:14:00.6522188+00:00" finish="2022-01-21T00:14:06.6253275+00:00" />
  <TestSettings name="default" id="7c715251-39c2-43af-9dd1-958b4fc49289">
    <Deployment runDeploymentRoot="runneradmin_fv-az41-788_2022-01-21_00_14_03" />
  </TestSettings>
  <Results>
    <UnitTestResult executionId="8e96b180-178d-4cad-b21a-b1e931506a04" testId="6f0b47a1-9d18-a5d8-8dd1-c8f266712c15" testName="UnitTests.EntensionMethodTests.IQueryable_IsOrdered_Works(ordered: True, descending: True, lastOrder: False)" computerName="fv-az41-788" duration="00:00:00.0080000" startTime="2022-01-21T00:14:05.9315161+00:00" endTime="2022-01-21T00:14:05.9315161+00:00" testType="13cdc9d9-ddb5-4fa4-a97d-d965ccfc6d4b" outcome="Passed" testListId="8c84fa94-04c1-424b-9868-57a2d4851a1d" relativeResultsDirectory="8e96b180-178d-4cad-b21a-b1e931506a04" />
    <UnitTestResult executionId="56f5e414-743b-4a51-81f6-22d768ce07df" testId="b72028ed-e29e-ac6a-9e2e-bf700facee4e" testName="UnitTests.EntensionMethodTests.IQueryable_IsOrdered_Works(ordered: True, descending: False, lastOrder: False)" computerName="fv-az41-788" duration="00:00:00.0080000" startTime="2022-01-21T00:14:05.9715193+00:00" endTime="2022-01-21T00:14:05.9715193+00:00" testType="13cdc9d9-ddb5-4fa4-a97d-d965ccfc6d4b" outcome="Passed" testListId="8c84fa94-04c1-424b-9868-57a2d4851a1d" relativeResultsDirectory="56f5e414-743b-4a51-81f6-22d768ce07df" />
    <UnitTestResult executionId="b2346a9d-c665-45b2-bc74-16276f68a802" testId="315adde5-f36d-a74f-aa46-fb22a0f78cd9" testName="UnitTests.Controllers.ItemControllerTests.UpdateItem_Updates" computerName="fv-az41-788" duration="00:00:00.0220000" startTime="2022-01-21T00:14:02.9658786+00:00" endTime="2022-01-21T00:14:02.9658786+00:00" testType="13cdc9d9-ddb5-4fa4-a97d-d965ccfc6d4b" outcome="Passed" testListId="8c84fa94-04c1-424b-9868-57a2d4851a1d" relativeResultsDirectory="b2346a9d-c665-45b2-bc74-16276f68a802" />
    <UnitTestResult executionId="6853f2cb-d2c0-455c-b544-22690fdbbd1d" testId="1c164fbc-1ab1-9884-ccb8-9e84f4c977d0" testName="UnitTests.Services.ItemServiceTests.UpdateItem_NoName_Throws(name: &quot; &quot;)" computerName="fv-az41-788" duration="00:00:00.0010000" startTime="2022-01-21T00:14:03.1289037+00:00" endTime="2022-01-21T00:14:03.1289037+00:00" testType="13cdc9d9-ddb5-4fa4-a97d-d965ccfc6d4b" outcome="Passed" testListId="8c84fa94-04c1-424b-9868-57a2d4851a1d" relativeResultsDirectory="6853f2cb-d2c0-455c-b544-22690fdbbd1d" />
    <UnitTestResult executionId="aff0449e-aa02-441e-b8cd-866fa1832f76" testId="9207202d-19b8-8eb5-74dc-6aa5d849467c" testName="UnitTests.EntensionMethodTests.IQueryable_GetPage_PagesProperly(count: 10, page: 1, pageSize: 10, expedtedPages: 1, expectedItems: 10, firstId: 1, descending: False)" computerName="fv-az41-788" duration="00:00:00.0300000" startTime="2022-01-21T00:14:05.8555060+00:00" endTime="2022-01-21T00:14:05.8555060+00:00" testType="13cdc9d9-ddb5-4fa4-a97d-d965ccfc6d4b" outcome="Passed" testListId="8c84fa94-04c1-424b-9868-57a2d4851a1d" relativeResultsDirectory="aff0449e-aa02-441e-b8cd-866fa1832f76" />
    <UnitTestResult executionId="fb904d94-5aef-4079-96f1-8f3ec6e2c214" testId="130d9133-361f-a0da-f15e-423eb98947ac" testName="UnitTests.Services.ItemServiceTests.UpdateItem_Updates" computerName="fv-az41-788" duration="00:00:00.0210000" startTime="2022-01-21T00:14:03.1478989+00:00" endTime="2022-01-21T00:14:03.1478989+00:00" testType="13cdc9d9-ddb5-4fa4-a97d-d965ccfc6d4b" outcome="Passed" testListId="8c84fa94-04c1-424b-9868-57a2d4851a1d" relativeResultsDirectory="fb904d94-5aef-4079-96f1-8f3ec6e2c214" />
    <UnitTestResult executionId="60aff38f-81b3-4de0-a4db-409792eb7b9c" testId="392ed628-2028-c945-b97e-893658a1e82b" testName="UnitTests.Data.Entities.ItemTests.ItemPropertiesPersist(id: 1, name: &quot;Name1&quot;, description: &quot;Description1&quot;)" computerName="fv-az41-788" duration="00:00:00.0010000" startTime="2022-01-21T00:14:06.1445347+00:00" endTime="2022-01-21T00:14:06.1445347+00:00" testType="13cdc9d9-ddb5-4fa4-a97d-d965ccfc6d4b" outcome="Passed" testListId="8c84fa94-04c1-424b-9868-57a2d4851a1d" relativeResultsDirectory="60aff38f-81b3-4de0-a4db-409792eb7b9c" />
    <UnitTestResult executionId="8816ac65-8f29-44f2-9f98-597c891a60dd" testId="e4f8faa7-d0ad-86e6-1579-7bd52372b4c3" testName="UnitTests.Data.Repositories.GenericRepositoryTests.GenericRepositoryConstructs" computerName="fv-az41-788" duration="00:00:00.0010000" startTime="2022-01-21T00:14:05.8895100+00:00" endTime="2022-01-21T00:14:05.8895100+00:00" testType="13cdc9d9-ddb5-4fa4-a97d-d965ccfc6d4b" outcome="Passed" testListId="8c84fa94-04c1-424b-9868-57a2d4851a1d" relativeResultsDirectory="8816ac65-8f29-44f2-9f98-597c891a60dd" />
    <UnitTestResult executionId="8c57aa58-149b-46d3-95a9-590fd5dbf4c2" testId="d15ea2a7-9f9f-b92b-50fa-470898da705d" testName="UnitTests.Data.Repositories.GenericRepositoryTests.GenericRepositoryGetsAll(iterations: 3)" computerName="fv-az41-788" duration="00:00:00.0090000" startTime="2022-01-21T00:14:05.8635088+00:00" endTime="2022-01-21T00:14:05.8635088+00:00" testType="13cdc9d9-ddb5-4fa4-a97d-d965ccfc6d4b" outcome="Passed" testListId="8c84fa94-04c1-424b-9868-57a2d4851a1d" relativeResultsDirectory="8c57aa58-149b-46d3-95a9-590fd5dbf4c2" />
    <UnitTestResult executionId="8c1a75b9-58bc-494a-9394-242989792bf1" testId="61a8ccc9-c5b1-047b-3c97-f777ccc7d30b" testName="UnitTests.Controllers.ValidateModelAttributeTests.OnActionExecuting_Invalid_Works" computerName="fv-az41-788" duration="00:00:00.4680000" startTime="2022-01-21T00:14:06.4922577+00:00" endTime="2022-01-21T00:14:06.4922577+00:00" testType="13cdc9d9-ddb5-4fa4-a97d-d965ccfc6d4b" outcome="Passed" testListId="8c84fa94-04c1-424b-9868-57a2d4851a1d" relativeResultsDirectory="8c1a75b9-58bc-494a-9394-242989792bf1" />
    <UnitTestResult executionId="14ba6f31-b59a-4e0c-8a94-17e8f76788fd" testId="96a18501-dea4-70b1-d572-baa1bb120da2" testName="UnitTests.Data.Entities.ItemTests.ItemPropertiesPersist(id: 2, name: &quot;Name2&quot;, description: &quot;Description2&quot;)" computerName="fv-az41-788" duration="00:00:00.0010000" startTime="2022-01-21T00:14:06.1455349+00:00" endTime="2022-01-21T00:14:06.1455349+00:00" testType="13cdc9d9-ddb5-4fa4-a97d-d965ccfc6d4b" outcome="Passed" testListId="8c84fa94-04c1-424b-9868-57a2d4851a1d" relativeResultsDirectory="14ba6f31-b59a-4e0c-8a94-17e8f76788fd" />
    <UnitTestResult executionId="a2527844-be54-4e89-9a2d-4c8b1b30a57c" testId="b80893de-3e2d-6029-ec19-65c03fd119c3" testName="UnitTests.EntensionMethodTests.IQueryable_IsOrdered_Works(ordered: False, descending: True, lastOrder: False)" computerName="fv-az41-788" duration="00:00:00.0080000" startTime="2022-01-21T00:14:05.9245151+00:00" endTime="2022-01-21T00:14:05.9245151+00:00" testType="13cdc9d9-ddb5-4fa4-a97d-d965ccfc6d4b" outcome="Passed" testListId="8c84fa94-04c1-424b-9868-57a2d4851a1d" relativeResultsDirectory="a2527844-be54-4e89-9a2d-4c8b1b30a57c" />
    <UnitTestResult executionId="7c08702e-df88-42b1-9b3f-36ea6fb1ea82" testId="a21637b0-54f8-4fa0-bc3b-95481a9fd90b" testName="UnitTests.Controllers.ModuleExceptionFilterAttributeTests.ArgumentException_BadRequest(exception: System.NotImplementedException: Not Implemented, expectedStatusCode: NotImplemented)" computerName="fv-az41-788" duration="00:00:00.0010000" startTime="2022-01-21T00:14:03.4608051+00:00" endTime="2022-01-21T00:14:03.4608051+00:00" testType="13cdc9d9-ddb5-4fa4-a97d-d965ccfc6d4b" outcome="Passed" testListId="8c84fa94-04c1-424b-9868-57a2d4851a1d" relativeResultsDirectory="7c08702e-df88-42b1-9b3f-36ea6fb1ea82" />
    <UnitTestResult executionId="957fe1a2-a997-4844-8697-c4ad62e5a5f3" testId="ac2a99ba-3563-74a9-7d4c-8e91a58cd097" testName="UnitTests.Data.ModuleDbContextTests.DefaultConstructorThrows" computerName="fv-az41-788" duration="00:00:00.0070000" startTime="2022-01-21T00:14:06.1425360+00:00" endTime="2022-01-21T00:14:06.1425360+00:00" testType="13cdc9d9-ddb5-4fa4-a97d-d965ccfc6d4b" outcome="Passed" testListId="8c84fa94-04c1-424b-9868-57a2d4851a1d" relativeResultsDirectory="957fe1a2-a997-4844-8697-c4ad62e5a5f3" />
    <UnitTestResult executionId="40eb0e7e-c9a7-4211-9b0a-6550f4d85932" testId="e55f1742-c16d-5086-2251-ad3372dd48f5" testName="UnitTests.Controllers.ValidateModelAttributeTests.OnActionExecuting_Valid_Works" computerName="fv-az41-788" duration="00:00:00.0040000" startTime="2022-01-21T00:14:06.0235241+00:00" endTime="2022-01-21T00:14:06.0235241+00:00" testType="13cdc9d9-ddb5-4fa4-a97d-d965ccfc6d4b" outcome="Passed" testListId="8c84fa94-04c1-424b-9868-57a2d4851a1d" relativeResultsDirectory="40eb0e7e-c9a7-4211-9b0a-6550f4d85932" />
    <UnitTestResult executionId="17df63ab-7478-49d6-8362-6c5e11ffed1a" testId="a21637b0-54f8-4fa0-bc3b-95481a9fd90b" testName="UnitTests.Controllers.ModuleExceptionFilterAttributeTests.ArgumentException_BadRequest(exception: System.ArgumentOutOfRangeException: Specified argument was out of the range of valid values.&#xD;&#xA;Parameter name: Out of range, expectedStatusCode: BadRequest)" computerName="fv-az41-788" duration="00:00:00.0100000" startTime="2022-01-21T00:14:03.4578055+00:00" endTime="2022-01-21T00:14:03.4578055+00:00" testType="13cdc9d9-ddb5-4fa4-a97d-d965ccfc6d4b" outcome="Passed" testListId="8c84fa94-04c1-424b-9868-57a2d4851a1d" relativeResultsDirectory="17df63ab-7478-49d6-8362-6c5e11ffed1a" />
    <UnitTestResult executionId="6762b14c-3171-4051-b7c8-505cb6f9c5b0" testId="24cfa8b0-48c3-8aab-e4c2-88694c220e2c" testName="UnitTests.Data.Repositories.GenericRepositoryTests.GenericRepositoryUpdate_ThrowsWithNullEntity" computerName="fv-az41-788" duration="00:00:00.0030000" startTime="2022-01-21T00:14:05.9045132+00:00" endTime="2022-01-21T00:14:05.9045132+00:00" testType="13cdc9d9-ddb5-4fa4-a97d-d965ccfc6d4b" outcome="Passed" testListId="8c84fa94-04c1-424b-9868-57a2d4851a1d" relativeResultsDirectory="6762b14c-3171-4051-b7c8-505cb6f9c5b0" />
    <UnitTestResult executionId="bd0d51ed-e75f-4eb7-8f59-729fed902013" testId="0bc54975-0bff-692e-a9b3-fc69f2c95a39" testName="UnitTests.Data.Repositories.GenericRepositoryTests.GenericRepositoryDeletes" computerName="fv-az41-788" duration="00:00:02.2230000" startTime="2022-01-21T00:14:05.7114938+00:00" endTime="2022-01-21T00:14:05.7114938+00:00" testType="13cdc9d9-ddb5-4fa4-a97d-d965ccfc6d4b" outcome="Passed" testListId="8c84fa94-04c1-424b-9868-57a2d4851a1d" relativeResultsDirectory="bd0d51ed-e75f-4eb7-8f59-729fed902013" />
    <UnitTestResult executionId="74b92484-357a-44b6-a275-ba519cf6e65f" testId="2aef35a8-73ad-0c03-c8a4-2b5a1d37af8f" testName="UnitTests.EntensionMethodTests.IQueryable_IsOrdered_Works(ordered: False, descending: False, lastOrder: False)" computerName="fv-az41-788" duration="00:00:00.0140000" startTime="2022-01-21T00:14:05.9165140+00:00" endTime="2022-01-21T00:14:05.9165140+00:00" testType="13cdc9d9-ddb5-4fa4-a97d-d965ccfc6d4b" outcome="Passed" testListId="8c84fa94-04c1-424b-9868-57a2d4851a1d" relativeResultsDirectory="74b92484-357a-44b6-a275-ba519cf6e65f" />
    <UnitTestResult executionId="c5156402-5ff9-4520-b8f6-c88cd4f3c8ab" testId="a9198ad3-782e-a37c-0b5f-1330f5318f55" testName="UnitTests.Services.ItemServiceTests.CreateItem_Creates" computerName="fv-az41-788" duration="00:00:00.0070000" startTime="2022-01-21T00:14:03.1569014+00:00" endTime="2022-01-21T00:14:03.1569014+00:00" testType="13cdc9d9-ddb5-4fa4-a97d-d965ccfc6d4b" outcome="Passed" testListId="8c84fa94-04c1-424b-9868-57a2d4851a1d" relativeResultsDirectory="c5156402-5ff9-4520-b8f6-c88cd4f3c8ab" />
    <UnitTestResult executionId="6906201f-1d51-4e98-ba7e-dc8eeb80865d" testId="95a0a379-a9bd-3d99-f720-e626260de7f6" testName="UnitTests.EntensionMethodTests.IQueryable_GetPage_PagesProperly(count: 101, page: 1, pageSize: 50, expedtedPages: 3, expectedItems: 50, firstId: 1, descending: False)" computerName="fv-az41-788" duration="00:00:00.0550000" startTime="2022-01-21T00:14:05.8085014+00:00" endTime="2022-01-21T00:14:05.8085014+00:00" testType="13cdc9d9-ddb5-4fa4-a97d-d965ccfc6d4b" outcome="Passed" testListId="8c84fa94-04c1-424b-9868-57a2d4851a1d" relativeResultsDirectory="6906201f-1d51-4e98-ba7e-dc8eeb80865d" />
    <UnitTestResult executionId="f4b23244-1b88-4df7-8919-5ed25734f6a3" testId="a21637b0-54f8-4fa0-bc3b-95481a9fd90b" testName="UnitTests.Controllers.ModuleExceptionFilterAttributeTests.ArgumentException_BadRequest(exception: System.ArgumentNullException: Value cannot be null.&#xD;&#xA;Parameter name: Null, expectedStatusCode: BadRequest)" computerName="fv-az41-788" duration="00:00:00.2510000" startTime="2022-01-21T00:14:03.4468034+00:00" endTime="2022-01-21T00:14:03.4468034+00:00" testType="13cdc9d9-ddb5-4fa4-a97d-d965ccfc6d4b" outcome="Passed" testListId="8c84fa94-04c1-424b-9868-57a2d4851a1d" relativeResultsDirectory="f4b23244-1b88-4df7-8919-5ed25734f6a3" />
    <UnitTestResult executionId="30ab8b7f-1e1a-4190-8c3c-efd424c36c8e" testId="19b6234c-c2df-2304-54f9-54b0da4cd6ba" testName="UnitTests.Services.ItemServiceTests.CreateItem_NoNameThrows" computerName="fv-az41-788" duration="00:00:00.0010000" startTime="2022-01-21T00:14:03.1268992+00:00" endTime="2022-01-21T00:14:03.1268992+00:00" testType="13cdc9d9-ddb5-4fa4-a97d-d965ccfc6d4b" outcome="Passed" testListId="8c84fa94-04c1-424b-9868-57a2d4851a1d" relativeResultsDirectory="30ab8b7f-1e1a-4190-8c3c-efd424c36c8e" />
    <UnitTestResult executionId="dc350a4e-13f2-4572-be81-75bb83f7743a" testId="7e661283-b2b2-d632-266b-6af1f3374c08" testName="UnitTests.EntensionMethodTests.IQueryable_GetPage_PagesProperly(count: 21, page: 1, pageSize: 10, expedtedPages: 3, expectedItems: 10, firstId: 21, descending: True)" computerName="fv-az41-788" duration="00:00:00.0450000" startTime="2022-01-21T00:14:05.9025123+00:00" endTime="2022-01-21T00:14:05.9025123+00:00" testType="13cdc9d9-ddb5-4fa4-a97d-d965ccfc6d4b" outcome="Passed" testListId="8c84fa94-04c1-424b-9868-57a2d4851a1d" relativeResultsDirectory="dc350a4e-13f2-4572-be81-75bb83f7743a" />
    <UnitTestResult executionId="53eb7f8b-1508-49b1-904d-14d5dacab729" testId="5f92ec4d-d570-0452-b891-d4cee75db9dd" testName="UnitTests.Controllers.ModuleApiControllerTests.CanEdit_Set_Throws" computerName="fv-az41-788" duration="00:00:00.0020000" startTime="2022-01-21T00:14:02.9848798+00:00" endTime="2022-01-21T00:14:02.9848798+00:00" testType="13cdc9d9-ddb5-4fa4-a97d-d965ccfc6d4b" outcome="Passed" testListId="8c84fa94-04c1-424b-9868-57a2d4851a1d" relativeResultsDirectory="53eb7f8b-1508-49b1-904d-14d5dacab729" />
    <UnitTestResult executionId="0f05f54e-b889-41e8-906f-6ddde93afdd1" testId="263c08b1-704a-f3c2-309e-6dee831dbdc9" testName="UnitTests.Services.ItemServiceTests.UpdateItem_NullDto_Throws" computerName="fv-az41-788" duration="00:00:00.0020000" startTime="2022-01-21T00:14:03.1248979+00:00" endTime="2022-01-21T00:14:03.1248979+00:00" testType="13cdc9d9-ddb5-4fa4-a97d-d965ccfc6d4b" outcome="Passed" testListId="8c84fa94-04c1-424b-9868-57a2d4851a1d" relativeResultsDirectory="0f05f54e-b889-41e8-906f-6ddde93afdd1" />
    <UnitTestResult executionId="716b0fc6-a11a-4a20-92a4-b58e7397b934" testId="0864c31d-6119-84d6-7f52-9d349dabbe84" testName="UnitTests.Services.ItemServiceTests.GetItemsPage_GetsPages(page: 0, pageSize: 0, descending: True, expectedPages: 30, returnedPage: 1)" computerName="fv-az41-788" duration="00:00:00.0530000" startTime="2022-01-21T00:14:03.1158967+00:00" endTime="2022-01-21T00:14:03.1158967+00:00" testType="13cdc9d9-ddb5-4fa4-a97d-d965ccfc6d4b" outcome="Passed" testListId="8c84fa94-04c1-424b-9868-57a2d4851a1d" relativeResultsDirectory="716b0fc6-a11a-4a20-92a4-b58e7397b934" />
    <UnitTestResult executionId="b7eb459d-46da-4bab-a1fc-4dc6ed473679" testId="73fc5149-51d6-8241-9c9f-f48c28e448e3" testName="UnitTests.EntensionMethodTests.IQueryable_IsOrdered_ThrowsWithNull" computerName="fv-az41-788" duration="00:00:00.0010000" startTime="2022-01-21T00:14:06.0205228+00:00" endTime="2022-01-21T00:14:06.0205228+00:00" testType="13cdc9d9-ddb5-4fa4-a97d-d965ccfc6d4b" outcome="Passed" testListId="8c84fa94-04c1-424b-9868-57a2d4851a1d" relativeResultsDirectory="b7eb459d-46da-4bab-a1fc-4dc6ed473679" />
    <UnitTestResult executionId="5412538c-db04-447a-bfe0-6f9b0527b77f" testId="588a2c1b-7788-beb2-ade0-06788d455d25" testName="UnitTests.Controllers.ItemControllerTests.CreateItem_Creates" computerName="fv-az41-788" duration="00:00:00.0990000" startTime="2022-01-21T00:14:02.9378753+00:00" endTime="2022-01-21T00:14:02.9378753+00:00" testType="13cdc9d9-ddb5-4fa4-a97d-d965ccfc6d4b" outcome="Passed" testListId="8c84fa94-04c1-424b-9868-57a2d4851a1d" relativeResultsDirectory="5412538c-db04-447a-bfe0-6f9b0527b77f" />
    <UnitTestResult executionId="2ec76269-6d7c-4fc6-9506-450981a17292" testId="168fc980-36e3-101b-62b1-f5ab71e9fc0d" testName="UnitTests.Controllers.LocalizationControllerTests.GetLocalization_CallsLocalizationService" computerName="fv-az41-788" duration="00:00:00.0120000" startTime="2022-01-21T00:14:06.1535358+00:00" endTime="2022-01-21T00:14:06.1535358+00:00" testType="13cdc9d9-ddb5-4fa4-a97d-d965ccfc6d4b" outcome="Passed" testListId="8c84fa94-04c1-424b-9868-57a2d4851a1d" relativeResultsDirectory="2ec76269-6d7c-4fc6-9506-450981a17292" />
    <UnitTestResult executionId="a43ef366-6fb3-4aee-8fed-249696393c33" testId="bae3532a-4a9e-c4ab-fc66-4dfa22d16170" testName="UnitTests.Controllers.ModuleApiControllerTests.HasUserInfo" computerName="fv-az41-788" duration="00:00:00.0730000" startTime="2022-01-21T00:14:03.0588889+00:00" endTime="2022-01-21T00:14:03.0588889+00:00" testType="13cdc9d9-ddb5-4fa4-a97d-d965ccfc6d4b" outcome="Passed" testListId="8c84fa94-04c1-424b-9868-57a2d4851a1d" relativeResultsDirectory="a43ef366-6fb3-4aee-8fed-249696393c33" />
    <UnitTestResult executionId="40f78dd9-3b20-4c47-aeea-2a9dc76dfb80" testId="1b051fa0-d4cc-1b32-80bb-d56b714e3066" testName="UnitTests.Services.ItemServiceTests.GetItemsPage_GetsPages(page: 1, pageSize: 20, descending: False, expectedPages: 2, returnedPage: 1)" computerName="fv-az41-788" duration="00:00:00.0030000" startTime="2022-01-21T00:14:03.1188960+00:00" endTime="2022-01-21T00:14:03.1188960+00:00" testType="13cdc9d9-ddb5-4fa4-a97d-d965ccfc6d4b" outcome="Passed" testListId="8c84fa94-04c1-424b-9868-57a2d4851a1d" relativeResultsDirectory="40f78dd9-3b20-4c47-aeea-2a9dc76dfb80" />
    <UnitTestResult executionId="3a344dfa-9a5b-4564-a35f-0509d760e1a6" testId="d1c63cb7-1f9a-a8bf-a217-a4cbb4e5f73b" testName="UnitTests.Common.GlobalsTests.ModulePrefixIsValid" computerName="fv-az41-788" duration="00:00:00.0010000" startTime="2022-01-21T00:14:03.4888099+00:00" endTime="2022-01-21T00:14:03.4888099+00:00" testType="13cdc9d9-ddb5-4fa4-a97d-d965ccfc6d4b" outcome="Passed" testListId="8c84fa94-04c1-424b-9868-57a2d4851a1d" relativeResultsDirectory="3a344dfa-9a5b-4564-a35f-0509d760e1a6" />
    <UnitTestResult executionId="19648e0e-25d3-430b-8d95-ededc31cd8ef" testId="1a74e347-4470-5271-97ab-1ebaf8693270" testName="UnitTests.Controllers.ModuleExceptionFilterAttributeTests.SystemException_DoesNotExposeDetails" computerName="fv-az41-788" duration="00:00:00.0280000" startTime="2022-01-21T00:14:03.4868076+00:00" endTime="2022-01-21T00:14:03.4868076+00:00" testType="13cdc9d9-ddb5-4fa4-a97d-d965ccfc6d4b" outcome="Passed" testListId="8c84fa94-04c1-424b-9868-57a2d4851a1d" relativeResultsDirectory="19648e0e-25d3-430b-8d95-ededc31cd8ef" />
    <UnitTestResult executionId="bbde613c-286b-4c25-9885-9483365edea2" testId="ffe5c770-9b99-42c0-ce21-7e50cccf4385" testName="UnitTests.Data.Repositories.GenericRepositoryTests.GenericRepositoryGetsAll(iterations: 2)" computerName="fv-az41-788" duration="00:00:00.0230000" startTime="2022-01-21T00:14:05.8455085+00:00" endTime="2022-01-21T00:14:05.8455085+00:00" testType="13cdc9d9-ddb5-4fa4-a97d-d965ccfc6d4b" outcome="Passed" testListId="8c84fa94-04c1-424b-9868-57a2d4851a1d" relativeResultsDirectory="bbde613c-286b-4c25-9885-9483365edea2" />
    <UnitTestResult executionId="26a5d71e-5564-483b-b669-9e7ea92e126b" testId="4fe0dd0f-2fa0-9c42-e816-a6df28150b72" testName="UnitTests.Data.Repositories.GenericRepositoryTests.GenericRepositoryGetsAll(iterations: 0)" computerName="fv-az41-788" duration="00:00:00.0080000" startTime="2022-01-21T00:14:05.8545151+00:00" endTime="2022-01-21T00:14:05.8545151+00:00" testType="13cdc9d9-ddb5-4fa4-a97d-d965ccfc6d4b" outcome="Passed" testListId="8c84fa94-04c1-424b-9868-57a2d4851a1d" relativeResultsDirectory="26a5d71e-5564-483b-b669-9e7ea92e126b" />
    <UnitTestResult executionId="ec9239c3-0e03-42e8-a388-be7f2aae6579" testId="2d3a68b5-bf4c-0513-b733-5ed612794244" testName="UnitTests.EntensionMethodTests.IQueryable_GetPage_EmptyDoesNotThrow" computerName="fv-az41-788" duration="00:00:00.0300000" startTime="2022-01-21T00:14:06.0185226+00:00" endTime="2022-01-21T00:14:06.0185226+00:00" testType="13cdc9d9-ddb5-4fa4-a97d-d965ccfc6d4b" outcome="Passed" testListId="8c84fa94-04c1-424b-9868-57a2d4851a1d" relativeResultsDirectory="ec9239c3-0e03-42e8-a388-be7f2aae6579" />
    <UnitTestResult executionId="6b76e6e3-abea-4f57-a8df-def217d2f470" testId="0dc5a512-bfd0-bc80-f676-16e6d961ec4d" testName="UnitTests.EntensionMethodTests.IQueryable_IsOrdered_Works(ordered: False, descending: False, lastOrder: True)" computerName="fv-az41-788" duration="00:00:00.0140000" startTime="2022-01-21T00:14:05.9855211+00:00" endTime="2022-01-21T00:14:05.9855211+00:00" testType="13cdc9d9-ddb5-4fa4-a97d-d965ccfc6d4b" outcome="Passed" testListId="8c84fa94-04c1-424b-9868-57a2d4851a1d" relativeResultsDirectory="6b76e6e3-abea-4f57-a8df-def217d2f470" />
    <UnitTestResult executionId="2963071f-84eb-495f-a5d5-0b4a3659d40d" testId="a21637b0-54f8-4fa0-bc3b-95481a9fd90b" testName="UnitTests.Controllers.ModuleExceptionFilterAttributeTests.ArgumentException_BadRequest(exception: System.ArgumentException: Argument, expectedStatusCode: BadRequest)" computerName="fv-az41-788" duration="00:00:00.0010000" startTime="2022-01-21T00:14:03.4588069+00:00" endTime="2022-01-21T00:14:03.4588069+00:00" testType="13cdc9d9-ddb5-4fa4-a97d-d965ccfc6d4b" outcome="Passed" testListId="8c84fa94-04c1-424b-9868-57a2d4851a1d" relativeResultsDirectory="2963071f-84eb-495f-a5d5-0b4a3659d40d" />
    <UnitTestResult executionId="4f58feea-a4d0-4aba-a547-fdca4592ccd4" testId="8ba31d1b-48e3-e04e-cff0-b927c63b4a19" testName="UnitTests.Services.LoggingServiceTests.LoggingService_DefaultConstructorExists" computerName="fv-az41-788" duration="00:00:00.0010000" startTime="2022-01-21T00:14:06.1485354+00:00" endTime="2022-01-21T00:14:06.1485354+00:00" testType="13cdc9d9-ddb5-4fa4-a97d-d965ccfc6d4b" outcome="Passed" testListId="8c84fa94-04c1-424b-9868-57a2d4851a1d" relativeResultsDirectory="4f58feea-a4d0-4aba-a547-fdca4592ccd4" />
    <UnitTestResult executionId="417daf04-f213-42e6-81ea-d3a48c20415f" testId="3cbfa5d3-e0f6-eff8-ed5c-556fa1f3e131" testName="UnitTests.Services.ItemServiceTests.UpdateItem_NoName_Throws(name: &quot;&quot;)" computerName="fv-az41-788" duration="00:00:00.0010000" startTime="2022-01-21T00:14:03.1328963+00:00" endTime="2022-01-21T00:14:03.1328963+00:00" testType="13cdc9d9-ddb5-4fa4-a97d-d965ccfc6d4b" outcome="Passed" testListId="8c84fa94-04c1-424b-9868-57a2d4851a1d" relativeResultsDirectory="417daf04-f213-42e6-81ea-d3a48c20415f" />
    <UnitTestResult executionId="d2e82cca-9718-4e33-b8d9-fb1470969c0e" testId="113f48ce-a6a3-c5df-7589-ba5a5fcb9c59" testName="UnitTests.Controllers.ModuleExceptionFilterAttributeTests.NoException_DoesNothing" computerName="fv-az41-788" duration="00:00:00.0010000" startTime="2022-01-21T00:14:03.4748079+00:00" endTime="2022-01-21T00:14:03.4748079+00:00" testType="13cdc9d9-ddb5-4fa4-a97d-d965ccfc6d4b" outcome="Passed" testListId="8c84fa94-04c1-424b-9868-57a2d4851a1d" relativeResultsDirectory="d2e82cca-9718-4e33-b8d9-fb1470969c0e" />
    <UnitTestResult executionId="9aacdcfb-faf3-4d25-9e34-2a484f70d0fe" testId="f5652070-1b22-f5a7-3f3f-68b37c9184a8" testName="UnitTests.Services.ItemServiceTests.CreateItem_NoItemThrows" computerName="fv-az41-788" duration="00:00:00.0010000" startTime="2022-01-21T00:14:03.1488993+00:00" endTime="2022-01-21T00:14:03.1488993+00:00" testType="13cdc9d9-ddb5-4fa4-a97d-d965ccfc6d4b" outcome="Passed" testListId="8c84fa94-04c1-424b-9868-57a2d4851a1d" relativeResultsDirectory="9aacdcfb-faf3-4d25-9e34-2a484f70d0fe" />
    <UnitTestResult executionId="f6cd13bd-f09b-4215-9b93-63d7e7ec04b4" testId="2695f427-ed7b-9f97-5696-f97a7702128c" testName="UnitTests.EntensionMethodTests.IQueryable_GetPage_PagesProperly(count: 20, page: 2, pageSize: 10, expedtedPages: 2, expectedItems: 10, firstId: 11, descending: False)" computerName="fv-az41-788" duration="00:00:03.1590000" startTime="2022-01-21T00:14:05.7414966+00:00" endTime="2022-01-21T00:14:05.7414966+00:00" testType="13cdc9d9-ddb5-4fa4-a97d-d965ccfc6d4b" outcome="Passed" testListId="8c84fa94-04c1-424b-9868-57a2d4851a1d" relativeResultsDirectory="f6cd13bd-f09b-4215-9b93-63d7e7ec04b4" />
    <UnitTestResult executionId="47d5b128-4734-4a20-91f8-899bbef72dd2" testId="92b7b9f6-1294-7ea1-ffa3-91fba85074d4" testName="UnitTests.Services.ItemServiceTests.UpdateItem_NoName_Throws(name: &quot;  &quot;)" computerName="fv-az41-788" duration="00:00:00.0010000" startTime="2022-01-21T00:14:03.1318971+00:00" endTime="2022-01-21T00:14:03.1318971+00:00" testType="13cdc9d9-ddb5-4fa4-a97d-d965ccfc6d4b" outcome="Passed" testListId="8c84fa94-04c1-424b-9868-57a2d4851a1d" relativeResultsDirectory="47d5b128-4734-4a20-91f8-899bbef72dd2" />
    <UnitTestResult executionId="9232ca1a-5e54-4189-a992-fb1888fc6f89" testId="0247c7e7-7d1c-099b-2ac8-81a47ff2509a" testName="UnitTests.Controllers.ItemControllerTests.UserCanEdit_ReturnsBool(canEdit: False)" computerName="fv-az41-788" duration="00:00:00.2420000" startTime="2022-01-21T00:14:02.8398626+00:00" endTime="2022-01-21T00:14:02.8398626+00:00" testType="13cdc9d9-ddb5-4fa4-a97d-d965ccfc6d4b" outcome="Passed" testListId="8c84fa94-04c1-424b-9868-57a2d4851a1d" relativeResultsDirectory="9232ca1a-5e54-4189-a992-fb1888fc6f89" />
    <UnitTestResult executionId="d4545f39-18b2-4548-8bfc-b08fa05e6df3" testId="9168bdef-a759-f4d6-b890-b643e17324cf" testName="UnitTests.Services.LoggingServiceTests.LogginService_TestableConstructorLogsErrorWithException" computerName="fv-az41-788" duration="00:00:00.0020000" startTime="2022-01-21T00:14:06.1515352+00:00" endTime="2022-01-21T00:14:06.1515352+00:00" testType="13cdc9d9-ddb5-4fa4-a97d-d965ccfc6d4b" outcome="Passed" testListId="8c84fa94-04c1-424b-9868-57a2d4851a1d" relativeResultsDirectory="d4545f39-18b2-4548-8bfc-b08fa05e6df3" />
    <UnitTestResult executionId="cc193d0d-fc38-4fdb-ab49-c18b81344f19" testId="d6094ca1-b65b-5133-f464-9f7d01f0d023" testName="UnitTests.Controllers.ItemControllerTests.DeleteItem_Deletes(itemId: 10)" computerName="fv-az41-788" duration="00:00:00.0010000" startTime="2022-01-21T00:14:02.9668795+00:00" endTime="2022-01-21T00:14:02.9668795+00:00" testType="13cdc9d9-ddb5-4fa4-a97d-d965ccfc6d4b" outcome="Passed" testListId="8c84fa94-04c1-424b-9868-57a2d4851a1d" relativeResultsDirectory="cc193d0d-fc38-4fdb-ab49-c18b81344f19" />
    <UnitTestResult executionId="e572f892-a7d6-420d-a945-008dccdca6fc" testId="d16880d7-fb44-f209-43d9-ba2e0e1875de" testName="UnitTests.Data.Repositories.GenericRepositoryTests.GenericRepositoryGetsAll(iterations: 1)" computerName="fv-az41-788" duration="00:00:00.0140000" startTime="2022-01-21T00:14:05.8785108+00:00" endTime="2022-01-21T00:14:05.8785108+00:00" testType="13cdc9d9-ddb5-4fa4-a97d-d965ccfc6d4b" outcome="Passed" testListId="8c84fa94-04c1-424b-9868-57a2d4851a1d" relativeResultsDirectory="e572f892-a7d6-420d-a945-008dccdca6fc" />
    <UnitTestResult executionId="41b39396-13b6-4a4e-845c-0eb57a5c8cf7" testId="ae39aa62-5ff2-56e7-d00e-ef116d711d51" testName="UnitTests.Data.Repositories.GenericRepositoryTests.Repository_Create_DefaultAudit" computerName="fv-az41-788" duration="00:00:00.0130000" startTime="2022-01-21T00:14:05.9195157+00:00" endTime="2022-01-21T00:14:05.9195157+00:00" testType="13cdc9d9-ddb5-4fa4-a97d-d965ccfc6d4b" outcome="Passed" testListId="8c84fa94-04c1-424b-9868-57a2d4851a1d" relativeResultsDirectory="41b39396-13b6-4a4e-845c-0eb57a5c8cf7" />
    <UnitTestResult executionId="e6f2b199-f7c0-4327-b82a-6aa8fc435626" testId="b76e01b1-6afe-f33b-c6a9-ea3347176509" testName="UnitTests.Services.ItemServiceTests.UpdateItem_NoName_Throws(name: null)" computerName="fv-az41-788" duration="00:00:00.0010000" startTime="2022-01-21T00:14:03.1278963+00:00" endTime="2022-01-21T00:14:03.1278963+00:00" testType="13cdc9d9-ddb5-4fa4-a97d-d965ccfc6d4b" outcome="Passed" testListId="8c84fa94-04c1-424b-9868-57a2d4851a1d" relativeResultsDirectory="e6f2b199-f7c0-4327-b82a-6aa8fc435626" />
    <UnitTestResult executionId="3e8773e0-201e-48c7-b8f8-23aeb6eab4be" testId="d5b75914-a4f0-1327-0212-c8781f6dfe81" testName="UnitTests.EntensionMethodTests.IQueryable_IsOrdered_Works(ordered: False, descending: True, lastOrder: True)" computerName="fv-az41-788" duration="00:00:00.0140000" startTime="2022-01-21T00:14:05.9465175+00:00" endTime="2022-01-21T00:14:05.9465175+00:00" testType="13cdc9d9-ddb5-4fa4-a97d-d965ccfc6d4b" outcome="Passed" testListId="8c84fa94-04c1-424b-9868-57a2d4851a1d" relativeResultsDirectory="3e8773e0-201e-48c7-b8f8-23aeb6eab4be" />
    <UnitTestResult executionId="9858f767-2dc2-4d0f-ba9d-14ad06960341" testId="986d7e6e-d04d-b204-b01c-fbb8f09c7774" testName="UnitTests.Controllers.ServiceRouteMapperTests.RegisterRoutes_RegistersAtLestOneRoute" computerName="fv-az41-788" duration="00:00:00.0290000" startTime="2022-01-21T00:14:03.1917764+00:00" endTime="2022-01-21T00:14:03.1917764+00:00" testType="13cdc9d9-ddb5-4fa4-a97d-d965ccfc6d4b" outcome="Passed" testListId="8c84fa94-04c1-424b-9868-57a2d4851a1d" relativeResultsDirectory="9858f767-2dc2-4d0f-ba9d-14ad06960341" />
    <UnitTestResult executionId="de5aadcc-3e1e-4814-923f-8f96742813fd" testId="f754f777-4449-23e8-f4ec-917f49117de2" testName="UnitTests.Data.Repositories.GenericRepositoryTests.Repository_DeleteMissing_DoesNotThrow" computerName="fv-az41-788" duration="00:00:00.0100000" startTime="2022-01-21T00:14:05.8875098+00:00" endTime="2022-01-21T00:14:05.8875098+00:00" testType="13cdc9d9-ddb5-4fa4-a97d-d965ccfc6d4b" outcome="Passed" testListId="8c84fa94-04c1-424b-9868-57a2d4851a1d" relativeResultsDirectory="de5aadcc-3e1e-4814-923f-8f96742813fd" />
    <UnitTestResult executionId="14a544fd-5766-4d02-8203-c3263f3b4f26" testId="a21637b0-54f8-4fa0-bc3b-95481a9fd90b" testName="UnitTests.Controllers.ModuleExceptionFilterAttributeTests.ArgumentException_BadRequest(exception: System.TimeoutException: Timed out, expectedStatusCode: RequestTimeout)" computerName="fv-az41-788" duration="00:00:00.0010000" startTime="2022-01-21T00:14:03.4608051+00:00" endTime="2022-01-21T00:14:03.4608051+00:00" testType="13cdc9d9-ddb5-4fa4-a97d-d965ccfc6d4b" outcome="Passed" testListId="8c84fa94-04c1-424b-9868-57a2d4851a1d" relativeResultsDirectory="14a544fd-5766-4d02-8203-c3263f3b4f26" />
    <UnitTestResult executionId="fdfc92d9-2a5c-4381-95ba-c513960cdc3d" testId="4bb697d7-9cb3-28c5-7c49-3e60c8ee823d" testName="UnitTests.EntensionMethodTests.IQueryable_GetPage_PagesProperly(count: 0, page: -1, pageSize: -1, expedtedPages: 0, expectedItems: 0, firstId: null, descending: False)" computerName="fv-az41-788" duration="00:00:00.0130000" startTime="2022-01-21T00:14:05.8255047+00:00" endTime="2022-01-21T00:14:05.8255047+00:00" testType="13cdc9d9-ddb5-4fa4-a97d-d965ccfc6d4b" outcome="Passed" testListId="8c84fa94-04c1-424b-9868-57a2d4851a1d" relativeResultsDirectory="fdfc92d9-2a5c-4381-95ba-c513960cdc3d" />
    <UnitTestResult executionId="dd24ca1c-4459-4525-965f-dfcfdcb195af" testId="36689490-09d4-917f-648a-70dcfcfede10" testName="UnitTests.Data.Repositories.GenericRepositoryTests.GenericRepositoryCreate_ThrowsWithNullEntity" computerName="fv-az41-788" duration="00:00:00.0010000" startTime="2022-01-21T00:14:05.7504998+00:00" endTime="2022-01-21T00:14:05.7504998+00:00" testType="13cdc9d9-ddb5-4fa4-a97d-d965ccfc6d4b" outcome="Passed" testListId="8c84fa94-04c1-424b-9868-57a2d4851a1d" relativeResultsDirectory="dd24ca1c-4459-4525-965f-dfcfdcb195af" />
    <UnitTestResult executionId="883ed022-98a6-4864-8f1e-7519c47c0010" testId="0f141a30-05bd-f4ed-a627-d40adca6b3ca" testName="UnitTests.Services.ItemServiceTests.GetItemsPage_GetsPages(page: 4, pageSize: 10, descending: False, expectedPages: 3, returnedPage: 3)" computerName="fv-az41-788" duration="00:00:00.0020000" startTime="2022-01-21T00:14:03.1228969+00:00" endTime="2022-01-21T00:14:03.1228969+00:00" testType="13cdc9d9-ddb5-4fa4-a97d-d965ccfc6d4b" outcome="Passed" testListId="8c84fa94-04c1-424b-9868-57a2d4851a1d" relativeResultsDirectory="883ed022-98a6-4864-8f1e-7519c47c0010" />
    <UnitTestResult executionId="18cec23a-9297-4596-a4ee-3ac6e08aea70" testId="a21637b0-54f8-4fa0-bc3b-95481a9fd90b" testName="UnitTests.Controllers.ModuleExceptionFilterAttributeTests.ArgumentException_BadRequest(exception: System.UnauthorizedAccessException: Unauthorized, expectedStatusCode: Unauthorized)" computerName="fv-az41-788" duration="00:00:00.0010000" startTime="2022-01-21T00:14:03.4728071+00:00" endTime="2022-01-21T00:14:03.4728071+00:00" testType="13cdc9d9-ddb5-4fa4-a97d-d965ccfc6d4b" outcome="Passed" testListId="8c84fa94-04c1-424b-9868-57a2d4851a1d" relativeResultsDirectory="18cec23a-9297-4596-a4ee-3ac6e08aea70" />
    <UnitTestResult executionId="8544688f-8f94-4787-a5dd-9344eedf5494" testId="0ebf358f-9eac-9438-b418-9c6aa81a6377" testName="UnitTests.Data.Repositories.GenericRepositoryTests.Repository_Update_UsesuserId" computerName="fv-az41-788" duration="00:00:00.0470000" startTime="2022-01-21T00:14:05.7995044+00:00" endTime="2022-01-21T00:14:05.7995044+00:00" testType="13cdc9d9-ddb5-4fa4-a97d-d965ccfc6d4b" outcome="Passed" testListId="8c84fa94-04c1-424b-9868-57a2d4851a1d" relativeResultsDirectory="8544688f-8f94-4787-a5dd-9344eedf5494" />
    <UnitTestResult executionId="34105dd1-f75d-43da-834a-b3f691051774" testId="3140ebc5-2430-06b3-4257-a6794b9b09ac" testName="UnitTests.EntensionMethodTests.IQueryable_IsOrdered_Works(ordered: True, descending: False, lastOrder: True)" computerName="fv-az41-788" duration="00:00:00.0080000" startTime="2022-01-21T00:14:05.9635185+00:00" endTime="2022-01-21T00:14:05.9635185+00:00" testType="13cdc9d9-ddb5-4fa4-a97d-d965ccfc6d4b" outcome="Passed" testListId="8c84fa94-04c1-424b-9868-57a2d4851a1d" relativeResultsDirectory="34105dd1-f75d-43da-834a-b3f691051774" />
    <UnitTestResult executionId="4fab5e92-4701-4e91-8a84-4c42f719a141" testId="44b00d3a-bad7-aefd-141c-4a35b11463b2" testName="UnitTests.Data.Repositories.GenericRepositoryTests.Repository_Update_DefaultAudit" computerName="fv-az41-788" duration="00:00:00.0110000" startTime="2022-01-21T00:14:05.8995133+00:00" endTime="2022-01-21T00:14:05.8995133+00:00" testType="13cdc9d9-ddb5-4fa4-a97d-d965ccfc6d4b" outcome="Passed" testListId="8c84fa94-04c1-424b-9868-57a2d4851a1d" relativeResultsDirectory="4fab5e92-4701-4e91-8a84-4c42f719a141" />
    <UnitTestResult executionId="d2953afa-de90-41eb-a293-35e10335dd26" testId="ac1c50bc-98fd-036f-fe0f-d46cb187f90e" testName="UnitTests.Services.LoggingServiceTests.LogginService_TestableConstructorLogsError" computerName="fv-az41-788" duration="00:00:00.0260000" startTime="2022-01-21T00:14:06.1495353+00:00" endTime="2022-01-21T00:14:06.1495353+00:00" testType="13cdc9d9-ddb5-4fa4-a97d-d965ccfc6d4b" outcome="Passed" testListId="8c84fa94-04c1-424b-9868-57a2d4851a1d" relativeResultsDirectory="d2953afa-de90-41eb-a293-35e10335dd26" />
    <UnitTestResult executionId="6cd4faf7-d5b8-4c63-a5e8-d6d81ca558b0" testId="19223079-ea41-5691-855c-970af1a1e611" testName="UnitTests.Services.ItemServiceTests.GetItemsPage_GetsPages(page: 1, pageSize: 10, descending: False, expectedPages: 3, returnedPage: 1)" computerName="fv-az41-788" duration="00:00:00.0020000" startTime="2022-01-21T00:14:03.1208963+00:00" endTime="2022-01-21T00:14:03.1208963+00:00" testType="13cdc9d9-ddb5-4fa4-a97d-d965ccfc6d4b" outcome="Passed" testListId="8c84fa94-04c1-424b-9868-57a2d4851a1d" relativeResultsDirectory="6cd4faf7-d5b8-4c63-a5e8-d6d81ca558b0" />
    <UnitTestResult executionId="5466bf9e-280d-4554-b2b4-ca320fa62dec" testId="ad3412e8-5f64-2020-a5b6-bd4cca8c3b7d" testName="UnitTests.Data.Repositories.GenericRepositoryTests.GenericRepositoryGet" computerName="fv-az41-788" duration="00:00:00.0260000" startTime="2022-01-21T00:14:05.7474982+00:00" endTime="2022-01-21T00:14:05.7474982+00:00" testType="13cdc9d9-ddb5-4fa4-a97d-d965ccfc6d4b" outcome="Passed" testListId="8c84fa94-04c1-424b-9868-57a2d4851a1d" relativeResultsDirectory="5466bf9e-280d-4554-b2b4-ca320fa62dec" />
    <UnitTestResult executionId="90068d60-1acc-43f7-a7ae-7e701535b793" testId="f46af852-6230-3d31-e31c-2959bffd491f" testName="UnitTests.EntensionMethodTests.IQueryable_IsOrdered_Works(ordered: True, descending: True, lastOrder: True)" computerName="fv-az41-788" duration="00:00:00.0080000" startTime="2022-01-21T00:14:05.9545208+00:00" endTime="2022-01-21T00:14:05.9545208+00:00" testType="13cdc9d9-ddb5-4fa4-a97d-d965ccfc6d4b" outcome="Passed" testListId="8c84fa94-04c1-424b-9868-57a2d4851a1d" relativeResultsDirectory="90068d60-1acc-43f7-a7ae-7e701535b793" />
    <UnitTestResult executionId="7cae5d56-51fd-4f4b-9f84-e6865a669226" testId="572fc310-4b67-9555-f147-153d39f2eb82" testName="UnitTests.Data.Entities.ItemTests.ItemConstructsProperly" computerName="fv-az41-788" duration="00:00:00.0010000" startTime="2022-01-21T00:14:06.1465351+00:00" endTime="2022-01-21T00:14:06.1465351+00:00" testType="13cdc9d9-ddb5-4fa4-a97d-d965ccfc6d4b" outcome="Passed" testListId="8c84fa94-04c1-424b-9868-57a2d4851a1d" relativeResultsDirectory="7cae5d56-51fd-4f4b-9f84-e6865a669226" />
    <UnitTestResult executionId="27f32383-0e8f-40fd-9877-4c78351a2e58" testId="1017c6c1-9dd0-57dc-36e7-bb573d02562e" testName="UnitTests.Controllers.ItemControllerTests.GetItemsPage_GetsProperPages" computerName="fv-az41-788" duration="00:00:00.0060000" startTime="2022-01-21T00:14:02.9438752+00:00" endTime="2022-01-21T00:14:02.9438752+00:00" testType="13cdc9d9-ddb5-4fa4-a97d-d965ccfc6d4b" outcome="Passed" testListId="8c84fa94-04c1-424b-9868-57a2d4851a1d" relativeResultsDirectory="27f32383-0e8f-40fd-9877-4c78351a2e58" />
    <UnitTestResult executionId="0c2e36ba-c3b7-45c8-bf8e-16cbb31eda0f" testId="e6610648-e456-1c64-d2b1-7e1242b871a8" testName="UnitTests.Services.ItemServiceTests.DeleteItem_Deletes" computerName="fv-az41-788" duration="00:00:00.0010000" startTime="2022-01-21T00:14:03.1508991+00:00" endTime="2022-01-21T00:14:03.1508991+00:00" testType="13cdc9d9-ddb5-4fa4-a97d-d965ccfc6d4b" outcome="Passed" testListId="8c84fa94-04c1-424b-9868-57a2d4851a1d" relativeResultsDirectory="0c2e36ba-c3b7-45c8-bf8e-16cbb31eda0f" />
    <UnitTestResult executionId="5ba573c4-b71e-4048-8a1f-95ceaf8c9a28" testId="8bbc68bc-7714-d990-1480-dfaedaafbd62" testName="UnitTests.EntensionMethodTests.IQueryable_GetPage_PagesProperly(count: 0, page: 0, pageSize: 0, expedtedPages: 0, expectedItems: 0, firstId: null, descending: False)" computerName="fv-az41-788" duration="00:00:00.0120000" startTime="2022-01-21T00:14:05.7534977+00:00" endTime="2022-01-21T00:14:05.7534977+00:00" testType="13cdc9d9-ddb5-4fa4-a97d-d965ccfc6d4b" outcome="Passed" testListId="8c84fa94-04c1-424b-9868-57a2d4851a1d" relativeResultsDirectory="5ba573c4-b71e-4048-8a1f-95ceaf8c9a28" />
    <UnitTestResult executionId="29d72e4c-a483-4e7a-95e5-a335fb2fe291" testId="e6e0a140-85e7-6935-6160-ab95ecfd3c8a" testName="UnitTests.Data.Repositories.GenericRepositoryTests.GenericRepositoryCreatesAndGetsById" computerName="fv-az41-788" duration="00:00:00.1770000" startTime="2022-01-21T00:14:06.0985306+00:00" endTime="2022-01-21T00:14:06.0985306+00:00" testType="13cdc9d9-ddb5-4fa4-a97d-d965ccfc6d4b" outcome="Passed" testListId="8c84fa94-04c1-424b-9868-57a2d4851a1d" relativeResultsDirectory="29d72e4c-a483-4e7a-95e5-a335fb2fe291" />
    <UnitTestResult executionId="a5bfb090-419d-426e-8488-d940b0231dbc" testId="478b61ee-7d85-9dbe-985d-08c590f8666a" testName="UnitTests.Controllers.ItemControllerTests.DeleteItem_Deletes(itemId: 1)" computerName="fv-az41-788" duration="00:00:00.0010000" startTime="2022-01-21T00:14:02.9788780+00:00" endTime="2022-01-21T00:14:02.9788780+00:00" testType="13cdc9d9-ddb5-4fa4-a97d-d965ccfc6d4b" outcome="Passed" testListId="8c84fa94-04c1-424b-9868-57a2d4851a1d" relativeResultsDirectory="a5bfb090-419d-426e-8488-d940b0231dbc" />
    <UnitTestResult executionId="8f4989f1-cad4-4dc1-9268-8a1bdf5e66d7" testId="aec60494-3c2e-8ec9-f948-da5bb2043983" testName="UnitTests.Controllers.ItemControllerTests.UserCanEdit_ReturnsBool(canEdit: True)" computerName="fv-az41-788" duration="00:00:00.0010000" startTime="2022-01-21T00:14:02.8478629+00:00" endTime="2022-01-21T00:14:02.8478629+00:00" testType="13cdc9d9-ddb5-4fa4-a97d-d965ccfc6d4b" outcome="Passed" testListId="8c84fa94-04c1-424b-9868-57a2d4851a1d" relativeResultsDirectory="8f4989f1-cad4-4dc1-9268-8a1bdf5e66d7" />
    <UnitTestResult executionId="96da5e54-44cf-488f-9820-664305f84511" testId="320e3c11-11d1-b3ef-0d2e-5e474f674ff1" testName="UnitTests.Controllers.ModuleApiControllerTests.CanEdit_DefaultsToFalse" computerName="fv-az41-788" duration="00:00:00.0040000" startTime="2022-01-21T00:14:03.0788932+00:00" endTime="2022-01-21T00:14:03.0788932+00:00" testType="13cdc9d9-ddb5-4fa4-a97d-d965ccfc6d4b" outcome="Passed" testListId="8c84fa94-04c1-424b-9868-57a2d4851a1d" relativeResultsDirectory="96da5e54-44cf-488f-9820-664305f84511" />
    <UnitTestResult executionId="49fec79d-ffa6-4814-a14f-6c51226306f6" testId="70ede014-c412-e387-bb98-e95b3b42090d" testName="UnitTests.Data.Repositories.GenericRepositoryTests.GenericRepositoryUpdates" computerName="fv-az41-788" duration="00:00:00.0200000" startTime="2022-01-21T00:14:05.8215028+00:00" endTime="2022-01-21T00:14:05.8215028+00:00" testType="13cdc9d9-ddb5-4fa4-a97d-d965ccfc6d4b" outcome="Passed" testListId="8c84fa94-04c1-424b-9868-57a2d4851a1d" relativeResultsDirectory="49fec79d-ffa6-4814-a14f-6c51226306f6" />
    <UnitTestResult executionId="af489d69-e8a4-43c2-afbd-863f9ebd01c1" testId="e1c7f76f-6195-c844-23c0-304b47fbae66" testName="UnitTests.Data.Repositories.GenericRepositoryTests.Repository_Create_UsesUserId" computerName="fv-az41-788" duration="00:00:00.0090000" startTime="2022-01-21T00:14:05.7204925+00:00" endTime="2022-01-21T00:14:05.7204925+00:00" testType="13cdc9d9-ddb5-4fa4-a97d-d965ccfc6d4b" outcome="Passed" testListId="8c84fa94-04c1-424b-9868-57a2d4851a1d" relativeResultsDirectory="af489d69-e8a4-43c2-afbd-863f9ebd01c1" />
  </Results>
  <TestDefinitions>
    <UnitTest name="UnitTests.Controllers.ItemControllerTests.DeleteItem_Deletes(itemId: 1)" storage="d:\a\dnn.ionictodo\dnn.ionictodo\unittests\bin\unittests.dll" id="478b61ee-7d85-9dbe-985d-08c590f8666a">
      <Execution id="a5bfb090-419d-426e-8488-d940b0231dbc" />
      <TestMethod codeBase="D:\a\DNN.IonicToDo\DNN.IonicToDo\UnitTests\bin\UnitTests.dll" adapterTypeName="executor://xunit/VsTestRunner2/net" className="UnitTests.Controllers.ItemControllerTests" name="DeleteItem_Deletes" />
    </UnitTest>
    <UnitTest name="UnitTests.EntensionMethodTests.IQueryable_IsOrdered_Works(ordered: True, descending: True, lastOrder: False)" storage="d:\a\dnn.ionictodo\dnn.ionictodo\unittests\bin\unittests.dll" id="6f0b47a1-9d18-a5d8-8dd1-c8f266712c15">
      <Execution id="8e96b180-178d-4cad-b21a-b1e931506a04" />
      <TestMethod codeBase="D:\a\DNN.IonicToDo\DNN.IonicToDo\UnitTests\bin\UnitTests.dll" adapterTypeName="executor://xunit/VsTestRunner2/net" className="UnitTests.EntensionMethodTests" name="IQueryable_IsOrdered_Works" />
    </UnitTest>
    <UnitTest name="UnitTests.Controllers.ItemControllerTests.UserCanEdit_ReturnsBool(canEdit: False)" storage="d:\a\dnn.ionictodo\dnn.ionictodo\unittests\bin\unittests.dll" id="0247c7e7-7d1c-099b-2ac8-81a47ff2509a">
      <Execution id="9232ca1a-5e54-4189-a992-fb1888fc6f89" />
      <TestMethod codeBase="D:\a\DNN.IonicToDo\DNN.IonicToDo\UnitTests\bin\UnitTests.dll" adapterTypeName="executor://xunit/VsTestRunner2/net" className="UnitTests.Controllers.ItemControllerTests" name="UserCanEdit_ReturnsBool" />
    </UnitTest>
    <UnitTest name="UnitTests.EntensionMethodTests.IQueryable_GetPage_PagesProperly(count: 21, page: 1, pageSize: 10, expedtedPages: 3, expectedItems: 10, firstId: 21, descending: True)" storage="d:\a\dnn.ionictodo\dnn.ionictodo\unittests\bin\unittests.dll" id="7e661283-b2b2-d632-266b-6af1f3374c08">
      <Execution id="dc350a4e-13f2-4572-be81-75bb83f7743a" />
      <TestMethod codeBase="D:\a\DNN.IonicToDo\DNN.IonicToDo\UnitTests\bin\UnitTests.dll" adapterTypeName="executor://xunit/VsTestRunner2/net" className="UnitTests.EntensionMethodTests" name="IQueryable_GetPage_PagesProperly" />
    </UnitTest>
    <UnitTest name="UnitTests.Controllers.LocalizationControllerTests.GetLocalization_CallsLocalizationService" storage="d:\a\dnn.ionictodo\dnn.ionictodo\unittests\bin\unittests.dll" id="168fc980-36e3-101b-62b1-f5ab71e9fc0d">
      <Execution id="2ec76269-6d7c-4fc6-9506-450981a17292" />
      <TestMethod codeBase="D:\a\DNN.IonicToDo\DNN.IonicToDo\UnitTests\bin\UnitTests.dll" adapterTypeName="executor://xunit/VsTestRunner2/net" className="UnitTests.Controllers.LocalizationControllerTests" name="GetLocalization_CallsLocalizationService" />
    </UnitTest>
    <UnitTest name="UnitTests.Data.ModuleDbContextTests.DefaultConstructorThrows" storage="d:\a\dnn.ionictodo\dnn.ionictodo\unittests\bin\unittests.dll" id="ac2a99ba-3563-74a9-7d4c-8e91a58cd097">
      <Execution id="957fe1a2-a997-4844-8697-c4ad62e5a5f3" />
      <TestMethod codeBase="D:\a\DNN.IonicToDo\DNN.IonicToDo\UnitTests\bin\UnitTests.dll" adapterTypeName="executor://xunit/VsTestRunner2/net" className="UnitTests.Data.ModuleDbContextTests" name="DefaultConstructorThrows" />
    </UnitTest>
    <UnitTest name="UnitTests.Controllers.ModuleApiControllerTests.CanEdit_DefaultsToFalse" storage="d:\a\dnn.ionictodo\dnn.ionictodo\unittests\bin\unittests.dll" id="320e3c11-11d1-b3ef-0d2e-5e474f674ff1">
      <Execution id="96da5e54-44cf-488f-9820-664305f84511" />
      <TestMethod codeBase="D:\a\DNN.IonicToDo\DNN.IonicToDo\UnitTests\bin\UnitTests.dll" adapterTypeName="executor://xunit/VsTestRunner2/net" className="UnitTests.Controllers.ModuleApiControllerTests" name="CanEdit_DefaultsToFalse" />
    </UnitTest>
    <UnitTest name="UnitTests.Data.Repositories.GenericRepositoryTests.GenericRepositoryCreatesAndGetsById" storage="d:\a\dnn.ionictodo\dnn.ionictodo\unittests\bin\unittests.dll" id="e6e0a140-85e7-6935-6160-ab95ecfd3c8a">
      <Execution id="29d72e4c-a483-4e7a-95e5-a335fb2fe291" />
      <TestMethod codeBase="D:\a\DNN.IonicToDo\DNN.IonicToDo\UnitTests\bin\UnitTests.dll" adapterTypeName="executor://xunit/VsTestRunner2/net" className="UnitTests.Data.Repositories.GenericRepositoryTests" name="GenericRepositoryCreatesAndGetsById" />
    </UnitTest>
    <UnitTest name="UnitTests.Services.ItemServiceTests.GetItemsPage_GetsPages(page: 4, pageSize: 10, descending: False, expectedPages: 3, returnedPage: 3)" storage="d:\a\dnn.ionictodo\dnn.ionictodo\unittests\bin\unittests.dll" id="0f141a30-05bd-f4ed-a627-d40adca6b3ca">
      <Execution id="883ed022-98a6-4864-8f1e-7519c47c0010" />
      <TestMethod codeBase="D:\a\DNN.IonicToDo\DNN.IonicToDo\UnitTests\bin\UnitTests.dll" adapterTypeName="executor://xunit/VsTestRunner2/net" className="UnitTests.Services.ItemServiceTests" name="GetItemsPage_GetsPages" />
    </UnitTest>
    <UnitTest name="UnitTests.Services.ItemServiceTests.UpdateItem_NoName_Throws(name: &quot; &quot;)" storage="d:\a\dnn.ionictodo\dnn.ionictodo\unittests\bin\unittests.dll" id="1c164fbc-1ab1-9884-ccb8-9e84f4c977d0">
      <Execution id="6853f2cb-d2c0-455c-b544-22690fdbbd1d" />
      <TestMethod codeBase="D:\a\DNN.IonicToDo\DNN.IonicToDo\UnitTests\bin\UnitTests.dll" adapterTypeName="executor://xunit/VsTestRunner2/net" className="UnitTests.Services.ItemServiceTests" name="UpdateItem_NoName_Throws" />
    </UnitTest>
    <UnitTest name="UnitTests.EntensionMethodTests.IQueryable_IsOrdered_Works(ordered: False, descending: False, lastOrder: False)" storage="d:\a\dnn.ionictodo\dnn.ionictodo\unittests\bin\unittests.dll" id="2aef35a8-73ad-0c03-c8a4-2b5a1d37af8f">
      <Execution id="74b92484-357a-44b6-a275-ba519cf6e65f" />
      <TestMethod codeBase="D:\a\DNN.IonicToDo\DNN.IonicToDo\UnitTests\bin\UnitTests.dll" adapterTypeName="executor://xunit/VsTestRunner2/net" className="UnitTests.EntensionMethodTests" name="IQueryable_IsOrdered_Works" />
    </UnitTest>
    <UnitTest name="UnitTests.EntensionMethodTests.IQueryable_GetPage_PagesProperly(count: 101, page: 1, pageSize: 50, expedtedPages: 3, expectedItems: 50, firstId: 1, descending: False)" storage="d:\a\dnn.ionictodo\dnn.ionictodo\unittests\bin\unittests.dll" id="95a0a379-a9bd-3d99-f720-e626260de7f6">
      <Execution id="6906201f-1d51-4e98-ba7e-dc8eeb80865d" />
      <TestMethod codeBase="D:\a\DNN.IonicToDo\DNN.IonicToDo\UnitTests\bin\UnitTests.dll" adapterTypeName="executor://xunit/VsTestRunner2/net" className="UnitTests.EntensionMethodTests" name="IQueryable_GetPage_PagesProperly" />
    </UnitTest>
    <UnitTest name="UnitTests.EntensionMethodTests.IQueryable_GetPage_PagesProperly(count: 0, page: -1, pageSize: -1, expedtedPages: 0, expectedItems: 0, firstId: null, descending: False)" storage="d:\a\dnn.ionictodo\dnn.ionictodo\unittests\bin\unittests.dll" id="4bb697d7-9cb3-28c5-7c49-3e60c8ee823d">
      <Execution id="fdfc92d9-2a5c-4381-95ba-c513960cdc3d" />
      <TestMethod codeBase="D:\a\DNN.IonicToDo\DNN.IonicToDo\UnitTests\bin\UnitTests.dll" adapterTypeName="executor://xunit/VsTestRunner2/net" className="UnitTests.EntensionMethodTests" name="IQueryable_GetPage_PagesProperly" />
    </UnitTest>
    <UnitTest name="UnitTests.Data.Repositories.GenericRepositoryTests.Repository_Update_UsesuserId" storage="d:\a\dnn.ionictodo\dnn.ionictodo\unittests\bin\unittests.dll" id="0ebf358f-9eac-9438-b418-9c6aa81a6377">
      <Execution id="8544688f-8f94-4787-a5dd-9344eedf5494" />
      <TestMethod codeBase="D:\a\DNN.IonicToDo\DNN.IonicToDo\UnitTests\bin\UnitTests.dll" adapterTypeName="executor://xunit/VsTestRunner2/net" className="UnitTests.Data.Repositories.GenericRepositoryTests" name="Repository_Update_UsesuserId" />
    </UnitTest>
    <UnitTest name="UnitTests.Services.ItemServiceTests.CreateItem_Creates" storage="d:\a\dnn.ionictodo\dnn.ionictodo\unittests\bin\unittests.dll" id="a9198ad3-782e-a37c-0b5f-1330f5318f55">
      <Execution id="c5156402-5ff9-4520-b8f6-c88cd4f3c8ab" />
      <TestMethod codeBase="D:\a\DNN.IonicToDo\DNN.IonicToDo\UnitTests\bin\UnitTests.dll" adapterTypeName="executor://xunit/VsTestRunner2/net" className="UnitTests.Services.ItemServiceTests" name="CreateItem_Creates" />
    </UnitTest>
    <UnitTest name="UnitTests.Controllers.ValidateModelAttributeTests.OnActionExecuting_Invalid_Works" storage="d:\a\dnn.ionictodo\dnn.ionictodo\unittests\bin\unittests.dll" id="61a8ccc9-c5b1-047b-3c97-f777ccc7d30b">
      <Execution id="8c1a75b9-58bc-494a-9394-242989792bf1" />
      <TestMethod codeBase="D:\a\DNN.IonicToDo\DNN.IonicToDo\UnitTests\bin\UnitTests.dll" adapterTypeName="executor://xunit/VsTestRunner2/net" className="UnitTests.Controllers.ValidateModelAttributeTests" name="OnActionExecuting_Invalid_Works" />
    </UnitTest>
    <UnitTest name="UnitTests.EntensionMethodTests.IQueryable_IsOrdered_Works(ordered: False, descending: True, lastOrder: False)" storage="d:\a\dnn.ionictodo\dnn.ionictodo\unittests\bin\unittests.dll" id="b80893de-3e2d-6029-ec19-65c03fd119c3">
      <Execution id="a2527844-be54-4e89-9a2d-4c8b1b30a57c" />
      <TestMethod codeBase="D:\a\DNN.IonicToDo\DNN.IonicToDo\UnitTests\bin\UnitTests.dll" adapterTypeName="executor://xunit/VsTestRunner2/net" className="UnitTests.EntensionMethodTests" name="IQueryable_IsOrdered_Works" />
    </UnitTest>
    <UnitTest name="UnitTests.Services.ItemServiceTests.GetItemsPage_GetsPages(page: 1, pageSize: 20, descending: False, expectedPages: 2, returnedPage: 1)" storage="d:\a\dnn.ionictodo\dnn.ionictodo\unittests\bin\unittests.dll" id="1b051fa0-d4cc-1b32-80bb-d56b714e3066">
      <Execution id="40f78dd9-3b20-4c47-aeea-2a9dc76dfb80" />
      <TestMethod codeBase="D:\a\DNN.IonicToDo\DNN.IonicToDo\UnitTests\bin\UnitTests.dll" adapterTypeName="executor://xunit/VsTestRunner2/net" className="UnitTests.Services.ItemServiceTests" name="GetItemsPage_GetsPages" />
    </UnitTest>
    <UnitTest name="UnitTests.Data.Repositories.GenericRepositoryTests.GenericRepositoryGet" storage="d:\a\dnn.ionictodo\dnn.ionictodo\unittests\bin\unittests.dll" id="ad3412e8-5f64-2020-a5b6-bd4cca8c3b7d">
      <Execution id="5466bf9e-280d-4554-b2b4-ca320fa62dec" />
      <TestMethod codeBase="D:\a\DNN.IonicToDo\DNN.IonicToDo\UnitTests\bin\UnitTests.dll" adapterTypeName="executor://xunit/VsTestRunner2/net" className="UnitTests.Data.Repositories.GenericRepositoryTests" name="GenericRepositoryGet" />
    </UnitTest>
    <UnitTest name="UnitTests.Services.LoggingServiceTests.LogginService_TestableConstructorLogsError" storage="d:\a\dnn.ionictodo\dnn.ionictodo\unittests\bin\unittests.dll" id="ac1c50bc-98fd-036f-fe0f-d46cb187f90e">
      <Execution id="d2953afa-de90-41eb-a293-35e10335dd26" />
      <TestMethod codeBase="D:\a\DNN.IonicToDo\DNN.IonicToDo\UnitTests\bin\UnitTests.dll" adapterTypeName="executor://xunit/VsTestRunner2/net" className="UnitTests.Services.LoggingServiceTests" name="LogginService_TestableConstructorLogsError" />
    </UnitTest>
    <UnitTest name="UnitTests.Data.Repositories.GenericRepositoryTests.GenericRepositoryUpdate_ThrowsWithNullEntity" storage="d:\a\dnn.ionictodo\dnn.ionictodo\unittests\bin\unittests.dll" id="24cfa8b0-48c3-8aab-e4c2-88694c220e2c">
      <Execution id="6762b14c-3171-4051-b7c8-505cb6f9c5b0" />
      <TestMethod codeBase="D:\a\DNN.IonicToDo\DNN.IonicToDo\UnitTests\bin\UnitTests.dll" adapterTypeName="executor://xunit/VsTestRunner2/net" className="UnitTests.Data.Repositories.GenericRepositoryTests" name="GenericRepositoryUpdate_ThrowsWithNullEntity" />
    </UnitTest>
    <UnitTest name="UnitTests.Data.Entities.ItemTests.ItemPropertiesPersist(id: 2, name: &quot;Name2&quot;, description: &quot;Description2&quot;)" storage="d:\a\dnn.ionictodo\dnn.ionictodo\unittests\bin\unittests.dll" id="96a18501-dea4-70b1-d572-baa1bb120da2">
      <Execution id="14ba6f31-b59a-4e0c-8a94-17e8f76788fd" />
      <TestMethod codeBase="D:\a\DNN.IonicToDo\DNN.IonicToDo\UnitTests\bin\UnitTests.dll" adapterTypeName="executor://xunit/VsTestRunner2/net" className="UnitTests.Data.Entities.ItemTests" name="ItemPropertiesPersist" />
    </UnitTest>
    <UnitTest name="UnitTests.Data.Repositories.GenericRepositoryTests.GenericRepositoryGetsAll(iterations: 3)" storage="d:\a\dnn.ionictodo\dnn.ionictodo\unittests\bin\unittests.dll" id="d15ea2a7-9f9f-b92b-50fa-470898da705d">
      <Execution id="8c57aa58-149b-46d3-95a9-590fd5dbf4c2" />
      <TestMethod codeBase="D:\a\DNN.IonicToDo\DNN.IonicToDo\UnitTests\bin\UnitTests.dll" adapterTypeName="executor://xunit/VsTestRunner2/net" className="UnitTests.Data.Repositories.GenericRepositoryTests" name="GenericRepositoryGetsAll" />
    </UnitTest>
    <UnitTest name="UnitTests.Common.GlobalsTests.ModulePrefixIsValid" storage="d:\a\dnn.ionictodo\dnn.ionictodo\unittests\bin\unittests.dll" id="d1c63cb7-1f9a-a8bf-a217-a4cbb4e5f73b">
      <Execution id="3a344dfa-9a5b-4564-a35f-0509d760e1a6" />
      <TestMethod codeBase="D:\a\DNN.IonicToDo\DNN.IonicToDo\UnitTests\bin\UnitTests.dll" adapterTypeName="executor://xunit/VsTestRunner2/net" className="UnitTests.Common.GlobalsTests" name="ModulePrefixIsValid" />
    </UnitTest>
    <UnitTest name="UnitTests.Controllers.ServiceRouteMapperTests.RegisterRoutes_RegistersAtLestOneRoute" storage="d:\a\dnn.ionictodo\dnn.ionictodo\unittests\bin\unittests.dll" id="986d7e6e-d04d-b204-b01c-fbb8f09c7774">
      <Execution id="9858f767-2dc2-4d0f-ba9d-14ad06960341" />
      <TestMethod codeBase="D:\a\DNN.IonicToDo\DNN.IonicToDo\UnitTests\bin\UnitTests.dll" adapterTypeName="executor://xunit/VsTestRunner2/net" className="UnitTests.Controllers.ServiceRouteMapperTests" name="RegisterRoutes_RegistersAtLestOneRoute" />
    </UnitTest>
    <UnitTest name="UnitTests.EntensionMethodTests.IQueryable_GetPage_PagesProperly(count: 10, page: 1, pageSize: 10, expedtedPages: 1, expectedItems: 10, firstId: 1, descending: False)" storage="d:\a\dnn.ionictodo\dnn.ionictodo\unittests\bin\unittests.dll" id="9207202d-19b8-8eb5-74dc-6aa5d849467c">
      <Execution id="aff0449e-aa02-441e-b8cd-866fa1832f76" />
      <TestMethod codeBase="D:\a\DNN.IonicToDo\DNN.IonicToDo\UnitTests\bin\UnitTests.dll" adapterTypeName="executor://xunit/VsTestRunner2/net" className="UnitTests.EntensionMethodTests" name="IQueryable_GetPage_PagesProperly" />
    </UnitTest>
    <UnitTest name="UnitTests.Controllers.ModuleExceptionFilterAttributeTests.SystemException_DoesNotExposeDetails" storage="d:\a\dnn.ionictodo\dnn.ionictodo\unittests\bin\unittests.dll" id="1a74e347-4470-5271-97ab-1ebaf8693270">
      <Execution id="19648e0e-25d3-430b-8d95-ededc31cd8ef" />
      <TestMethod codeBase="D:\a\DNN.IonicToDo\DNN.IonicToDo\UnitTests\bin\UnitTests.dll" adapterTypeName="executor://xunit/VsTestRunner2/net" className="UnitTests.Controllers.ModuleExceptionFilterAttributeTests" name="SystemException_DoesNotExposeDetails" />
    </UnitTest>
    <UnitTest name="UnitTests.Data.Repositories.GenericRepositoryTests.GenericRepositoryConstructs" storage="d:\a\dnn.ionictodo\dnn.ionictodo\unittests\bin\unittests.dll" id="e4f8faa7-d0ad-86e6-1579-7bd52372b4c3">
      <Execution id="8816ac65-8f29-44f2-9f98-597c891a60dd" />
      <TestMethod codeBase="D:\a\DNN.IonicToDo\DNN.IonicToDo\UnitTests\bin\UnitTests.dll" adapterTypeName="executor://xunit/VsTestRunner2/net" className="UnitTests.Data.Repositories.GenericRepositoryTests" name="GenericRepositoryConstructs" />
    </UnitTest>
    <UnitTest name="UnitTests.Services.ItemServiceTests.UpdateItem_NoName_Throws(name: null)" storage="d:\a\dnn.ionictodo\dnn.ionictodo\unittests\bin\unittests.dll" id="b76e01b1-6afe-f33b-c6a9-ea3347176509">
      <Execution id="e6f2b199-f7c0-4327-b82a-6aa8fc435626" />
      <TestMethod codeBase="D:\a\DNN.IonicToDo\DNN.IonicToDo\UnitTests\bin\UnitTests.dll" adapterTypeName="executor://xunit/VsTestRunner2/net" className="UnitTests.Services.ItemServiceTests" name="UpdateItem_NoName_Throws" />
    </UnitTest>
    <UnitTest name="UnitTests.Data.Repositories.GenericRepositoryTests.Repository_DeleteMissing_DoesNotThrow" storage="d:\a\dnn.ionictodo\dnn.ionictodo\unittests\bin\unittests.dll" id="f754f777-4449-23e8-f4ec-917f49117de2">
      <Execution id="de5aadcc-3e1e-4814-923f-8f96742813fd" />
      <TestMethod codeBase="D:\a\DNN.IonicToDo\DNN.IonicToDo\UnitTests\bin\UnitTests.dll" adapterTypeName="executor://xunit/VsTestRunner2/net" className="UnitTests.Data.Repositories.GenericRepositoryTests" name="Repository_DeleteMissing_DoesNotThrow" />
    </UnitTest>
    <UnitTest name="UnitTests.EntensionMethodTests.IQueryable_IsOrdered_Works(ordered: True, descending: False, lastOrder: True)" storage="d:\a\dnn.ionictodo\dnn.ionictodo\unittests\bin\unittests.dll" id="3140ebc5-2430-06b3-4257-a6794b9b09ac">
      <Execution id="34105dd1-f75d-43da-834a-b3f691051774" />
      <TestMethod codeBase="D:\a\DNN.IonicToDo\DNN.IonicToDo\UnitTests\bin\UnitTests.dll" adapterTypeName="executor://xunit/VsTestRunner2/net" className="UnitTests.EntensionMethodTests" name="IQueryable_IsOrdered_Works" />
    </UnitTest>
    <UnitTest name="UnitTests.Services.ItemServiceTests.CreateItem_NoNameThrows" storage="d:\a\dnn.ionictodo\dnn.ionictodo\unittests\bin\unittests.dll" id="19b6234c-c2df-2304-54f9-54b0da4cd6ba">
      <Execution id="30ab8b7f-1e1a-4190-8c3c-efd424c36c8e" />
      <TestMethod codeBase="D:\a\DNN.IonicToDo\DNN.IonicToDo\UnitTests\bin\UnitTests.dll" adapterTypeName="executor://xunit/VsTestRunner2/net" className="UnitTests.Services.ItemServiceTests" name="CreateItem_NoNameThrows" />
    </UnitTest>
    <UnitTest name="UnitTests.Services.ItemServiceTests.DeleteItem_Deletes" storage="d:\a\dnn.ionictodo\dnn.ionictodo\unittests\bin\unittests.dll" id="e6610648-e456-1c64-d2b1-7e1242b871a8">
      <Execution id="0c2e36ba-c3b7-45c8-bf8e-16cbb31eda0f" />
      <TestMethod codeBase="D:\a\DNN.IonicToDo\DNN.IonicToDo\UnitTests\bin\UnitTests.dll" adapterTypeName="executor://xunit/VsTestRunner2/net" className="UnitTests.Services.ItemServiceTests" name="DeleteItem_Deletes" />
    </UnitTest>
    <UnitTest name="UnitTests.Data.Entities.ItemTests.ItemConstructsProperly" storage="d:\a\dnn.ionictodo\dnn.ionictodo\unittests\bin\unittests.dll" id="572fc310-4b67-9555-f147-153d39f2eb82">
      <Execution id="7cae5d56-51fd-4f4b-9f84-e6865a669226" />
      <TestMethod codeBase="D:\a\DNN.IonicToDo\DNN.IonicToDo\UnitTests\bin\UnitTests.dll" adapterTypeName="executor://xunit/VsTestRunner2/net" className="UnitTests.Data.Entities.ItemTests" name="ItemConstructsProperly" />
    </UnitTest>
    <UnitTest name="UnitTests.EntensionMethodTests.IQueryable_IsOrdered_Works(ordered: True, descending: True, lastOrder: True)" storage="d:\a\dnn.ionictodo\dnn.ionictodo\unittests\bin\unittests.dll" id="f46af852-6230-3d31-e31c-2959bffd491f">
      <Execution id="90068d60-1acc-43f7-a7ae-7e701535b793" />
      <TestMethod codeBase="D:\a\DNN.IonicToDo\DNN.IonicToDo\UnitTests\bin\UnitTests.dll" adapterTypeName="executor://xunit/VsTestRunner2/net" className="UnitTests.EntensionMethodTests" name="IQueryable_IsOrdered_Works" />
    </UnitTest>
    <UnitTest name="UnitTests.Services.ItemServiceTests.GetItemsPage_GetsPages(page: 1, pageSize: 10, descending: False, expectedPages: 3, returnedPage: 1)" storage="d:\a\dnn.ionictodo\dnn.ionictodo\unittests\bin\unittests.dll" id="19223079-ea41-5691-855c-970af1a1e611">
      <Execution id="6cd4faf7-d5b8-4c63-a5e8-d6d81ca558b0" />
      <TestMethod codeBase="D:\a\DNN.IonicToDo\DNN.IonicToDo\UnitTests\bin\UnitTests.dll" adapterTypeName="executor://xunit/VsTestRunner2/net" className="UnitTests.Services.ItemServiceTests" name="GetItemsPage_GetsPages" />
    </UnitTest>
    <UnitTest name="UnitTests.Services.LoggingServiceTests.LogginService_TestableConstructorLogsErrorWithException" storage="d:\a\dnn.ionictodo\dnn.ionictodo\unittests\bin\unittests.dll" id="9168bdef-a759-f4d6-b890-b643e17324cf">
      <Execution id="d4545f39-18b2-4548-8bfc-b08fa05e6df3" />
      <TestMethod codeBase="D:\a\DNN.IonicToDo\DNN.IonicToDo\UnitTests\bin\UnitTests.dll" adapterTypeName="executor://xunit/VsTestRunner2/net" className="UnitTests.Services.LoggingServiceTests" name="LogginService_TestableConstructorLogsErrorWithException" />
    </UnitTest>
    <UnitTest name="UnitTests.Services.ItemServiceTests.UpdateItem_NoName_Throws(name: &quot;&quot;)" storage="d:\a\dnn.ionictodo\dnn.ionictodo\unittests\bin\unittests.dll" id="3cbfa5d3-e0f6-eff8-ed5c-556fa1f3e131">
      <Execution id="417daf04-f213-42e6-81ea-d3a48c20415f" />
      <TestMethod codeBase="D:\a\DNN.IonicToDo\DNN.IonicToDo\UnitTests\bin\UnitTests.dll" adapterTypeName="executor://xunit/VsTestRunner2/net" className="UnitTests.Services.ItemServiceTests" name="UpdateItem_NoName_Throws" />
    </UnitTest>
    <UnitTest name="UnitTests.EntensionMethodTests.IQueryable_GetPage_PagesProperly(count: 20, page: 2, pageSize: 10, expedtedPages: 2, expectedItems: 10, firstId: 11, descending: False)" storage="d:\a\dnn.ionictodo\dnn.ionictodo\unittests\bin\unittests.dll" id="2695f427-ed7b-9f97-5696-f97a7702128c">
      <Execution id="f6cd13bd-f09b-4215-9b93-63d7e7ec04b4" />
      <TestMethod codeBase="D:\a\DNN.IonicToDo\DNN.IonicToDo\UnitTests\bin\UnitTests.dll" adapterTypeName="executor://xunit/VsTestRunner2/net" className="UnitTests.EntensionMethodTests" name="IQueryable_GetPage_PagesProperly" />
    </UnitTest>
    <UnitTest name="UnitTests.EntensionMethodTests.IQueryable_IsOrdered_Works(ordered: False, descending: True, lastOrder: True)" storage="d:\a\dnn.ionictodo\dnn.ionictodo\unittests\bin\unittests.dll" id="d5b75914-a4f0-1327-0212-c8781f6dfe81">
      <Execution id="3e8773e0-201e-48c7-b8f8-23aeb6eab4be" />
      <TestMethod codeBase="D:\a\DNN.IonicToDo\DNN.IonicToDo\UnitTests\bin\UnitTests.dll" adapterTypeName="executor://xunit/VsTestRunner2/net" className="UnitTests.EntensionMethodTests" name="IQueryable_IsOrdered_Works" />
    </UnitTest>
    <UnitTest name="UnitTests.Controllers.ItemControllerTests.UserCanEdit_ReturnsBool(canEdit: True)" storage="d:\a\dnn.ionictodo\dnn.ionictodo\unittests\bin\unittests.dll" id="aec60494-3c2e-8ec9-f948-da5bb2043983">
      <Execution id="8f4989f1-cad4-4dc1-9268-8a1bdf5e66d7" />
      <TestMethod codeBase="D:\a\DNN.IonicToDo\DNN.IonicToDo\UnitTests\bin\UnitTests.dll" adapterTypeName="executor://xunit/VsTestRunner2/net" className="UnitTests.Controllers.ItemControllerTests" name="UserCanEdit_ReturnsBool" />
    </UnitTest>
    <UnitTest name="UnitTests.Services.ItemServiceTests.GetItemsPage_GetsPages(page: 0, pageSize: 0, descending: True, expectedPages: 30, returnedPage: 1)" storage="d:\a\dnn.ionictodo\dnn.ionictodo\unittests\bin\unittests.dll" id="0864c31d-6119-84d6-7f52-9d349dabbe84">
      <Execution id="716b0fc6-a11a-4a20-92a4-b58e7397b934" />
      <TestMethod codeBase="D:\a\DNN.IonicToDo\DNN.IonicToDo\UnitTests\bin\UnitTests.dll" adapterTypeName="executor://xunit/VsTestRunner2/net" className="UnitTests.Services.ItemServiceTests" name="GetItemsPage_GetsPages" />
    </UnitTest>
    <UnitTest name="UnitTests.EntensionMethodTests.IQueryable_GetPage_EmptyDoesNotThrow" storage="d:\a\dnn.ionictodo\dnn.ionictodo\unittests\bin\unittests.dll" id="2d3a68b5-bf4c-0513-b733-5ed612794244">
      <Execution id="ec9239c3-0e03-42e8-a388-be7f2aae6579" />
      <TestMethod codeBase="D:\a\DNN.IonicToDo\DNN.IonicToDo\UnitTests\bin\UnitTests.dll" adapterTypeName="executor://xunit/VsTestRunner2/net" className="UnitTests.EntensionMethodTests" name="IQueryable_GetPage_EmptyDoesNotThrow" />
    </UnitTest>
    <UnitTest name="UnitTests.Controllers.ModuleApiControllerTests.HasUserInfo" storage="d:\a\dnn.ionictodo\dnn.ionictodo\unittests\bin\unittests.dll" id="bae3532a-4a9e-c4ab-fc66-4dfa22d16170">
      <Execution id="a43ef366-6fb3-4aee-8fed-249696393c33" />
      <TestMethod codeBase="D:\a\DNN.IonicToDo\DNN.IonicToDo\UnitTests\bin\UnitTests.dll" adapterTypeName="executor://xunit/VsTestRunner2/net" className="UnitTests.Controllers.ModuleApiControllerTests" name="HasUserInfo" />
    </UnitTest>
    <UnitTest name="UnitTests.Services.ItemServiceTests.UpdateItem_NoName_Throws(name: &quot;  &quot;)" storage="d:\a\dnn.ionictodo\dnn.ionictodo\unittests\bin\unittests.dll" id="92b7b9f6-1294-7ea1-ffa3-91fba85074d4">
      <Execution id="47d5b128-4734-4a20-91f8-899bbef72dd2" />
      <TestMethod codeBase="D:\a\DNN.IonicToDo\DNN.IonicToDo\UnitTests\bin\UnitTests.dll" adapterTypeName="executor://xunit/VsTestRunner2/net" className="UnitTests.Services.ItemServiceTests" name="UpdateItem_NoName_Throws" />
    </UnitTest>
    <UnitTest name="UnitTests.Data.Repositories.GenericRepositoryTests.Repository_Create_DefaultAudit" storage="d:\a\dnn.ionictodo\dnn.ionictodo\unittests\bin\unittests.dll" id="ae39aa62-5ff2-56e7-d00e-ef116d711d51">
      <Execution id="41b39396-13b6-4a4e-845c-0eb57a5c8cf7" />
      <TestMethod codeBase="D:\a\DNN.IonicToDo\DNN.IonicToDo\UnitTests\bin\UnitTests.dll" adapterTypeName="executor://xunit/VsTestRunner2/net" className="UnitTests.Data.Repositories.GenericRepositoryTests" name="Repository_Create_DefaultAudit" />
    </UnitTest>
    <UnitTest name="UnitTests.Controllers.ValidateModelAttributeTests.OnActionExecuting_Valid_Works" storage="d:\a\dnn.ionictodo\dnn.ionictodo\unittests\bin\unittests.dll" id="e55f1742-c16d-5086-2251-ad3372dd48f5">
      <Execution id="40eb0e7e-c9a7-4211-9b0a-6550f4d85932" />
      <TestMethod codeBase="D:\a\DNN.IonicToDo\DNN.IonicToDo\UnitTests\bin\UnitTests.dll" adapterTypeName="executor://xunit/VsTestRunner2/net" className="UnitTests.Controllers.ValidateModelAttributeTests" name="OnActionExecuting_Valid_Works" />
    </UnitTest>
    <UnitTest name="UnitTests.Services.LoggingServiceTests.LoggingService_DefaultConstructorExists" storage="d:\a\dnn.ionictodo\dnn.ionictodo\unittests\bin\unittests.dll" id="8ba31d1b-48e3-e04e-cff0-b927c63b4a19">
      <Execution id="4f58feea-a4d0-4aba-a547-fdca4592ccd4" />
      <TestMethod codeBase="D:\a\DNN.IonicToDo\DNN.IonicToDo\UnitTests\bin\UnitTests.dll" adapterTypeName="executor://xunit/VsTestRunner2/net" className="UnitTests.Services.LoggingServiceTests" name="LoggingService_DefaultConstructorExists" />
    </UnitTest>
    <UnitTest name="UnitTests.Services.ItemServiceTests.UpdateItem_NullDto_Throws" storage="d:\a\dnn.ionictodo\dnn.ionictodo\unittests\bin\unittests.dll" id="263c08b1-704a-f3c2-309e-6dee831dbdc9">
      <Execution id="0f05f54e-b889-41e8-906f-6ddde93afdd1" />
      <TestMethod codeBase="D:\a\DNN.IonicToDo\DNN.IonicToDo\UnitTests\bin\UnitTests.dll" adapterTypeName="executor://xunit/VsTestRunner2/net" className="UnitTests.Services.ItemServiceTests" name="UpdateItem_NullDto_Throws" />
    </UnitTest>
    <UnitTest name="UnitTests.Data.Repositories.GenericRepositoryTests.GenericRepositoryGetsAll(iterations: 1)" storage="d:\a\dnn.ionictodo\dnn.ionictodo\unittests\bin\unittests.dll" id="d16880d7-fb44-f209-43d9-ba2e0e1875de">
      <Execution id="e572f892-a7d6-420d-a945-008dccdca6fc" />
      <TestMethod codeBase="D:\a\DNN.IonicToDo\DNN.IonicToDo\UnitTests\bin\UnitTests.dll" adapterTypeName="executor://xunit/VsTestRunner2/net" className="UnitTests.Data.Repositories.GenericRepositoryTests" name="GenericRepositoryGetsAll" />
    </UnitTest>
    <UnitTest name="UnitTests.EntensionMethodTests.IQueryable_IsOrdered_ThrowsWithNull" storage="d:\a\dnn.ionictodo\dnn.ionictodo\unittests\bin\unittests.dll" id="73fc5149-51d6-8241-9c9f-f48c28e448e3">
      <Execution id="b7eb459d-46da-4bab-a1fc-4dc6ed473679" />
      <TestMethod codeBase="D:\a\DNN.IonicToDo\DNN.IonicToDo\UnitTests\bin\UnitTests.dll" adapterTypeName="executor://xunit/VsTestRunner2/net" className="UnitTests.EntensionMethodTests" name="IQueryable_IsOrdered_ThrowsWithNull" />
    </UnitTest>
    <UnitTest name="UnitTests.Data.Repositories.GenericRepositoryTests.GenericRepositoryCreate_ThrowsWithNullEntity" storage="d:\a\dnn.ionictodo\dnn.ionictodo\unittests\bin\unittests.dll" id="36689490-09d4-917f-648a-70dcfcfede10">
      <Execution id="dd24ca1c-4459-4525-965f-dfcfdcb195af" />
      <TestMethod codeBase="D:\a\DNN.IonicToDo\DNN.IonicToDo\UnitTests\bin\UnitTests.dll" adapterTypeName="executor://xunit/VsTestRunner2/net" className="UnitTests.Data.Repositories.GenericRepositoryTests" name="GenericRepositoryCreate_ThrowsWithNullEntity" />
    </UnitTest>
    <UnitTest name="UnitTests.Controllers.ItemControllerTests.CreateItem_Creates" storage="d:\a\dnn.ionictodo\dnn.ionictodo\unittests\bin\unittests.dll" id="588a2c1b-7788-beb2-ade0-06788d455d25">
      <Execution id="5412538c-db04-447a-bfe0-6f9b0527b77f" />
      <TestMethod codeBase="D:\a\DNN.IonicToDo\DNN.IonicToDo\UnitTests\bin\UnitTests.dll" adapterTypeName="executor://xunit/VsTestRunner2/net" className="UnitTests.Controllers.ItemControllerTests" name="CreateItem_Creates" />
    </UnitTest>
    <UnitTest name="UnitTests.Controllers.ModuleApiControllerTests.CanEdit_Set_Throws" storage="d:\a\dnn.ionictodo\dnn.ionictodo\unittests\bin\unittests.dll" id="5f92ec4d-d570-0452-b891-d4cee75db9dd">
      <Execution id="53eb7f8b-1508-49b1-904d-14d5dacab729" />
      <TestMethod codeBase="D:\a\DNN.IonicToDo\DNN.IonicToDo\UnitTests\bin\UnitTests.dll" adapterTypeName="executor://xunit/VsTestRunner2/net" className="UnitTests.Controllers.ModuleApiControllerTests" name="CanEdit_Set_Throws" />
    </UnitTest>
    <UnitTest name="UnitTests.Data.Repositories.GenericRepositoryTests.Repository_Create_UsesUserId" storage="d:\a\dnn.ionictodo\dnn.ionictodo\unittests\bin\unittests.dll" id="e1c7f76f-6195-c844-23c0-304b47fbae66">
      <Execution id="af489d69-e8a4-43c2-afbd-863f9ebd01c1" />
      <TestMethod codeBase="D:\a\DNN.IonicToDo\DNN.IonicToDo\UnitTests\bin\UnitTests.dll" adapterTypeName="executor://xunit/VsTestRunner2/net" className="UnitTests.Data.Repositories.GenericRepositoryTests" name="Repository_Create_UsesUserId" />
    </UnitTest>
    <UnitTest name="UnitTests.Controllers.ItemControllerTests.UpdateItem_Updates" storage="d:\a\dnn.ionictodo\dnn.ionictodo\unittests\bin\unittests.dll" id="315adde5-f36d-a74f-aa46-fb22a0f78cd9">
      <Execution id="b2346a9d-c665-45b2-bc74-16276f68a802" />
      <TestMethod codeBase="D:\a\DNN.IonicToDo\DNN.IonicToDo\UnitTests\bin\UnitTests.dll" adapterTypeName="executor://xunit/VsTestRunner2/net" className="UnitTests.Controllers.ItemControllerTests" name="UpdateItem_Updates" />
    </UnitTest>
    <UnitTest name="UnitTests.Controllers.ModuleExceptionFilterAttributeTests.ArgumentException_BadRequest" storage="d:\a\dnn.ionictodo\dnn.ionictodo\unittests\bin\unittests.dll" id="a21637b0-54f8-4fa0-bc3b-95481a9fd90b">
      <Execution id="f4b23244-1b88-4df7-8919-5ed25734f6a3" />
      <TestMethod codeBase="D:\a\DNN.IonicToDo\DNN.IonicToDo\UnitTests\bin\UnitTests.dll" adapterTypeName="executor://xunit/VsTestRunner2/net" className="UnitTests.Controllers.ModuleExceptionFilterAttributeTests" name="ArgumentException_BadRequest" />
    </UnitTest>
    <UnitTest name="UnitTests.Controllers.ModuleExceptionFilterAttributeTests.NoException_DoesNothing" storage="d:\a\dnn.ionictodo\dnn.ionictodo\unittests\bin\unittests.dll" id="113f48ce-a6a3-c5df-7589-ba5a5fcb9c59">
      <Execution id="d2e82cca-9718-4e33-b8d9-fb1470969c0e" />
      <TestMethod codeBase="D:\a\DNN.IonicToDo\DNN.IonicToDo\UnitTests\bin\UnitTests.dll" adapterTypeName="executor://xunit/VsTestRunner2/net" className="UnitTests.Controllers.ModuleExceptionFilterAttributeTests" name="NoException_DoesNothing" />
    </UnitTest>
    <UnitTest name="UnitTests.Controllers.ItemControllerTests.GetItemsPage_GetsProperPages" storage="d:\a\dnn.ionictodo\dnn.ionictodo\unittests\bin\unittests.dll" id="1017c6c1-9dd0-57dc-36e7-bb573d02562e">
      <Execution id="27f32383-0e8f-40fd-9877-4c78351a2e58" />
      <TestMethod codeBase="D:\a\DNN.IonicToDo\DNN.IonicToDo\UnitTests\bin\UnitTests.dll" adapterTypeName="executor://xunit/VsTestRunner2/net" className="UnitTests.Controllers.ItemControllerTests" name="GetItemsPage_GetsProperPages" />
    </UnitTest>
    <UnitTest name="UnitTests.Data.Repositories.GenericRepositoryTests.GenericRepositoryDeletes" storage="d:\a\dnn.ionictodo\dnn.ionictodo\unittests\bin\unittests.dll" id="0bc54975-0bff-692e-a9b3-fc69f2c95a39">
      <Execution id="bd0d51ed-e75f-4eb7-8f59-729fed902013" />
      <TestMethod codeBase="D:\a\DNN.IonicToDo\DNN.IonicToDo\UnitTests\bin\UnitTests.dll" adapterTypeName="executor://xunit/VsTestRunner2/net" className="UnitTests.Data.Repositories.GenericRepositoryTests" name="GenericRepositoryDeletes" />
    </UnitTest>
    <UnitTest name="UnitTests.Controllers.ItemControllerTests.DeleteItem_Deletes(itemId: 10)" storage="d:\a\dnn.ionictodo\dnn.ionictodo\unittests\bin\unittests.dll" id="d6094ca1-b65b-5133-f464-9f7d01f0d023">
      <Execution id="cc193d0d-fc38-4fdb-ab49-c18b81344f19" />
      <TestMethod codeBase="D:\a\DNN.IonicToDo\DNN.IonicToDo\UnitTests\bin\UnitTests.dll" adapterTypeName="executor://xunit/VsTestRunner2/net" className="UnitTests.Controllers.ItemControllerTests" name="DeleteItem_Deletes" />
    </UnitTest>
    <UnitTest name="UnitTests.Data.Repositories.GenericRepositoryTests.GenericRepositoryUpdates" storage="d:\a\dnn.ionictodo\dnn.ionictodo\unittests\bin\unittests.dll" id="70ede014-c412-e387-bb98-e95b3b42090d">
      <Execution id="49fec79d-ffa6-4814-a14f-6c51226306f6" />
      <TestMethod codeBase="D:\a\DNN.IonicToDo\DNN.IonicToDo\UnitTests\bin\UnitTests.dll" adapterTypeName="executor://xunit/VsTestRunner2/net" className="UnitTests.Data.Repositories.GenericRepositoryTests" name="GenericRepositoryUpdates" />
    </UnitTest>
    <UnitTest name="UnitTests.Services.ItemServiceTests.UpdateItem_Updates" storage="d:\a\dnn.ionictodo\dnn.ionictodo\unittests\bin\unittests.dll" id="130d9133-361f-a0da-f15e-423eb98947ac">
      <Execution id="fb904d94-5aef-4079-96f1-8f3ec6e2c214" />
      <TestMethod codeBase="D:\a\DNN.IonicToDo\DNN.IonicToDo\UnitTests\bin\UnitTests.dll" adapterTypeName="executor://xunit/VsTestRunner2/net" className="UnitTests.Services.ItemServiceTests" name="UpdateItem_Updates" />
    </UnitTest>
    <UnitTest name="UnitTests.Data.Repositories.GenericRepositoryTests.Repository_Update_DefaultAudit" storage="d:\a\dnn.ionictodo\dnn.ionictodo\unittests\bin\unittests.dll" id="44b00d3a-bad7-aefd-141c-4a35b11463b2">
      <Execution id="4fab5e92-4701-4e91-8a84-4c42f719a141" />
      <TestMethod codeBase="D:\a\DNN.IonicToDo\DNN.IonicToDo\UnitTests\bin\UnitTests.dll" adapterTypeName="executor://xunit/VsTestRunner2/net" className="UnitTests.Data.Repositories.GenericRepositoryTests" name="Repository_Update_DefaultAudit" />
    </UnitTest>
    <UnitTest name="UnitTests.Data.Repositories.GenericRepositoryTests.GenericRepositoryGetsAll(iterations: 2)" storage="d:\a\dnn.ionictodo\dnn.ionictodo\unittests\bin\unittests.dll" id="ffe5c770-9b99-42c0-ce21-7e50cccf4385">
      <Execution id="bbde613c-286b-4c25-9885-9483365edea2" />
      <TestMethod codeBase="D:\a\DNN.IonicToDo\DNN.IonicToDo\UnitTests\bin\UnitTests.dll" adapterTypeName="executor://xunit/VsTestRunner2/net" className="UnitTests.Data.Repositories.GenericRepositoryTests" name="GenericRepositoryGetsAll" />
    </UnitTest>
    <UnitTest name="UnitTests.Data.Repositories.GenericRepositoryTests.GenericRepositoryGetsAll(iterations: 0)" storage="d:\a\dnn.ionictodo\dnn.ionictodo\unittests\bin\unittests.dll" id="4fe0dd0f-2fa0-9c42-e816-a6df28150b72">
      <Execution id="26a5d71e-5564-483b-b669-9e7ea92e126b" />
      <TestMethod codeBase="D:\a\DNN.IonicToDo\DNN.IonicToDo\UnitTests\bin\UnitTests.dll" adapterTypeName="executor://xunit/VsTestRunner2/net" className="UnitTests.Data.Repositories.GenericRepositoryTests" name="GenericRepositoryGetsAll" />
    </UnitTest>
    <UnitTest name="UnitTests.EntensionMethodTests.IQueryable_IsOrdered_Works(ordered: False, descending: False, lastOrder: True)" storage="d:\a\dnn.ionictodo\dnn.ionictodo\unittests\bin\unittests.dll" id="0dc5a512-bfd0-bc80-f676-16e6d961ec4d">
      <Execution id="6b76e6e3-abea-4f57-a8df-def217d2f470" />
      <TestMethod codeBase="D:\a\DNN.IonicToDo\DNN.IonicToDo\UnitTests\bin\UnitTests.dll" adapterTypeName="executor://xunit/VsTestRunner2/net" className="UnitTests.EntensionMethodTests" name="IQueryable_IsOrdered_Works" />
    </UnitTest>
    <UnitTest name="UnitTests.EntensionMethodTests.IQueryable_GetPage_PagesProperly(count: 0, page: 0, pageSize: 0, expedtedPages: 0, expectedItems: 0, firstId: null, descending: False)" storage="d:\a\dnn.ionictodo\dnn.ionictodo\unittests\bin\unittests.dll" id="8bbc68bc-7714-d990-1480-dfaedaafbd62">
      <Execution id="5ba573c4-b71e-4048-8a1f-95ceaf8c9a28" />
      <TestMethod codeBase="D:\a\DNN.IonicToDo\DNN.IonicToDo\UnitTests\bin\UnitTests.dll" adapterTypeName="executor://xunit/VsTestRunner2/net" className="UnitTests.EntensionMethodTests" name="IQueryable_GetPage_PagesProperly" />
    </UnitTest>
    <UnitTest name="UnitTests.Services.ItemServiceTests.CreateItem_NoItemThrows" storage="d:\a\dnn.ionictodo\dnn.ionictodo\unittests\bin\unittests.dll" id="f5652070-1b22-f5a7-3f3f-68b37c9184a8">
      <Execution id="9aacdcfb-faf3-4d25-9e34-2a484f70d0fe" />
      <TestMethod codeBase="D:\a\DNN.IonicToDo\DNN.IonicToDo\UnitTests\bin\UnitTests.dll" adapterTypeName="executor://xunit/VsTestRunner2/net" className="UnitTests.Services.ItemServiceTests" name="CreateItem_NoItemThrows" />
    </UnitTest>
    <UnitTest name="UnitTests.Data.Entities.ItemTests.ItemPropertiesPersist(id: 1, name: &quot;Name1&quot;, description: &quot;Description1&quot;)" storage="d:\a\dnn.ionictodo\dnn.ionictodo\unittests\bin\unittests.dll" id="392ed628-2028-c945-b97e-893658a1e82b">
      <Execution id="60aff38f-81b3-4de0-a4db-409792eb7b9c" />
      <TestMethod codeBase="D:\a\DNN.IonicToDo\DNN.IonicToDo\UnitTests\bin\UnitTests.dll" adapterTypeName="executor://xunit/VsTestRunner2/net" className="UnitTests.Data.Entities.ItemTests" name="ItemPropertiesPersist" />
    </UnitTest>
    <UnitTest name="UnitTests.EntensionMethodTests.IQueryable_IsOrdered_Works(ordered: True, descending: False, lastOrder: False)" storage="d:\a\dnn.ionictodo\dnn.ionictodo\unittests\bin\unittests.dll" id="b72028ed-e29e-ac6a-9e2e-bf700facee4e">
      <Execution id="56f5e414-743b-4a51-81f6-22d768ce07df" />
      <TestMethod codeBase="D:\a\DNN.IonicToDo\DNN.IonicToDo\UnitTests\bin\UnitTests.dll" adapterTypeName="executor://xunit/VsTestRunner2/net" className="UnitTests.EntensionMethodTests" name="IQueryable_IsOrdered_Works" />
    </UnitTest>
  </TestDefinitions>
  <TestEntries>
    <TestEntry testId="6f0b47a1-9d18-a5d8-8dd1-c8f266712c15" executionId="8e96b180-178d-4cad-b21a-b1e931506a04" testListId="8c84fa94-04c1-424b-9868-57a2d4851a1d" />
    <TestEntry testId="b72028ed-e29e-ac6a-9e2e-bf700facee4e" executionId="56f5e414-743b-4a51-81f6-22d768ce07df" testListId="8c84fa94-04c1-424b-9868-57a2d4851a1d" />
    <TestEntry testId="315adde5-f36d-a74f-aa46-fb22a0f78cd9" executionId="b2346a9d-c665-45b2-bc74-16276f68a802" testListId="8c84fa94-04c1-424b-9868-57a2d4851a1d" />
    <TestEntry testId="1c164fbc-1ab1-9884-ccb8-9e84f4c977d0" executionId="6853f2cb-d2c0-455c-b544-22690fdbbd1d" testListId="8c84fa94-04c1-424b-9868-57a2d4851a1d" />
    <TestEntry testId="9207202d-19b8-8eb5-74dc-6aa5d849467c" executionId="aff0449e-aa02-441e-b8cd-866fa1832f76" testListId="8c84fa94-04c1-424b-9868-57a2d4851a1d" />
    <TestEntry testId="130d9133-361f-a0da-f15e-423eb98947ac" executionId="fb904d94-5aef-4079-96f1-8f3ec6e2c214" testListId="8c84fa94-04c1-424b-9868-57a2d4851a1d" />
    <TestEntry testId="392ed628-2028-c945-b97e-893658a1e82b" executionId="60aff38f-81b3-4de0-a4db-409792eb7b9c" testListId="8c84fa94-04c1-424b-9868-57a2d4851a1d" />
    <TestEntry testId="e4f8faa7-d0ad-86e6-1579-7bd52372b4c3" executionId="8816ac65-8f29-44f2-9f98-597c891a60dd" testListId="8c84fa94-04c1-424b-9868-57a2d4851a1d" />
    <TestEntry testId="d15ea2a7-9f9f-b92b-50fa-470898da705d" executionId="8c57aa58-149b-46d3-95a9-590fd5dbf4c2" testListId="8c84fa94-04c1-424b-9868-57a2d4851a1d" />
    <TestEntry testId="61a8ccc9-c5b1-047b-3c97-f777ccc7d30b" executionId="8c1a75b9-58bc-494a-9394-242989792bf1" testListId="8c84fa94-04c1-424b-9868-57a2d4851a1d" />
    <TestEntry testId="96a18501-dea4-70b1-d572-baa1bb120da2" executionId="14ba6f31-b59a-4e0c-8a94-17e8f76788fd" testListId="8c84fa94-04c1-424b-9868-57a2d4851a1d" />
    <TestEntry testId="b80893de-3e2d-6029-ec19-65c03fd119c3" executionId="a2527844-be54-4e89-9a2d-4c8b1b30a57c" testListId="8c84fa94-04c1-424b-9868-57a2d4851a1d" />
    <TestEntry testId="a21637b0-54f8-4fa0-bc3b-95481a9fd90b" executionId="7c08702e-df88-42b1-9b3f-36ea6fb1ea82" testListId="8c84fa94-04c1-424b-9868-57a2d4851a1d" />
    <TestEntry testId="ac2a99ba-3563-74a9-7d4c-8e91a58cd097" executionId="957fe1a2-a997-4844-8697-c4ad62e5a5f3" testListId="8c84fa94-04c1-424b-9868-57a2d4851a1d" />
    <TestEntry testId="e55f1742-c16d-5086-2251-ad3372dd48f5" executionId="40eb0e7e-c9a7-4211-9b0a-6550f4d85932" testListId="8c84fa94-04c1-424b-9868-57a2d4851a1d" />
    <TestEntry testId="a21637b0-54f8-4fa0-bc3b-95481a9fd90b" executionId="17df63ab-7478-49d6-8362-6c5e11ffed1a" testListId="8c84fa94-04c1-424b-9868-57a2d4851a1d" />
    <TestEntry testId="24cfa8b0-48c3-8aab-e4c2-88694c220e2c" executionId="6762b14c-3171-4051-b7c8-505cb6f9c5b0" testListId="8c84fa94-04c1-424b-9868-57a2d4851a1d" />
    <TestEntry testId="0bc54975-0bff-692e-a9b3-fc69f2c95a39" executionId="bd0d51ed-e75f-4eb7-8f59-729fed902013" testListId="8c84fa94-04c1-424b-9868-57a2d4851a1d" />
    <TestEntry testId="2aef35a8-73ad-0c03-c8a4-2b5a1d37af8f" executionId="74b92484-357a-44b6-a275-ba519cf6e65f" testListId="8c84fa94-04c1-424b-9868-57a2d4851a1d" />
    <TestEntry testId="a9198ad3-782e-a37c-0b5f-1330f5318f55" executionId="c5156402-5ff9-4520-b8f6-c88cd4f3c8ab" testListId="8c84fa94-04c1-424b-9868-57a2d4851a1d" />
    <TestEntry testId="95a0a379-a9bd-3d99-f720-e626260de7f6" executionId="6906201f-1d51-4e98-ba7e-dc8eeb80865d" testListId="8c84fa94-04c1-424b-9868-57a2d4851a1d" />
    <TestEntry testId="a21637b0-54f8-4fa0-bc3b-95481a9fd90b" executionId="f4b23244-1b88-4df7-8919-5ed25734f6a3" testListId="8c84fa94-04c1-424b-9868-57a2d4851a1d" />
    <TestEntry testId="19b6234c-c2df-2304-54f9-54b0da4cd6ba" executionId="30ab8b7f-1e1a-4190-8c3c-efd424c36c8e" testListId="8c84fa94-04c1-424b-9868-57a2d4851a1d" />
    <TestEntry testId="7e661283-b2b2-d632-266b-6af1f3374c08" executionId="dc350a4e-13f2-4572-be81-75bb83f7743a" testListId="8c84fa94-04c1-424b-9868-57a2d4851a1d" />
    <TestEntry testId="5f92ec4d-d570-0452-b891-d4cee75db9dd" executionId="53eb7f8b-1508-49b1-904d-14d5dacab729" testListId="8c84fa94-04c1-424b-9868-57a2d4851a1d" />
    <TestEntry testId="263c08b1-704a-f3c2-309e-6dee831dbdc9" executionId="0f05f54e-b889-41e8-906f-6ddde93afdd1" testListId="8c84fa94-04c1-424b-9868-57a2d4851a1d" />
    <TestEntry testId="0864c31d-6119-84d6-7f52-9d349dabbe84" executionId="716b0fc6-a11a-4a20-92a4-b58e7397b934" testListId="8c84fa94-04c1-424b-9868-57a2d4851a1d" />
    <TestEntry testId="73fc5149-51d6-8241-9c9f-f48c28e448e3" executionId="b7eb459d-46da-4bab-a1fc-4dc6ed473679" testListId="8c84fa94-04c1-424b-9868-57a2d4851a1d" />
    <TestEntry testId="588a2c1b-7788-beb2-ade0-06788d455d25" executionId="5412538c-db04-447a-bfe0-6f9b0527b77f" testListId="8c84fa94-04c1-424b-9868-57a2d4851a1d" />
    <TestEntry testId="168fc980-36e3-101b-62b1-f5ab71e9fc0d" executionId="2ec76269-6d7c-4fc6-9506-450981a17292" testListId="8c84fa94-04c1-424b-9868-57a2d4851a1d" />
    <TestEntry testId="bae3532a-4a9e-c4ab-fc66-4dfa22d16170" executionId="a43ef366-6fb3-4aee-8fed-249696393c33" testListId="8c84fa94-04c1-424b-9868-57a2d4851a1d" />
    <TestEntry testId="1b051fa0-d4cc-1b32-80bb-d56b714e3066" executionId="40f78dd9-3b20-4c47-aeea-2a9dc76dfb80" testListId="8c84fa94-04c1-424b-9868-57a2d4851a1d" />
    <TestEntry testId="d1c63cb7-1f9a-a8bf-a217-a4cbb4e5f73b" executionId="3a344dfa-9a5b-4564-a35f-0509d760e1a6" testListId="8c84fa94-04c1-424b-9868-57a2d4851a1d" />
    <TestEntry testId="1a74e347-4470-5271-97ab-1ebaf8693270" executionId="19648e0e-25d3-430b-8d95-ededc31cd8ef" testListId="8c84fa94-04c1-424b-9868-57a2d4851a1d" />
    <TestEntry testId="ffe5c770-9b99-42c0-ce21-7e50cccf4385" executionId="bbde613c-286b-4c25-9885-9483365edea2" testListId="8c84fa94-04c1-424b-9868-57a2d4851a1d" />
    <TestEntry testId="4fe0dd0f-2fa0-9c42-e816-a6df28150b72" executionId="26a5d71e-5564-483b-b669-9e7ea92e126b" testListId="8c84fa94-04c1-424b-9868-57a2d4851a1d" />
    <TestEntry testId="2d3a68b5-bf4c-0513-b733-5ed612794244" executionId="ec9239c3-0e03-42e8-a388-be7f2aae6579" testListId="8c84fa94-04c1-424b-9868-57a2d4851a1d" />
    <TestEntry testId="0dc5a512-bfd0-bc80-f676-16e6d961ec4d" executionId="6b76e6e3-abea-4f57-a8df-def217d2f470" testListId="8c84fa94-04c1-424b-9868-57a2d4851a1d" />
    <TestEntry testId="a21637b0-54f8-4fa0-bc3b-95481a9fd90b" executionId="2963071f-84eb-495f-a5d5-0b4a3659d40d" testListId="8c84fa94-04c1-424b-9868-57a2d4851a1d" />
    <TestEntry testId="8ba31d1b-48e3-e04e-cff0-b927c63b4a19" executionId="4f58feea-a4d0-4aba-a547-fdca4592ccd4" testListId="8c84fa94-04c1-424b-9868-57a2d4851a1d" />
    <TestEntry testId="3cbfa5d3-e0f6-eff8-ed5c-556fa1f3e131" executionId="417daf04-f213-42e6-81ea-d3a48c20415f" testListId="8c84fa94-04c1-424b-9868-57a2d4851a1d" />
    <TestEntry testId="113f48ce-a6a3-c5df-7589-ba5a5fcb9c59" executionId="d2e82cca-9718-4e33-b8d9-fb1470969c0e" testListId="8c84fa94-04c1-424b-9868-57a2d4851a1d" />
    <TestEntry testId="f5652070-1b22-f5a7-3f3f-68b37c9184a8" executionId="9aacdcfb-faf3-4d25-9e34-2a484f70d0fe" testListId="8c84fa94-04c1-424b-9868-57a2d4851a1d" />
    <TestEntry testId="2695f427-ed7b-9f97-5696-f97a7702128c" executionId="f6cd13bd-f09b-4215-9b93-63d7e7ec04b4" testListId="8c84fa94-04c1-424b-9868-57a2d4851a1d" />
    <TestEntry testId="92b7b9f6-1294-7ea1-ffa3-91fba85074d4" executionId="47d5b128-4734-4a20-91f8-899bbef72dd2" testListId="8c84fa94-04c1-424b-9868-57a2d4851a1d" />
    <TestEntry testId="0247c7e7-7d1c-099b-2ac8-81a47ff2509a" executionId="9232ca1a-5e54-4189-a992-fb1888fc6f89" testListId="8c84fa94-04c1-424b-9868-57a2d4851a1d" />
    <TestEntry testId="9168bdef-a759-f4d6-b890-b643e17324cf" executionId="d4545f39-18b2-4548-8bfc-b08fa05e6df3" testListId="8c84fa94-04c1-424b-9868-57a2d4851a1d" />
    <TestEntry testId="d6094ca1-b65b-5133-f464-9f7d01f0d023" executionId="cc193d0d-fc38-4fdb-ab49-c18b81344f19" testListId="8c84fa94-04c1-424b-9868-57a2d4851a1d" />
    <TestEntry testId="d16880d7-fb44-f209-43d9-ba2e0e1875de" executionId="e572f892-a7d6-420d-a945-008dccdca6fc" testListId="8c84fa94-04c1-424b-9868-57a2d4851a1d" />
    <TestEntry testId="ae39aa62-5ff2-56e7-d00e-ef116d711d51" executionId="41b39396-13b6-4a4e-845c-0eb57a5c8cf7" testListId="8c84fa94-04c1-424b-9868-57a2d4851a1d" />
    <TestEntry testId="b76e01b1-6afe-f33b-c6a9-ea3347176509" executionId="e6f2b199-f7c0-4327-b82a-6aa8fc435626" testListId="8c84fa94-04c1-424b-9868-57a2d4851a1d" />
    <TestEntry testId="d5b75914-a4f0-1327-0212-c8781f6dfe81" executionId="3e8773e0-201e-48c7-b8f8-23aeb6eab4be" testListId="8c84fa94-04c1-424b-9868-57a2d4851a1d" />
    <TestEntry testId="986d7e6e-d04d-b204-b01c-fbb8f09c7774" executionId="9858f767-2dc2-4d0f-ba9d-14ad06960341" testListId="8c84fa94-04c1-424b-9868-57a2d4851a1d" />
    <TestEntry testId="f754f777-4449-23e8-f4ec-917f49117de2" executionId="de5aadcc-3e1e-4814-923f-8f96742813fd" testListId="8c84fa94-04c1-424b-9868-57a2d4851a1d" />
    <TestEntry testId="a21637b0-54f8-4fa0-bc3b-95481a9fd90b" executionId="14a544fd-5766-4d02-8203-c3263f3b4f26" testListId="8c84fa94-04c1-424b-9868-57a2d4851a1d" />
    <TestEntry testId="4bb697d7-9cb3-28c5-7c49-3e60c8ee823d" executionId="fdfc92d9-2a5c-4381-95ba-c513960cdc3d" testListId="8c84fa94-04c1-424b-9868-57a2d4851a1d" />
    <TestEntry testId="36689490-09d4-917f-648a-70dcfcfede10" executionId="dd24ca1c-4459-4525-965f-dfcfdcb195af" testListId="8c84fa94-04c1-424b-9868-57a2d4851a1d" />
    <TestEntry testId="0f141a30-05bd-f4ed-a627-d40adca6b3ca" executionId="883ed022-98a6-4864-8f1e-7519c47c0010" testListId="8c84fa94-04c1-424b-9868-57a2d4851a1d" />
    <TestEntry testId="a21637b0-54f8-4fa0-bc3b-95481a9fd90b" executionId="18cec23a-9297-4596-a4ee-3ac6e08aea70" testListId="8c84fa94-04c1-424b-9868-57a2d4851a1d" />
    <TestEntry testId="0ebf358f-9eac-9438-b418-9c6aa81a6377" executionId="8544688f-8f94-4787-a5dd-9344eedf5494" testListId="8c84fa94-04c1-424b-9868-57a2d4851a1d" />
    <TestEntry testId="3140ebc5-2430-06b3-4257-a6794b9b09ac" executionId="34105dd1-f75d-43da-834a-b3f691051774" testListId="8c84fa94-04c1-424b-9868-57a2d4851a1d" />
    <TestEntry testId="44b00d3a-bad7-aefd-141c-4a35b11463b2" executionId="4fab5e92-4701-4e91-8a84-4c42f719a141" testListId="8c84fa94-04c1-424b-9868-57a2d4851a1d" />
    <TestEntry testId="ac1c50bc-98fd-036f-fe0f-d46cb187f90e" executionId="d2953afa-de90-41eb-a293-35e10335dd26" testListId="8c84fa94-04c1-424b-9868-57a2d4851a1d" />
    <TestEntry testId="19223079-ea41-5691-855c-970af1a1e611" executionId="6cd4faf7-d5b8-4c63-a5e8-d6d81ca558b0" testListId="8c84fa94-04c1-424b-9868-57a2d4851a1d" />
    <TestEntry testId="ad3412e8-5f64-2020-a5b6-bd4cca8c3b7d" executionId="5466bf9e-280d-4554-b2b4-ca320fa62dec" testListId="8c84fa94-04c1-424b-9868-57a2d4851a1d" />
    <TestEntry testId="f46af852-6230-3d31-e31c-2959bffd491f" executionId="90068d60-1acc-43f7-a7ae-7e701535b793" testListId="8c84fa94-04c1-424b-9868-57a2d4851a1d" />
    <TestEntry testId="572fc310-4b67-9555-f147-153d39f2eb82" executionId="7cae5d56-51fd-4f4b-9f84-e6865a669226" testListId="8c84fa94-04c1-424b-9868-57a2d4851a1d" />
    <TestEntry testId="1017c6c1-9dd0-57dc-36e7-bb573d02562e" executionId="27f32383-0e8f-40fd-9877-4c78351a2e58" testListId="8c84fa94-04c1-424b-9868-57a2d4851a1d" />
    <TestEntry testId="e6610648-e456-1c64-d2b1-7e1242b871a8" executionId="0c2e36ba-c3b7-45c8-bf8e-16cbb31eda0f" testListId="8c84fa94-04c1-424b-9868-57a2d4851a1d" />
    <TestEntry testId="8bbc68bc-7714-d990-1480-dfaedaafbd62" executionId="5ba573c4-b71e-4048-8a1f-95ceaf8c9a28" testListId="8c84fa94-04c1-424b-9868-57a2d4851a1d" />
    <TestEntry testId="e6e0a140-85e7-6935-6160-ab95ecfd3c8a" executionId="29d72e4c-a483-4e7a-95e5-a335fb2fe291" testListId="8c84fa94-04c1-424b-9868-57a2d4851a1d" />
    <TestEntry testId="478b61ee-7d85-9dbe-985d-08c590f8666a" executionId="a5bfb090-419d-426e-8488-d940b0231dbc" testListId="8c84fa94-04c1-424b-9868-57a2d4851a1d" />
    <TestEntry testId="aec60494-3c2e-8ec9-f948-da5bb2043983" executionId="8f4989f1-cad4-4dc1-9268-8a1bdf5e66d7" testListId="8c84fa94-04c1-424b-9868-57a2d4851a1d" />
    <TestEntry testId="320e3c11-11d1-b3ef-0d2e-5e474f674ff1" executionId="96da5e54-44cf-488f-9820-664305f84511" testListId="8c84fa94-04c1-424b-9868-57a2d4851a1d" />
    <TestEntry testId="70ede014-c412-e387-bb98-e95b3b42090d" executionId="49fec79d-ffa6-4814-a14f-6c51226306f6" testListId="8c84fa94-04c1-424b-9868-57a2d4851a1d" />
    <TestEntry testId="e1c7f76f-6195-c844-23c0-304b47fbae66" executionId="af489d69-e8a4-43c2-afbd-863f9ebd01c1" testListId="8c84fa94-04c1-424b-9868-57a2d4851a1d" />
  </TestEntries>
  <TestLists>
    <TestList name="Results Not in a List" id="8c84fa94-04c1-424b-9868-57a2d4851a1d" />
    <TestList name="All Loaded Results" id="19431567-8539-422a-85d7-44ee4e166bda" />
  </TestLists>
  <ResultSummary outcome="Completed">
    <Counters total="76" executed="76" passed="76" failed="0" error="0" timeout="0" aborted="0" inconclusive="0" passedButRunAborted="0" notRunnable="0" notExecuted="0" disconnected="0" warning="0" completed="0" inProgress="0" pending="0" />
    <Output>
      <StdOut>[xUnit.net 00:00:00.00] xUnit.net VSTest Adapter v2.4.3+1b45f5407b (32-bit Desktop .NET 4.0.30319.42000)&#xD;
[xUnit.net 00:00:00.91]   Discovering: UnitTests&#xD;
[xUnit.net 00:00:01.11]   Discovered:  UnitTests&#xD;
[xUnit.net 00:00:01.12]   Starting:    UnitTests&#xD;
[xUnit.net 00:00:05.14]   Finished:    UnitTests&#xD;
</StdOut>
    </Output>
  </ResultSummary>
</TestRun>