<?xml version="1.0" encoding="utf-8"?>
<TestRun id="8fcbc779-7be0-4557-88f2-4bc798c34bcf" name="runneradmin@fv-az41-788 2022-01-21 00:13:45" runUser="fv-az41-788\runneradmin" xmlns="http://microsoft.com/schemas/VisualStudio/TeamTest/2010">
  <Times creation="2022-01-21T00:13:45.0914271+00:00" queuing="2022-01-21T00:13:45.0914275+00:00" start="2022-01-21T00:13:33.5130612+00:00" finish="2022-01-21T00:13:49.7451878+00:00" />
  <TestSettings name="default" id="400f4c3b-514b-45a6-a5b5-9e582ced9412">
    <Deployment runDeploymentRoot="runneradmin_fv-az41-788_2022-01-21_00_13_45" />
  </TestSettings>
  <Results>
    <UnitTestResult executionId="2ffb03e6-0667-450b-b694-1dc908654544" testId="06f0962d-466b-0634-113e-f3863f9b599c" testName="IntegrationTests.Controllers.ItemControllerTests.GetItemsPage_GetsProperPages(amount: 99, expectedPages: 10)" computerName="fv-az41-788" duration="00:00:00.0360000" startTime="2022-01-21T00:13:49.3251181+00:00" endTime="2022-01-21T00:13:49.3251181+00:00" testType="13cdc9d9-ddb5-4fa4-a97d-d965ccfc6d4b" outcome="Passed" testListId="8c84fa94-04c1-424b-9868-57a2d4851a1d" relativeResultsDirectory="2ffb03e6-0667-450b-b694-1dc908654544" />
    <UnitTestResult executionId="5bfc5436-d1e2-46d5-8c5b-b72fe37fad5b" testId="75b07048-5201-d631-649a-c012e65b7444" testName="IntegrationTests.Controllers.ItemControllerTests.GetItemsPage_Query_Filters(query: &quot;Name 10&quot;, expectedResults: 2)" computerName="fv-az41-788" duration="00:00:00.0510000" startTime="2022-01-21T00:13:49.2151062+00:00" endTime="2022-01-21T00:13:49.2151062+00:00" testType="13cdc9d9-ddb5-4fa4-a97d-d965ccfc6d4b" outcome="Passed" testListId="8c84fa94-04c1-424b-9868-57a2d4851a1d" relativeResultsDirectory="5bfc5436-d1e2-46d5-8c5b-b72fe37fad5b" />
    <UnitTestResult executionId="36c6dc5c-8474-4377-afea-ff7b31686523" testId="35a21cfd-ad2b-b819-14e0-5151fe414a07" testName="IntegrationTests.Controllers.ItemControllerTests.GetItemsPage_GetsProperPages(amount: 101, expectedPages: 11)" computerName="fv-az41-788" duration="00:00:00.0270000" startTime="2022-01-21T00:13:49.3831216+00:00" endTime="2022-01-21T00:13:49.3831216+00:00" testType="13cdc9d9-ddb5-4fa4-a97d-d965ccfc6d4b" outcome="Passed" testListId="8c84fa94-04c1-424b-9868-57a2d4851a1d" relativeResultsDirectory="36c6dc5c-8474-4377-afea-ff7b31686523" />
    <UnitTestResult executionId="e8e938b2-097f-450d-9c8a-eb4f080992a8" testId="b5a2bbb3-e25b-0d71-cef7-0187c592a682" testName="IntegrationTests.Controllers.ItemControllerTests.GetItemsPage_Query_Filters(query: &quot;Name 100&quot;, expectedResults: 1)" computerName="fv-az41-788" duration="00:00:00.0330000" startTime="2022-01-21T00:13:49.1240954+00:00" endTime="2022-01-21T00:13:49.1240954+00:00" testType="13cdc9d9-ddb5-4fa4-a97d-d965ccfc6d4b" outcome="Passed" testListId="8c84fa94-04c1-424b-9868-57a2d4851a1d" relativeResultsDirectory="e8e938b2-097f-450d-9c8a-eb4f080992a8" />
    <UnitTestResult executionId="66df9af5-9f87-4f94-a6c7-88504b0cfdaa" testId="d18898e3-6995-0d27-8e53-1ced81186e2d" testName="IntegrationTests.Controllers.ItemControllerTests.GetItemsPage_PageSize0_DefaultsTo1" computerName="fv-az41-788" duration="00:00:00.0160000" startTime="2022-01-21T00:13:49.5511386+00:00" endTime="2022-01-21T00:13:49.5511386+00:00" testType="13cdc9d9-ddb5-4fa4-a97d-d965ccfc6d4b" outcome="Passed" testListId="8c84fa94-04c1-424b-9868-57a2d4851a1d" relativeResultsDirectory="66df9af5-9f87-4f94-a6c7-88504b0cfdaa" />
    <UnitTestResult executionId="080cf6ba-d9d4-4f38-b721-6ccc50d3cbba" testId="4fd078d7-61ec-6e3f-be79-cf322012a0cd" testName="IntegrationTests.Controllers.ItemControllerTests.GetItemsPage_SortsAscending" computerName="fv-az41-788" duration="00:00:05.5790000" startTime="2022-01-21T00:13:48.8445304+00:00" endTime="2022-01-21T00:13:48.8445304+00:00" testType="13cdc9d9-ddb5-4fa4-a97d-d965ccfc6d4b" outcome="Passed" testListId="8c84fa94-04c1-424b-9868-57a2d4851a1d" relativeResultsDirectory="080cf6ba-d9d4-4f38-b721-6ccc50d3cbba" />
    <UnitTestResult executionId="1841bb81-6186-4074-8a8f-39b1d77ab937" testId="31a1a77c-5b35-2c19-9bdc-0ee23e06e8f3" testName="IntegrationTests.Controllers.ItemControllerTests.GetItemsPage_GetsProperPages(amount: 10, expectedPages: 1)" computerName="fv-az41-788" duration="00:00:00.0140000" startTime="2022-01-21T00:13:49.3381185+00:00" endTime="2022-01-21T00:13:49.3381185+00:00" testType="13cdc9d9-ddb5-4fa4-a97d-d965ccfc6d4b" outcome="Passed" testListId="8c84fa94-04c1-424b-9868-57a2d4851a1d" relativeResultsDirectory="1841bb81-6186-4074-8a8f-39b1d77ab937" />
    <UnitTestResult executionId="c0b9913e-4ff8-4a10-9583-c3ce4a2156a4" testId="6274cd22-d848-61dd-8233-d29a2f361a38" testName="IntegrationTests.Controllers.ItemControllerTests.GetItemsPage_Query_Filters(query: &quot;Name 1&quot;, expectedResults: 12)" computerName="fv-az41-788" duration="00:00:00.0450000" startTime="2022-01-21T00:13:49.0525517+00:00" endTime="2022-01-21T00:13:49.0525517+00:00" testType="13cdc9d9-ddb5-4fa4-a97d-d965ccfc6d4b" outcome="Passed" testListId="8c84fa94-04c1-424b-9868-57a2d4851a1d" relativeResultsDirectory="c0b9913e-4ff8-4a10-9583-c3ce4a2156a4" />
    <UnitTestResult executionId="f24a6e50-b8b5-4824-adb8-d431043a5540" testId="945f4fce-c15e-e09c-9dbf-5879cde58a78" testName="IntegrationTests.Controllers.ItemControllerTests.GetItemsPage_Page0_DefaultsToPage1" computerName="fv-az41-788" duration="00:00:00.0120000" startTime="2022-01-21T00:13:49.4651308+00:00" endTime="2022-01-21T00:13:49.4651308+00:00" testType="13cdc9d9-ddb5-4fa4-a97d-d965ccfc6d4b" outcome="Passed" testListId="8c84fa94-04c1-424b-9868-57a2d4851a1d" relativeResultsDirectory="f24a6e50-b8b5-4824-adb8-d431043a5540" />
    <UnitTestResult executionId="672f728c-8940-4cd2-ab03-8eb7ca40e5f8" testId="1450a0ab-3596-66d8-8d08-6506bbe1f61b" testName="IntegrationTests.Controllers.ItemControllerTests.GetItemsPage_50Items_GetsProperly" computerName="fv-az41-788" duration="00:00:00.0360000" startTime="2022-01-21T00:13:49.2681115+00:00" endTime="2022-01-21T00:13:49.2681115+00:00" testType="13cdc9d9-ddb5-4fa4-a97d-d965ccfc6d4b" outcome="Passed" testListId="8c84fa94-04c1-424b-9868-57a2d4851a1d" relativeResultsDirectory="672f728c-8940-4cd2-ab03-8eb7ca40e5f8" />
    <UnitTestResult executionId="de23e571-cd6e-41c7-aeed-6bdcdfaec09c" testId="c6abb489-2666-fd84-85be-69873a4c76cc" testName="IntegrationTests.Controllers.ItemControllerTests.CreateItem_Creates(name: &quot;name1&quot;, description: &quot;description1&quot;)" computerName="fv-az41-788" duration="00:00:00.0060000" startTime="2022-01-21T00:13:49.2311086+00:00" endTime="2022-01-21T00:13:49.2311086+00:00" testType="13cdc9d9-ddb5-4fa4-a97d-d965ccfc6d4b" outcome="Passed" testListId="8c84fa94-04c1-424b-9868-57a2d4851a1d" relativeResultsDirectory="de23e571-cd6e-41c7-aeed-6bdcdfaec09c" />
    <UnitTestResult executionId="c577d582-75e3-4a93-bd39-d976009d67a3" testId="b2691cfb-5962-80d6-34ac-12efb31ff88e" testName="IntegrationTests.Controllers.ItemControllerTests.DeleteItem_Deletes" computerName="fv-az41-788" duration="00:00:00.0700000" startTime="2022-01-21T00:13:49.5351354+00:00" endTime="2022-01-21T00:13:49.5351354+00:00" testType="13cdc9d9-ddb5-4fa4-a97d-d965ccfc6d4b" outcome="Passed" testListId="8c84fa94-04c1-424b-9868-57a2d4851a1d" relativeResultsDirectory="c577d582-75e3-4a93-bd39-d976009d67a3" />
    <UnitTestResult executionId="2b7b22f3-acf8-4a16-b431-2dd0c7ffc42b" testId="3b96b54e-967c-6e8f-1ced-4ff4d8370be3" testName="IntegrationTests.Controllers.ItemControllerTests.GetItemsPage_Query_Filters(query: &quot;&quot;, expectedResults: 100)" computerName="fv-az41-788" duration="00:00:00.0460000" startTime="2022-01-21T00:13:48.8905371+00:00" endTime="2022-01-21T00:13:48.8905371+00:00" testType="13cdc9d9-ddb5-4fa4-a97d-d965ccfc6d4b" outcome="Passed" testListId="8c84fa94-04c1-424b-9868-57a2d4851a1d" relativeResultsDirectory="2b7b22f3-acf8-4a16-b431-2dd0c7ffc42b" />
    <UnitTestResult executionId="6aefd5df-b035-4212-8085-b0345392b0a4" testId="2f8521ee-e0ca-eac4-b453-aa86236fc9b9" testName="IntegrationTests.Controllers.ItemControllerTests.GetItemsPage_SortsDescending" computerName="fv-az41-788" duration="00:00:00.0120000" startTime="2022-01-21T00:13:49.5631411+00:00" endTime="2022-01-21T00:13:49.5631411+00:00" testType="13cdc9d9-ddb5-4fa4-a97d-d965ccfc6d4b" outcome="Passed" testListId="8c84fa94-04c1-424b-9868-57a2d4851a1d" relativeResultsDirectory="6aefd5df-b035-4212-8085-b0345392b0a4" />
    <UnitTestResult executionId="63f16059-b1e9-44cf-8b84-a58d4f8d70b5" testId="1ec97a71-0b29-f7c5-72ce-8cf48efa2e36" testName="IntegrationTests.Controllers.ItemControllerTests.CreateItem_Creates(name: &quot;name2&quot;, description: &quot;description2&quot;)" computerName="fv-az41-788" duration="00:00:00.0100000" startTime="2022-01-21T00:13:49.2251053+00:00" endTime="2022-01-21T00:13:49.2251053+00:00" testType="13cdc9d9-ddb5-4fa4-a97d-d965ccfc6d4b" outcome="Passed" testListId="8c84fa94-04c1-424b-9868-57a2d4851a1d" relativeResultsDirectory="63f16059-b1e9-44cf-8b84-a58d4f8d70b5" />
    <UnitTestResult executionId="22923243-7df7-4daf-9a0a-938e0e4e3e83" testId="c6d15831-7dbe-24e6-d39b-4f317a873a34" testName="IntegrationTests.Controllers.ItemControllerTests.GetItemsPage_GetsProperPages(amount: 1, expectedPages: 1)" computerName="fv-az41-788" duration="00:00:00.0160000" startTime="2022-01-21T00:13:49.2881105+00:00" endTime="2022-01-21T00:13:49.2881105+00:00" testType="13cdc9d9-ddb5-4fa4-a97d-d965ccfc6d4b" outcome="Passed" testListId="8c84fa94-04c1-424b-9868-57a2d4851a1d" relativeResultsDirectory="22923243-7df7-4daf-9a0a-938e0e4e3e83" />
    <UnitTestResult executionId="15b4d2f8-2270-4e85-a498-0ee0b7fd2d9c" testId="74f30272-fd7f-9b4e-507d-1c94cc60bb29" testName="IntegrationTests.Controllers.ItemControllerTests.GetItemsPage_Query_Filters(query: &quot;1&quot;, expectedResults: 20)" computerName="fv-az41-788" duration="00:00:00.1160000" startTime="2022-01-21T00:13:49.0065492+00:00" endTime="2022-01-21T00:13:49.0065492+00:00" testType="13cdc9d9-ddb5-4fa4-a97d-d965ccfc6d4b" outcome="Passed" testListId="8c84fa94-04c1-424b-9868-57a2d4851a1d" relativeResultsDirectory="15b4d2f8-2270-4e85-a498-0ee0b7fd2d9c" />
    <UnitTestResult executionId="556dd170-d6b9-4cce-bdcb-9787ee84d430" testId="9609bc3b-2435-1be2-e2f3-2c6b217c770c" testName="IntegrationTests.Controllers.ItemControllerTests.GetItemsPage_Query_Filters(query: &quot;Missing&quot;, expectedResults: 0)" computerName="fv-az41-788" duration="00:00:00.0410000" startTime="2022-01-21T00:13:49.0910896+00:00" endTime="2022-01-21T00:13:49.0910896+00:00" testType="13cdc9d9-ddb5-4fa4-a97d-d965ccfc6d4b" outcome="Passed" testListId="8c84fa94-04c1-424b-9868-57a2d4851a1d" relativeResultsDirectory="556dd170-d6b9-4cce-bdcb-9787ee84d430" />
    <UnitTestResult executionId="60de5fd1-8d29-436c-9a9c-2e11ae33c20e" testId="64ce4809-e3f8-8d8e-c808-2938f18aa4d4" testName="IntegrationTests.Controllers.ItemControllerTests.GetItemsPage_Query_Filters(query: &quot;Name 2&quot;, expectedResults: 11)" computerName="fv-az41-788" duration="00:00:00.0400000" startTime="2022-01-21T00:13:49.1641017+00:00" endTime="2022-01-21T00:13:49.1641017+00:00" testType="13cdc9d9-ddb5-4fa4-a97d-d965ccfc6d4b" outcome="Passed" testListId="8c84fa94-04c1-424b-9868-57a2d4851a1d" relativeResultsDirectory="60de5fd1-8d29-436c-9a9c-2e11ae33c20e" />
    <UnitTestResult executionId="bba575cc-a08f-4dee-8151-93019fee90cf" testId="fe1c9811-4463-ef95-5296-cdd71ab090b8" testName="IntegrationTests.Controllers.ItemControllerTests.DeleteItem_DeletesMissingItem" computerName="fv-az41-788" duration="00:00:00.0120000" startTime="2022-01-21T00:13:49.5741406+00:00" endTime="2022-01-21T00:13:49.5741406+00:00" testType="13cdc9d9-ddb5-4fa4-a97d-d965ccfc6d4b" outcome="Passed" testListId="8c84fa94-04c1-424b-9868-57a2d4851a1d" relativeResultsDirectory="bba575cc-a08f-4dee-8151-93019fee90cf" />
    <UnitTestResult executionId="605bfc64-ee8f-4b43-9aa0-b5cfaba281fd" testId="eb8cb345-7707-0e07-1566-f6a04ceb2670" testName="IntegrationTests.Controllers.ItemControllerTests.CanEdit_Defaults_To_False" computerName="fv-az41-788" duration="00:00:00.0050000" startTime="2022-01-21T00:13:49.2721096+00:00" endTime="2022-01-21T00:13:49.2721096+00:00" testType="13cdc9d9-ddb5-4fa4-a97d-d965ccfc6d4b" outcome="Passed" testListId="8c84fa94-04c1-424b-9868-57a2d4851a1d" relativeResultsDirectory="605bfc64-ee8f-4b43-9aa0-b5cfaba281fd" />
    <UnitTestResult executionId="99ceb7ed-ae9e-47a7-8529-4cca02d2ed01" testId="43169439-e722-3696-654b-e380ed8f351d" testName="IntegrationTests.Controllers.ItemControllerTests.EditItem_Saves" computerName="fv-az41-788" duration="00:00:00.0700000" startTime="2022-01-21T00:13:49.4531307+00:00" endTime="2022-01-21T00:13:49.4531307+00:00" testType="13cdc9d9-ddb5-4fa4-a97d-d965ccfc6d4b" outcome="Passed" testListId="8c84fa94-04c1-424b-9868-57a2d4851a1d" relativeResultsDirectory="99ceb7ed-ae9e-47a7-8529-4cca02d2ed01" />
    <UnitTestResult executionId="0b98d96c-4973-4686-8d27-01a301fe980c" testId="0a429b0b-08a8-36a6-5969-3c31a35cc366" testName="IntegrationTests.Controllers.ItemControllerTests.GetItemsPage_GetsProperPages(amount: 9, expectedPages: 1)" computerName="fv-az41-788" duration="00:00:00.0190000" startTime="2022-01-21T00:13:49.3571212+00:00" endTime="2022-01-21T00:13:49.3571212+00:00" testType="13cdc9d9-ddb5-4fa4-a97d-d965ccfc6d4b" outcome="Passed" testListId="8c84fa94-04c1-424b-9868-57a2d4851a1d" relativeResultsDirectory="0b98d96c-4973-4686-8d27-01a301fe980c" />
    <UnitTestResult executionId="63776323-febf-4fd6-94d5-c84ffdc64796" testId="69a7a014-6241-5f0a-e55d-960890e56595" testName="IntegrationTests.Controllers.ServiceRouteMapperTests.RegisterRoutes_RegistersAtLestOneRoute" computerName="fv-az41-788" duration="00:00:01.5960000" startTime="2022-01-21T00:13:44.9013806+00:00" endTime="2022-01-21T00:13:44.9013806+00:00" testType="13cdc9d9-ddb5-4fa4-a97d-d965ccfc6d4b" outcome="Passed" testListId="8c84fa94-04c1-424b-9868-57a2d4851a1d" relativeResultsDirectory="63776323-febf-4fd6-94d5-c84ffdc64796" />
  </Results>
  <TestDefinitions>
    <UnitTest name="IntegrationTests.Controllers.ItemControllerTests.GetItemsPage_Query_Filters(query: &quot;Name 10&quot;, expectedResults: 2)" storage="d:\a\dnn.ionictodo\dnn.ionictodo\integrationtests\bin\integrationtests.dll" id="75b07048-5201-d631-649a-c012e65b7444">
      <Execution id="5bfc5436-d1e2-46d5-8c5b-b72fe37fad5b" />
      <TestMethod codeBase="D:\a\DNN.IonicToDo\DNN.IonicToDo\IntegrationTests\bin\IntegrationTests.dll" adapterTypeName="executor://xunit/VsTestRunner2/net" className="IntegrationTests.Controllers.ItemControllerTests" name="GetItemsPage_Query_Filters" />
    </UnitTest>
    <UnitTest name="IntegrationTests.Controllers.ItemControllerTests.GetItemsPage_Query_Filters(query: &quot;1&quot;, expectedResults: 20)" storage="d:\a\dnn.ionictodo\dnn.ionictodo\integrationtests\bin\integrationtests.dll" id="74f30272-fd7f-9b4e-507d-1c94cc60bb29">
      <Execution id="15b4d2f8-2270-4e85-a498-0ee0b7fd2d9c" />
      <TestMethod codeBase="D:\a\DNN.IonicToDo\DNN.IonicToDo\IntegrationTests\bin\IntegrationTests.dll" adapterTypeName="executor://xunit/VsTestRunner2/net" className="IntegrationTests.Controllers.ItemControllerTests" name="GetItemsPage_Query_Filters" />
    </UnitTest>
    <UnitTest name="IntegrationTests.Controllers.ItemControllerTests.GetItemsPage_GetsProperPages(amount: 99, expectedPages: 10)" storage="d:\a\dnn.ionictodo\dnn.ionictodo\integrationtests\bin\integrationtests.dll" id="06f0962d-466b-0634-113e-f3863f9b599c">
      <Execution id="2ffb03e6-0667-450b-b694-1dc908654544" />
      <TestMethod codeBase="D:\a\DNN.IonicToDo\DNN.IonicToDo\IntegrationTests\bin\IntegrationTests.dll" adapterTypeName="executor://xunit/VsTestRunner2/net" className="IntegrationTests.Controllers.ItemControllerTests" name="GetItemsPage_GetsProperPages" />
    </UnitTest>
    <UnitTest name="IntegrationTests.Controllers.ItemControllerTests.DeleteItem_DeletesMissingItem" storage="d:\a\dnn.ionictodo\dnn.ionictodo\integrationtests\bin\integrationtests.dll" id="fe1c9811-4463-ef95-5296-cdd71ab090b8">
      <Execution id="bba575cc-a08f-4dee-8151-93019fee90cf" />
      <TestMethod codeBase="D:\a\DNN.IonicToDo\DNN.IonicToDo\IntegrationTests\bin\IntegrationTests.dll" adapterTypeName="executor://xunit/VsTestRunner2/net" className="IntegrationTests.Controllers.ItemControllerTests" name="DeleteItem_DeletesMissingItem" />
    </UnitTest>
    <UnitTest name="IntegrationTests.Controllers.ItemControllerTests.EditItem_Saves" storage="d:\a\dnn.ionictodo\dnn.ionictodo\integrationtests\bin\integrationtests.dll" id="43169439-e722-3696-654b-e380ed8f351d">
      <Execution id="99ceb7ed-ae9e-47a7-8529-4cca02d2ed01" />
      <TestMethod codeBase="D:\a\DNN.IonicToDo\DNN.IonicToDo\IntegrationTests\bin\IntegrationTests.dll" adapterTypeName="executor://xunit/VsTestRunner2/net" className="IntegrationTests.Controllers.ItemControllerTests" name="EditItem_Saves" />
    </UnitTest>
    <UnitTest name="IntegrationTests.Controllers.ItemControllerTests.CreateItem_Creates(name: &quot;name1&quot;, description: &quot;description1&quot;)" storage="d:\a\dnn.ionictodo\dnn.ionictodo\integrationtests\bin\integrationtests.dll" id="c6abb489-2666-fd84-85be-69873a4c76cc">
      <Execution id="de23e571-cd6e-41c7-aeed-6bdcdfaec09c" />
      <TestMethod codeBase="D:\a\DNN.IonicToDo\DNN.IonicToDo\IntegrationTests\bin\IntegrationTests.dll" adapterTypeName="executor://xunit/VsTestRunner2/net" className="IntegrationTests.Controllers.ItemControllerTests" name="CreateItem_Creates" />
    </UnitTest>
    <UnitTest name="IntegrationTests.Controllers.ItemControllerTests.GetItemsPage_Query_Filters(query: &quot;&quot;, expectedResults: 100)" storage="d:\a\dnn.ionictodo\dnn.ionictodo\integrationtests\bin\integrationtests.dll" id="3b96b54e-967c-6e8f-1ced-4ff4d8370be3">
      <Execution id="2b7b22f3-acf8-4a16-b431-2dd0c7ffc42b" />
      <TestMethod codeBase="D:\a\DNN.IonicToDo\DNN.IonicToDo\IntegrationTests\bin\IntegrationTests.dll" adapterTypeName="executor://xunit/VsTestRunner2/net" className="IntegrationTests.Controllers.ItemControllerTests" name="GetItemsPage_Query_Filters" />
    </UnitTest>
    <UnitTest name="IntegrationTests.Controllers.ItemControllerTests.GetItemsPage_SortsDescending" storage="d:\a\dnn.ionictodo\dnn.ionictodo\integrationtests\bin\integrationtests.dll" id="2f8521ee-e0ca-eac4-b453-aa86236fc9b9">
      <Execution id="6aefd5df-b035-4212-8085-b0345392b0a4" />
      <TestMethod codeBase="D:\a\DNN.IonicToDo\DNN.IonicToDo\IntegrationTests\bin\IntegrationTests.dll" adapterTypeName="executor://xunit/VsTestRunner2/net" className="IntegrationTests.Controllers.ItemControllerTests" name="GetItemsPage_SortsDescending" />
    </UnitTest>
    <UnitTest name="IntegrationTests.Controllers.ItemControllerTests.GetItemsPage_Page0_DefaultsToPage1" storage="d:\a\dnn.ionictodo\dnn.ionictodo\integrationtests\bin\integrationtests.dll" id="945f4fce-c15e-e09c-9dbf-5879cde58a78">
      <Execution id="f24a6e50-b8b5-4824-adb8-d431043a5540" />
      <TestMethod codeBase="D:\a\DNN.IonicToDo\DNN.IonicToDo\IntegrationTests\bin\IntegrationTests.dll" adapterTypeName="executor://xunit/VsTestRunner2/net" className="IntegrationTests.Controllers.ItemControllerTests" name="GetItemsPage_Page0_DefaultsToPage1" />
    </UnitTest>
    <UnitTest name="IntegrationTests.Controllers.ItemControllerTests.GetItemsPage_50Items_GetsProperly" storage="d:\a\dnn.ionictodo\dnn.ionictodo\integrationtests\bin\integrationtests.dll" id="1450a0ab-3596-66d8-8d08-6506bbe1f61b">
      <Execution id="672f728c-8940-4cd2-ab03-8eb7ca40e5f8" />
      <TestMethod codeBase="D:\a\DNN.IonicToDo\DNN.IonicToDo\IntegrationTests\bin\IntegrationTests.dll" adapterTypeName="executor://xunit/VsTestRunner2/net" className="IntegrationTests.Controllers.ItemControllerTests" name="GetItemsPage_50Items_GetsProperly" />
    </UnitTest>
    <UnitTest name="IntegrationTests.Controllers.ItemControllerTests.GetItemsPage_GetsProperPages(amount: 101, expectedPages: 11)" storage="d:\a\dnn.ionictodo\dnn.ionictodo\integrationtests\bin\integrationtests.dll" id="35a21cfd-ad2b-b819-14e0-5151fe414a07">
      <Execution id="36c6dc5c-8474-4377-afea-ff7b31686523" />
      <TestMethod codeBase="D:\a\DNN.IonicToDo\DNN.IonicToDo\IntegrationTests\bin\IntegrationTests.dll" adapterTypeName="executor://xunit/VsTestRunner2/net" className="IntegrationTests.Controllers.ItemControllerTests" name="GetItemsPage_GetsProperPages" />
    </UnitTest>
    <UnitTest name="IntegrationTests.Controllers.ItemControllerTests.GetItemsPage_GetsProperPages(amount: 1, expectedPages: 1)" storage="d:\a\dnn.ionictodo\dnn.ionictodo\integrationtests\bin\integrationtests.dll" id="c6d15831-7dbe-24e6-d39b-4f317a873a34">
      <Execution id="22923243-7df7-4daf-9a0a-938e0e4e3e83" />
      <TestMethod codeBase="D:\a\DNN.IonicToDo\DNN.IonicToDo\IntegrationTests\bin\IntegrationTests.dll" adapterTypeName="executor://xunit/VsTestRunner2/net" className="IntegrationTests.Controllers.ItemControllerTests" name="GetItemsPage_GetsProperPages" />
    </UnitTest>
    <UnitTest name="IntegrationTests.Controllers.ItemControllerTests.CreateItem_Creates(name: &quot;name2&quot;, description: &quot;description2&quot;)" storage="d:\a\dnn.ionictodo\dnn.ionictodo\integrationtests\bin\integrationtests.dll" id="1ec97a71-0b29-f7c5-72ce-8cf48efa2e36">
      <Execution id="63f16059-b1e9-44cf-8b84-a58d4f8d70b5" />
      <TestMethod codeBase="D:\a\DNN.IonicToDo\DNN.IonicToDo\IntegrationTests\bin\IntegrationTests.dll" adapterTypeName="executor://xunit/VsTestRunner2/net" className="IntegrationTests.Controllers.ItemControllerTests" name="CreateItem_Creates" />
    </UnitTest>
    <UnitTest name="IntegrationTests.Controllers.ItemControllerTests.GetItemsPage_SortsAscending" storage="d:\a\dnn.ionictodo\dnn.ionictodo\integrationtests\bin\integrationtests.dll" id="4fd078d7-61ec-6e3f-be79-cf322012a0cd">
      <Execution id="080cf6ba-d9d4-4f38-b721-6ccc50d3cbba" />
      <TestMethod codeBase="D:\a\DNN.IonicToDo\DNN.IonicToDo\IntegrationTests\bin\IntegrationTests.dll" adapterTypeName="executor://xunit/VsTestRunner2/net" className="IntegrationTests.Controllers.ItemControllerTests" name="GetItemsPage_SortsAscending" />
    </UnitTest>
    <UnitTest name="IntegrationTests.Controllers.ItemControllerTests.GetItemsPage_PageSize0_DefaultsTo1" storage="d:\a\dnn.ionictodo\dnn.ionictodo\integrationtests\bin\integrationtests.dll" id="d18898e3-6995-0d27-8e53-1ced81186e2d">
      <Execution id="66df9af5-9f87-4f94-a6c7-88504b0cfdaa" />
      <TestMethod codeBase="D:\a\DNN.IonicToDo\DNN.IonicToDo\IntegrationTests\bin\IntegrationTests.dll" adapterTypeName="executor://xunit/VsTestRunner2/net" className="IntegrationTests.Controllers.ItemControllerTests" name="GetItemsPage_PageSize0_DefaultsTo1" />
    </UnitTest>
    <UnitTest name="IntegrationTests.Controllers.ItemControllerTests.GetItemsPage_GetsProperPages(amount: 9, expectedPages: 1)" storage="d:\a\dnn.ionictodo\dnn.ionictodo\integrationtests\bin\integrationtests.dll" id="0a429b0b-08a8-36a6-5969-3c31a35cc366">
      <Execution id="0b98d96c-4973-4686-8d27-01a301fe980c" />
      <TestMethod codeBase="D:\a\DNN.IonicToDo\DNN.IonicToDo\IntegrationTests\bin\IntegrationTests.dll" adapterTypeName="executor://xunit/VsTestRunner2/net" className="IntegrationTests.Controllers.ItemControllerTests" name="GetItemsPage_GetsProperPages" />
    </UnitTest>
    <UnitTest name="IntegrationTests.Controllers.ItemControllerTests.GetItemsPage_GetsProperPages(amount: 10, expectedPages: 1)" storage="d:\a\dnn.ionictodo\dnn.ionictodo\integrationtests\bin\integrationtests.dll" id="31a1a77c-5b35-2c19-9bdc-0ee23e06e8f3">
      <Execution id="1841bb81-6186-4074-8a8f-39b1d77ab937" />
      <TestMethod codeBase="D:\a\DNN.IonicToDo\DNN.IonicToDo\IntegrationTests\bin\IntegrationTests.dll" adapterTypeName="executor://xunit/VsTestRunner2/net" className="IntegrationTests.Controllers.ItemControllerTests" name="GetItemsPage_GetsProperPages" />
    </UnitTest>
    <UnitTest name="IntegrationTests.Controllers.ItemControllerTests.GetItemsPage_Query_Filters(query: &quot;Missing&quot;, expectedResults: 0)" storage="d:\a\dnn.ionictodo\dnn.ionictodo\integrationtests\bin\integrationtests.dll" id="9609bc3b-2435-1be2-e2f3-2c6b217c770c">
      <Execution id="556dd170-d6b9-4cce-bdcb-9787ee84d430" />
      <TestMethod codeBase="D:\a\DNN.IonicToDo\DNN.IonicToDo\IntegrationTests\bin\IntegrationTests.dll" adapterTypeName="executor://xunit/VsTestRunner2/net" className="IntegrationTests.Controllers.ItemControllerTests" name="GetItemsPage_Query_Filters" />
    </UnitTest>
    <UnitTest name="IntegrationTests.Controllers.ItemControllerTests.DeleteItem_Deletes" storage="d:\a\dnn.ionictodo\dnn.ionictodo\integrationtests\bin\integrationtests.dll" id="b2691cfb-5962-80d6-34ac-12efb31ff88e">
      <Execution id="c577d582-75e3-4a93-bd39-d976009d67a3" />
      <TestMethod codeBase="D:\a\DNN.IonicToDo\DNN.IonicToDo\IntegrationTests\bin\IntegrationTests.dll" adapterTypeName="executor://xunit/VsTestRunner2/net" className="IntegrationTests.Controllers.ItemControllerTests" name="DeleteItem_Deletes" />
    </UnitTest>
    <UnitTest name="IntegrationTests.Controllers.ItemControllerTests.GetItemsPage_Query_Filters(query: &quot;Name 2&quot;, expectedResults: 11)" storage="d:\a\dnn.ionictodo\dnn.ionictodo\integrationtests\bin\integrationtests.dll" id="64ce4809-e3f8-8d8e-c808-2938f18aa4d4">
      <Execution id="60de5fd1-8d29-436c-9a9c-2e11ae33c20e" />
      <TestMethod codeBase="D:\a\DNN.IonicToDo\DNN.IonicToDo\IntegrationTests\bin\IntegrationTests.dll" adapterTypeName="executor://xunit/VsTestRunner2/net" className="IntegrationTests.Controllers.ItemControllerTests" name="GetItemsPage_Query_Filters" />
    </UnitTest>
    <UnitTest name="IntegrationTests.Controllers.ItemControllerTests.GetItemsPage_Query_Filters(query: &quot;Name 100&quot;, expectedResults: 1)" storage="d:\a\dnn.ionictodo\dnn.ionictodo\integrationtests\bin\integrationtests.dll" id="b5a2bbb3-e25b-0d71-cef7-0187c592a682">
      <Execution id="e8e938b2-097f-450d-9c8a-eb4f080992a8" />
      <TestMethod codeBase="D:\a\DNN.IonicToDo\DNN.IonicToDo\IntegrationTests\bin\IntegrationTests.dll" adapterTypeName="executor://xunit/VsTestRunner2/net" className="IntegrationTests.Controllers.ItemControllerTests" name="GetItemsPage_Query_Filters" />
    </UnitTest>
    <UnitTest name="IntegrationTests.Controllers.ServiceRouteMapperTests.RegisterRoutes_RegistersAtLestOneRoute" storage="d:\a\dnn.ionictodo\dnn.ionictodo\integrationtests\bin\integrationtests.dll" id="69a7a014-6241-5f0a-e55d-960890e56595">
      <Execution id="63776323-febf-4fd6-94d5-c84ffdc64796" />
      <TestMethod codeBase="D:\a\DNN.IonicToDo\DNN.IonicToDo\IntegrationTests\bin\IntegrationTests.dll" adapterTypeName="executor://xunit/VsTestRunner2/net" className="IntegrationTests.Controllers.ServiceRouteMapperTests" name="RegisterRoutes_RegistersAtLestOneRoute" />
    </UnitTest>
    <UnitTest name="IntegrationTests.Controllers.ItemControllerTests.GetItemsPage_Query_Filters(query: &quot;Name 1&quot;, expectedResults: 12)" storage="d:\a\dnn.ionictodo\dnn.ionictodo\integrationtests\bin\integrationtests.dll" id="6274cd22-d848-61dd-8233-d29a2f361a38">
      <Execution id="c0b9913e-4ff8-4a10-9583-c3ce4a2156a4" />
      <TestMethod codeBase="D:\a\DNN.IonicToDo\DNN.IonicToDo\IntegrationTests\bin\IntegrationTests.dll" adapterTypeName="executor://xunit/VsTestRunner2/net" className="IntegrationTests.Controllers.ItemControllerTests" name="GetItemsPage_Query_Filters" />
    </UnitTest>
    <UnitTest name="IntegrationTests.Controllers.ItemControllerTests.CanEdit_Defaults_To_False" storage="d:\a\dnn.ionictodo\dnn.ionictodo\integrationtests\bin\integrationtests.dll" id="eb8cb345-7707-0e07-1566-f6a04ceb2670">
      <Execution id="605bfc64-ee8f-4b43-9aa0-b5cfaba281fd" />
      <TestMethod codeBase="D:\a\DNN.IonicToDo\DNN.IonicToDo\IntegrationTests\bin\IntegrationTests.dll" adapterTypeName="executor://xunit/VsTestRunner2/net" className="IntegrationTests.Controllers.ItemControllerTests" name="CanEdit_Defaults_To_False" />
    </UnitTest>
  </TestDefinitions>
  <TestEntries>
    <TestEntry testId="06f0962d-466b-0634-113e-f3863f9b599c" executionId="2ffb03e6-0667-450b-b694-1dc908654544" testListId="8c84fa94-04c1-424b-9868-57a2d4851a1d" />
    <TestEntry testId="75b07048-5201-d631-649a-c012e65b7444" executionId="5bfc5436-d1e2-46d5-8c5b-b72fe37fad5b" testListId="8c84fa94-04c1-424b-9868-57a2d4851a1d" />
    <TestEntry testId="35a21cfd-ad2b-b819-14e0-5151fe414a07" executionId="36c6dc5c-8474-4377-afea-ff7b31686523" testListId="8c84fa94-04c1-424b-9868-57a2d4851a1d" />
    <TestEntry testId="b5a2bbb3-e25b-0d71-cef7-0187c592a682" executionId="e8e938b2-097f-450d-9c8a-eb4f080992a8" testListId="8c84fa94-04c1-424b-9868-57a2d4851a1d" />
    <TestEntry testId="d18898e3-6995-0d27-8e53-1ced81186e2d" executionId="66df9af5-9f87-4f94-a6c7-88504b0cfdaa" testListId="8c84fa94-04c1-424b-9868-57a2d4851a1d" />
    <TestEntry testId="4fd078d7-61ec-6e3f-be79-cf322012a0cd" executionId="080cf6ba-d9d4-4f38-b721-6ccc50d3cbba" testListId="8c84fa94-04c1-424b-9868-57a2d4851a1d" />
    <TestEntry testId="31a1a77c-5b35-2c19-9bdc-0ee23e06e8f3" executionId="1841bb81-6186-4074-8a8f-39b1d77ab937" testListId="8c84fa94-04c1-424b-9868-57a2d4851a1d" />
    <TestEntry testId="6274cd22-d848-61dd-8233-d29a2f361a38" executionId="c0b9913e-4ff8-4a10-9583-c3ce4a2156a4" testListId="8c84fa94-04c1-424b-9868-57a2d4851a1d" />
    <TestEntry testId="945f4fce-c15e-e09c-9dbf-5879cde58a78" executionId="f24a6e50-b8b5-4824-adb8-d431043a5540" testListId="8c84fa94-04c1-424b-9868-57a2d4851a1d" />
    <TestEntry testId="1450a0ab-3596-66d8-8d08-6506bbe1f61b" executionId="672f728c-8940-4cd2-ab03-8eb7ca40e5f8" testListId="8c84fa94-04c1-424b-9868-57a2d4851a1d" />
    <TestEntry testId="c6abb489-2666-fd84-85be-69873a4c76cc" executionId="de23e571-cd6e-41c7-aeed-6bdcdfaec09c" testListId="8c84fa94-04c1-424b-9868-57a2d4851a1d" />
    <TestEntry testId="b2691cfb-5962-80d6-34ac-12efb31ff88e" executionId="c577d582-75e3-4a93-bd39-d976009d67a3" testListId="8c84fa94-04c1-424b-9868-57a2d4851a1d" />
    <TestEntry testId="3b96b54e-967c-6e8f-1ced-4ff4d8370be3" executionId="2b7b22f3-acf8-4a16-b431-2dd0c7ffc42b" testListId="8c84fa94-04c1-424b-9868-57a2d4851a1d" />
    <TestEntry testId="2f8521ee-e0ca-eac4-b453-aa86236fc9b9" executionId="6aefd5df-b035-4212-8085-b0345392b0a4" testListId="8c84fa94-04c1-424b-9868-57a2d4851a1d" />
    <TestEntry testId="1ec97a71-0b29-f7c5-72ce-8cf48efa2e36" executionId="63f16059-b1e9-44cf-8b84-a58d4f8d70b5" testListId="8c84fa94-04c1-424b-9868-57a2d4851a1d" />
    <TestEntry testId="c6d15831-7dbe-24e6-d39b-4f317a873a34" executionId="22923243-7df7-4daf-9a0a-938e0e4e3e83" testListId="8c84fa94-04c1-424b-9868-57a2d4851a1d" />
    <TestEntry testId="74f30272-fd7f-9b4e-507d-1c94cc60bb29" executionId="15b4d2f8-2270-4e85-a498-0ee0b7fd2d9c" testListId="8c84fa94-04c1-424b-9868-57a2d4851a1d" />
    <TestEntry testId="9609bc3b-2435-1be2-e2f3-2c6b217c770c" executionId="556dd170-d6b9-4cce-bdcb-9787ee84d430" testListId="8c84fa94-04c1-424b-9868-57a2d4851a1d" />
    <TestEntry testId="64ce4809-e3f8-8d8e-c808-2938f18aa4d4" executionId="60de5fd1-8d29-436c-9a9c-2e11ae33c20e" testListId="8c84fa94-04c1-424b-9868-57a2d4851a1d" />
    <TestEntry testId="fe1c9811-4463-ef95-5296-cdd71ab090b8" executionId="bba575cc-a08f-4dee-8151-93019fee90cf" testListId="8c84fa94-04c1-424b-9868-57a2d4851a1d" />
    <TestEntry testId="eb8cb345-7707-0e07-1566-f6a04ceb2670" executionId="605bfc64-ee8f-4b43-9aa0-b5cfaba281fd" testListId="8c84fa94-04c1-424b-9868-57a2d4851a1d" />
    <TestEntry testId="43169439-e722-3696-654b-e380ed8f351d" executionId="99ceb7ed-ae9e-47a7-8529-4cca02d2ed01" testListId="8c84fa94-04c1-424b-9868-57a2d4851a1d" />
    <TestEntry testId="0a429b0b-08a8-36a6-5969-3c31a35cc366" executionId="0b98d96c-4973-4686-8d27-01a301fe980c" testListId="8c84fa94-04c1-424b-9868-57a2d4851a1d" />
    <TestEntry testId="69a7a014-6241-5f0a-e55d-960890e56595" executionId="63776323-febf-4fd6-94d5-c84ffdc64796" testListId="8c84fa94-04c1-424b-9868-57a2d4851a1d" />
  </TestEntries>
  <TestLists>
    <TestList name="Results Not in a List" id="8c84fa94-04c1-424b-9868-57a2d4851a1d" />
    <TestList name="All Loaded Results" id="19431567-8539-422a-85d7-44ee4e166bda" />
  </TestLists>
  <ResultSummary outcome="Completed">
    <Counters total="24" executed="24" passed="24" failed="0" error="0" timeout="0" aborted="0" inconclusive="0" passedButRunAborted="0" notRunnable="0" notExecuted="0" disconnected="0" warning="0" completed="0" inProgress="0" pending="0" />
    <Output>
      <StdOut>[xUnit.net 00:00:00.07] xUnit.net VSTest Adapter v2.4.3+1b45f5407b (32-bit Desktop .NET 4.0.30319.42000)&#xD;
[xUnit.net 00:00:01.27]   Discovering: IntegrationTests&#xD;
[xUnit.net 00:00:01.65]   Discovered:  IntegrationTests&#xD;
[xUnit.net 00:00:01.66]   Starting:    IntegrationTests&#xD;
[xUnit.net 00:00:08.19]   Finished:    IntegrationTests&#xD;
</StdOut>
    </Output>
  </ResultSummary>
</TestRun>